04-21 15:38:15.142   881  1553 E QMI_FW  : QCCI qmi_cci_xport_recv: txn not found. svc_id: 16
04-21 15:38:15.142   881   925 E LocSvc_ApiV02: setEmergencyExtensionWindowSync:7061] Error status = eLOC_CLIENT_FAILURE_INVALID_PARAMETER, ind..status = eQMI_LOC_SUCCESS_V02 
04-21 15:38:15.142   881   916 E LocSvc_APIClientBase: onCtrlCollectiveResponseCb:208] ERROR: 1 ID: 11
04-21 15:38:15.152  2486  2796 I chatty  : uid=1001(radio) Binder:2486_F expire 13 lines
04-21 15:38:15.224  1291  1291 I [GF_HAL]: [goodix_extCmd]receive MIUI cmd=10, param=0
04-21 15:38:15.224  1291  1291 I [GF_HAL]: [goodix_extCmd]HBM or Green Spot vanished
04-21 15:38:15.225     0     0 I msm-dsi-panel: [panel_disp_param_send_lock:4677] FOD backlight
04-21 15:38:15.225     0     0 I msm-dsi-panel: [panel_disp_param_send_lock:4680] FOD backlight restore last_bl_lvl=722, doze_state=0
04-21 15:38:15.250     0     0 I init    : Sending signal 9 to service 'idmap2d' (pid 1184) process group...
04-21 15:38:15.255  1431  1495 W OverlayManager: service 'idmap' died
04-21 15:38:15.258     0     0 I libprocessgroup: Successfully killed process cgroup uid 1000 pid 1184 in 7ms
04-21 15:38:15.259     0     0 I init    : Control message: Processed ctl.stop for 'idmap2d' from pid: 1431 (system_server)
04-21 15:38:15.260     0     0 I init    : Service 'idmap2d' (pid 1184) received signal 9
04-21 15:38:15.319   883   883 I SDM     : HWCDisplayBuiltIn::ProcessBootAnimCompleted: Applying default mode
04-21 15:38:15.321   883   883 I SDM     : DisplayBase::InitializeColorModes: Number of Color Modes = 9
04-21 15:38:15.337  1431  2316 I Telecom : PhoneAccountRegistrar: Modify account: [ComponentInfo{com.android.phone/com.android.services.telephony.TelephonyConnectionService}, ***, UserHandle{0}]: TSI.rPA@ADg
04-21 15:38:15.339  1431  2316 I Telecom : CallsManager: handlePhoneAccountChanged: phoneAccount=[[X] PhoneAccount: ComponentInfo{com.android.phone/com.android.services.telephony.TelephonyConnectionService}, ***, UserHandle{0} Capabilities: SuppVideo CallProvider MultiUser PlaceEmerg SimSub  Audio Routes: BESW Schemes: tel voicemail  Extras: Bundle[{android.telecom.extra.SUPPORTS_VIDEO_CALLING_FALLBACK=true, android.telecom.extra.SORT_ORDER=0}] GroupId: ***]: TSI.rPA@ADg
04-21 15:38:15.354  1431  2316 I Telecom : PhoneAccountRegistrar: New phone account registered: [[ ] PhoneAccount: ComponentInfo{com.android.phone/com.android.services.telephony.TelephonyConnectionService}, ***, UserHandle{0} Capabilities: SuppVideo CallProvider MultiUser PlaceEmerg SimSub  Audio Routes: BESW Schemes: tel voicemail  Extras: Bundle[{android.telecom.extra.SUPPORTS_VIDEO_CALLING_FALLBACK=true, android.telecom.extra.SORT_ORDER=1}] GroupId: ***]: TSI.rPA@ADk
04-21 15:38:15.357  1431  2316 I Telecom : CallsManager: Sending phone-account ComponentInfo{com.android.phone/com.android.services.telephony.TelephonyConnectionService}, ***, UserHandle{0} registered intent as user: TSI.rPA@ADk
04-21 15:38:15.357  1431  2316 I Telecom : CallsManager: Sending phone-account registered intent to default dialer: TSI.rPA@ADk
04-21 15:38:15.398  1431  2590 I Telecom : PhoneAccountRegistrar: Modify account: [ComponentInfo{com.android.phone/com.android.services.telephony.TelephonyConnectionService}, ***, UserHandle{0}]: TSI.rPA@ADs
04-21 15:38:15.401  1431  2590 I Telecom : CallsManager: handlePhoneAccountChanged: phoneAccount=[[X] PhoneAccount: ComponentInfo{com.android.phone/com.android.services.telephony.TelephonyConnectionService}, ***, UserHandle{0} Capabilities: SuppVideo CallProvider MultiUser PlaceEmerg SimSub  Audio Routes: BESW Schemes: tel voicemail  Extras: Bundle[{android.telecom.extra.SUPPORTS_VIDEO_CALLING_FALLBACK=true, android.telecom.extra.SORT_ORDER=0}] GroupId: ***]: TSI.rPA@ADs
04-21 15:38:15.413  1431  2590 I Telecom : PhoneAccountRegistrar: Modify account: [ComponentInfo{com.android.phone/com.android.services.telephony.TelephonyConnectionService}, ***, UserHandle{0}]: TSI.rPA@ADw
04-21 15:38:15.415  1431  2590 I Telecom : CallsManager: handlePhoneAccountChanged: phoneAccount=[[X] PhoneAccount: ComponentInfo{com.android.phone/com.android.services.telephony.TelephonyConnectionService}, ***, UserHandle{0} Capabilities: SuppVideo CallProvider MultiUser PlaceEmerg SimSub  Audio Routes: BESW Schemes: tel voicemail  Extras: Bundle[{android.telecom.extra.SUPPORTS_VIDEO_CALLING_FALLBACK=true, android.telecom.extra.SORT_ORDER=1}] GroupId: ***]: TSI.rPA@ADw
04-21 15:38:15.432  1431  2316 D ConnectivityService: requestNetwork for uid/pid:1001/2486 NetworkRequest [ TRACK_DEFAULT id=21, [ Capabilities: INTERNET&NOT_RESTRICTED&TRUSTED Uid: 1001 AdministratorUids: [] RequestorUid: 1001 RequestorPackageName: com.android.phone] ]
04-21 15:38:15.432  1431  1989 D ConnectivityService: NetReassign [no changes]
04-21 15:38:15.441  1431  1555 D CompatibilityChangeReporter: Compat change id reported: 135634846; UID 10187; state: DISABLED
04-21 15:38:15.442  1431  1556 D CompatibilityChangeReporter: Compat change id reported: 143937733; UID 10187; state: DISABLED
04-21 15:38:15.444  2040  2040 E USAP    : Attempt to invoke virtual method 'int com.android.internal.os.ZygoteCommandBuffer.getCount()' on a null object reference
04-21 15:38:15.468   816   816 D Zygote  : Forked child process 2799
04-21 15:38:15.471  2799  2799 I Zygote  : seccomp disabled by setenforce 0
04-21 15:38:15.472  1431  1556 I ActivityManager: Start proc 2799:com.android.dialer/u0a187 for broadcast {com.android.dialer/com.android.dialer.app.voicemail.LegacyVoicemailNotificationReceiver}
04-21 15:38:15.485  2799  2799 E .android.diale: Not starting debugger since process cannot load the jdwp agent.
04-21 15:38:15.492  2799  2799 W .android.diale: Core platform API violation: Ljava/lang/reflect/Field;->accessFlags:I from Landroid/os/Build; using reflection
04-21 15:38:15.512  2799  2799 D ApplicationLoaders: Returning zygote-cached class loader: /system/framework/android.test.base.jar
04-21 15:38:15.513  1431  2003 I Telecom : PhoneAccountRegistrar: Modify account: [ComponentInfo{com.android.phone/com.android.services.telephony.TelephonyConnectionService}, ***, UserHandle{0}]: TSI.rPA@AEI
04-21 15:38:15.519  1431  2003 I Telecom : CallsManager: handlePhoneAccountChanged: phoneAccount=[[X] PhoneAccount: ComponentInfo{com.android.phone/com.android.services.telephony.TelephonyConnectionService}, ***, UserHandle{0} Capabilities: SuppVideo CallProvider MultiUser PlaceEmerg SimSub  Audio Routes: BESW Schemes: tel voicemail  Extras: Bundle[{android.telecom.extra.SUPPORTS_VIDEO_CALLING_FALLBACK=true, android.telecom.extra.SORT_ORDER=0}] GroupId: ***]: TSI.rPA@AEI
04-21 15:38:15.541  1431  2590 I Telecom : PhoneAccountRegistrar: Modify account: [ComponentInfo{com.android.phone/com.android.services.telephony.TelephonyConnectionService}, ***, UserHandle{0}]: TSI.rPA@AEM
04-21 15:38:15.544  1431  2590 I Telecom : CallsManager: handlePhoneAccountChanged: phoneAccount=[[X] PhoneAccount: ComponentInfo{com.android.phone/com.android.services.telephony.TelephonyConnectionService}, ***, UserHandle{0} Capabilities: SuppVideo CallProvider MultiUser PlaceEmerg SimSub  Audio Routes: BESW Schemes: tel voicemail  Extras: Bundle[{android.telecom.extra.SUPPORTS_VIDEO_CALLING_FALLBACK=true, android.telecom.extra.SORT_ORDER=1}] GroupId: ***]: TSI.rPA@AEM
04-21 15:38:15.574  2799  2799 W ContextImpl: Failed to ensure /data/user/0/com.android.dialer/cache: mkdir failed: ENOENT (No such file or directory)
04-21 15:38:15.574  2799  2799 W ContextImpl: Failed to update user.inode_cache: stat failed: ENOENT (No such file or directory)
04-21 15:38:15.577  2799  2799 D NetworkSecurityConfig: No Network Security Config specified, using platform default
04-21 15:38:15.578  2799  2799 D NetworkSecurityConfig: No Network Security Config specified, using platform default
04-21 15:38:15.601  1431  2590 I Telecom : PhoneAccountRegistrar: Modify account: [ComponentInfo{com.android.phone/com.android.services.telephony.TelephonyConnectionService}, ***, UserHandle{0}]: TSI.rPA@AEk
04-21 15:38:15.603  1431  2590 I Telecom : CallsManager: handlePhoneAccountChanged: phoneAccount=[[X] PhoneAccount: ComponentInfo{com.android.phone/com.android.services.telephony.TelephonyConnectionService}, ***, UserHandle{0} Capabilities: SuppVideo CallProvider MultiUser PlaceEmerg SimSub  Audio Routes: BESW Schemes: tel voicemail  Extras: Bundle[{android.telecom.extra.SUPPORTS_VIDEO_CALLING_FALLBACK=true, android.telecom.extra.SORT_ORDER=0}] GroupId: ***]: TSI.rPA@AEk
04-21 15:38:15.609  2799  2799 I Dialer  : DialerExecutorModule.newThread - creating low priority thread
04-21 15:38:15.610  2799  2799 I Dialer  : DialerExecutorModule.newThread - creating low priority thread
04-21 15:38:15.611  2799  2820 I Dialer  : BlockedNumbersAutoMigrator - not attempting auto-migrate: device is locked
04-21 15:38:15.612  2799  2821 I Dialer  : CallRecordingAutoMigrator - not attempting auto-migrate: no storage permission
04-21 15:38:15.618  2799  2799 I Dialer  : DialerApplication.initializeAnnotatedCallLog - framework not enabled
04-21 15:38:15.620  2799  2823 W ContextImpl: Failed to ensure /data/user/0/com.android.dialer/cache: mkdir failed: ENOENT (No such file or directory)
04-21 15:38:15.621  2799  2823 W ContextImpl: Failed to update user.inode_cache: stat failed: ENOENT (No such file or directory)
04-21 15:38:15.624  1431  2590 I Telecom : PhoneAccountRegistrar: Modify account: [ComponentInfo{com.android.phone/com.android.services.telephony.TelephonyConnectionService}, ***, UserHandle{0}]: TSI.rPA@AEo
04-21 15:38:15.630  1431  2590 I Telecom : CallsManager: handlePhoneAccountChanged: phoneAccount=[[X] PhoneAccount: ComponentInfo{com.android.phone/com.android.services.telephony.TelephonyConnectionService}, ***, UserHandle{0} Capabilities: SuppVideo CallProvider MultiUser PlaceEmerg SimSub  Audio Routes: BESW Schemes: tel voicemail  Extras: Bundle[{android.telecom.extra.SUPPORTS_VIDEO_CALLING_FALLBACK=true, android.telecom.extra.SORT_ORDER=1}] GroupId: ***]: TSI.rPA@AEo
04-21 15:38:15.637  2799  2799 I Dialer  : LegacyVoicemailNotificationReceiver.onReceive - received legacy voicemail notification
04-21 15:38:15.637  2799  2799 I Dialer  : LegacyVoicemailNotificationReceiver.onReceive - isRefresh: false
04-21 15:38:15.638  2799  2799 I Dialer  : LegacyVoicemailNotificationReceiver.onReceive - clearing notification
04-21 15:38:15.639  2799  2799 I Dialer  : LegacyVoicemailNotifier.cancelNotification - enter
04-21 15:38:15.642  2799  2799 I Dialer  : LegacyVoicemailNotificationReceiver.onReceive - received legacy voicemail notification
04-21 15:38:15.642  2799  2799 I Dialer  : LegacyVoicemailNotificationReceiver.onReceive - isRefresh: true
04-21 15:38:15.642  2799  2799 I Dialer  : LegacyVoicemailNotificationReceiver.onReceive - clearing notification
04-21 15:38:15.642  2799  2799 I Dialer  : LegacyVoicemailNotifier.cancelNotification - enter
04-21 15:38:15.646  2799  2799 I Dialer  : LegacyVoicemailNotificationReceiver.onReceive - received legacy voicemail notification
04-21 15:38:15.646  2799  2799 I Dialer  : LegacyVoicemailNotificationReceiver.onReceive - isRefresh: true
04-21 15:38:15.646  2799  2799 I Dialer  : LegacyVoicemailNotificationReceiver.onReceive - clearing notification
04-21 15:38:15.646  2799  2799 I Dialer  : LegacyVoicemailNotifier.cancelNotification - enter
04-21 15:38:15.649  2799  2799 I Dialer  : LegacyVoicemailNotificationReceiver.onReceive - received legacy voicemail notification
04-21 15:38:15.649  2799  2799 I Dialer  : LegacyVoicemailNotificationReceiver.onReceive - isRefresh: true
04-21 15:38:15.649  2799  2799 I Dialer  : LegacyVoicemailNotificationReceiver.onReceive - clearing notification
04-21 15:38:15.649  2799  2799 I Dialer  : LegacyVoicemailNotifier.cancelNotification - enter
04-21 15:38:15.663  1431  2316 I Telecom : PhoneAccountRegistrar: Modify account: [ComponentInfo{com.android.phone/com.android.services.telephony.TelephonyConnectionService}, ***, UserHandle{0}]: TSI.rPA@AE8
04-21 15:38:15.665  1431  2316 I Telecom : CallsManager: handlePhoneAccountChanged: phoneAccount=[[X] PhoneAccount: ComponentInfo{com.android.phone/com.android.services.telephony.TelephonyConnectionService}, ***, UserHandle{0} Capabilities: SuppVideo CallProvider MultiUser PlaceEmerg SimSub  Audio Routes: BESW Schemes: tel voicemail  Extras: Bundle[{android.telecom.extra.SUPPORTS_VIDEO_CALLING_FALLBACK=true, android.telecom.extra.SORT_ORDER=0}] GroupId: ***]: TSI.rPA@AE8
04-21 15:38:15.682  1431  2316 I Telecom : PhoneAccountRegistrar: Modify account: [ComponentInfo{com.android.phone/com.android.services.telephony.TelephonyConnectionService}, ***, UserHandle{0}]: TSI.rPA@AFA
04-21 15:38:15.684  1431  2316 I Telecom : CallsManager: handlePhoneAccountChanged: phoneAccount=[[X] PhoneAccount: ComponentInfo{com.android.phone/com.android.services.telephony.TelephonyConnectionService}, ***, UserHandle{0} Capabilities: SuppVideo CallProvider MultiUser PlaceEmerg SimSub  Audio Routes: BESW Schemes: tel voicemail  Extras: Bundle[{android.telecom.extra.SUPPORTS_VIDEO_CALLING_FALLBACK=true, android.telecom.extra.SORT_ORDER=1}] GroupId: ***]: TSI.rPA@AFA
04-21 15:38:15.699  2799  2799 I Dialer  : LegacyVoicemailNotificationReceiver.onReceive - received legacy voicemail notification
04-21 15:38:15.699  2799  2799 I Dialer  : LegacyVoicemailNotificationReceiver.onReceive - isRefresh: true
04-21 15:38:15.700  2799  2799 I Dialer  : LegacyVoicemailNotificationReceiver.onReceive - clearing notification
04-21 15:38:15.700  2799  2799 I Dialer  : LegacyVoicemailNotifier.cancelNotification - enter
04-21 15:38:15.724  1431  2316 I Telecom : PhoneAccountRegistrar: Modify account: [ComponentInfo{com.android.phone/com.android.services.telephony.TelephonyConnectionService}, ***, UserHandle{0}]: TSI.rPA@AFQ
04-21 15:38:15.726  1431  2316 I Telecom : CallsManager: handlePhoneAccountChanged: phoneAccount=[[X] PhoneAccount: ComponentInfo{com.android.phone/com.android.services.telephony.TelephonyConnectionService}, ***, UserHandle{0} Capabilities: SuppVideo CallProvider MultiUser PlaceEmerg SimSub  Audio Routes: BESW Schemes: tel voicemail  Extras: Bundle[{android.telecom.extra.SUPPORTS_VIDEO_CALLING_FALLBACK=true, android.telecom.extra.SORT_ORDER=0}] GroupId: ***]: TSI.rPA@AFQ
04-21 15:38:15.739  1431  2316 I Telecom : PhoneAccountRegistrar: Modify account: [ComponentInfo{com.android.phone/com.android.services.telephony.TelephonyConnectionService}, ***, UserHandle{0}]: TSI.rPA@AFU
04-21 15:38:15.741  1431  2316 I Telecom : CallsManager: handlePhoneAccountChanged: phoneAccount=[[X] PhoneAccount: ComponentInfo{com.android.phone/com.android.services.telephony.TelephonyConnectionService}, ***, UserHandle{0} Capabilities: SuppVideo CallProvider MultiUser PlaceEmerg SimSub  Audio Routes: BESW Schemes: tel voicemail  Extras: Bundle[{android.telecom.extra.SUPPORTS_VIDEO_CALLING_FALLBACK=true, android.telecom.extra.SORT_ORDER=1}] GroupId: ***]: TSI.rPA@AFU
04-21 15:38:15.756  2799  2799 I Dialer  : LegacyVoicemailNotificationReceiver.onReceive - received legacy voicemail notification
04-21 15:38:15.756  2799  2799 I Dialer  : LegacyVoicemailNotificationReceiver.onReceive - isRefresh: true
04-21 15:38:15.756  2799  2799 I Dialer  : LegacyVoicemailNotificationReceiver.onReceive - clearing notification
04-21 15:38:15.756  2799  2799 I Dialer  : LegacyVoicemailNotifier.cancelNotification - enter
04-21 15:38:15.778  1431  2590 I Telecom : PhoneAccountRegistrar: Modify account: [ComponentInfo{com.android.phone/com.android.services.telephony.TelephonyConnectionService}, ***, UserHandle{0}]: TSI.rPA@AFk
04-21 15:38:15.780  1431  2590 I Telecom : CallsManager: handlePhoneAccountChanged: phoneAccount=[[X] PhoneAccount: ComponentInfo{com.android.phone/com.android.services.telephony.TelephonyConnectionService}, ***, UserHandle{0} Capabilities: SuppVideo CallProvider MultiUser PlaceEmerg SimSub  Audio Routes: BESW Schemes: tel voicemail  Extras: Bundle[{android.telecom.extra.SUPPORTS_VIDEO_CALLING_FALLBACK=true, android.telecom.extra.SORT_ORDER=0}] GroupId: ***]: TSI.rPA@AFk
04-21 15:38:15.793  1431  2590 I Telecom : PhoneAccountRegistrar: Modify account: [ComponentInfo{com.android.phone/com.android.services.telephony.TelephonyConnectionService}, ***, UserHandle{0}]: TSI.rPA@AFo
04-21 15:38:15.796  1431  2590 I Telecom : CallsManager: handlePhoneAccountChanged: phoneAccount=[[X] PhoneAccount: ComponentInfo{com.android.phone/com.android.services.telephony.TelephonyConnectionService}, ***, UserHandle{0} Capabilities: SuppVideo CallProvider MultiUser PlaceEmerg SimSub  Audio Routes: BESW Schemes: tel voicemail  Extras: Bundle[{android.telecom.extra.SUPPORTS_VIDEO_CALLING_FALLBACK=true, android.telecom.extra.SORT_ORDER=1}] GroupId: ***]: TSI.rPA@AFo
04-21 15:38:15.809  2799  2799 I Dialer  : LegacyVoicemailNotificationReceiver.onReceive - received legacy voicemail notification
04-21 15:38:15.809  2799  2799 I Dialer  : LegacyVoicemailNotificationReceiver.onReceive - isRefresh: true
04-21 15:38:15.810  2799  2799 I Dialer  : LegacyVoicemailNotificationReceiver.onReceive - clearing notification
04-21 15:38:15.810  2799  2799 I Dialer  : LegacyVoicemailNotifier.cancelNotification - enter
04-21 15:38:15.816  2799  2799 I Dialer  : LegacyVoicemailNotificationReceiver.onReceive - received legacy voicemail notification
04-21 15:38:15.816  2799  2799 I Dialer  : LegacyVoicemailNotificationReceiver.onReceive - isRefresh: true
04-21 15:38:15.817  2799  2799 I Dialer  : LegacyVoicemailNotificationReceiver.onReceive - clearing notification
04-21 15:38:15.817  2799  2799 I Dialer  : LegacyVoicemailNotifier.cancelNotification - enter
04-21 15:38:15.845  1431  2590 I Telecom : PhoneAccountRegistrar: Modify account: [ComponentInfo{com.android.phone/com.android.services.telephony.TelephonyConnectionService}, ***, UserHandle{0}]: TSI.rPA@AGA
04-21 15:38:15.849  1431  2590 I Telecom : CallsManager: handlePhoneAccountChanged: phoneAccount=[[X] PhoneAccount: ComponentInfo{com.android.phone/com.android.services.telephony.TelephonyConnectionService}, ***, UserHandle{0} Capabilities: SuppVideo CallProvider MultiUser PlaceEmerg SimSub  Audio Routes: BESW Schemes: tel voicemail  Extras: Bundle[{android.telecom.extra.SUPPORTS_VIDEO_CALLING_FALLBACK=true, android.telecom.extra.SORT_ORDER=0}] GroupId: ***]: TSI.rPA@AGA
04-21 15:38:15.863  1431  2590 I Telecom : PhoneAccountRegistrar: Modify account: [ComponentInfo{com.android.phone/com.android.services.telephony.TelephonyConnectionService}, ***, UserHandle{0}]: TSI.rPA@AGE
04-21 15:38:15.866  1431  2590 I Telecom : CallsManager: handlePhoneAccountChanged: phoneAccount=[[X] PhoneAccount: ComponentInfo{com.android.phone/com.android.services.telephony.TelephonyConnectionService}, ***, UserHandle{0} Capabilities: SuppVideo CallProvider MultiUser PlaceEmerg SimSub  Audio Routes: BESW Schemes: tel voicemail  Extras: Bundle[{android.telecom.extra.SUPPORTS_VIDEO_CALLING_FALLBACK=true, android.telecom.extra.SORT_ORDER=1}] GroupId: ***]: TSI.rPA@AGE
04-21 15:38:15.876  2739  2739 D CellBroadcastReceiver: onReceive Intent { act=android.intent.action.SERVICE_STATE flg=0x1000010 cmp=com.android.cellbroadcastreceiver.module/com.android.cellbroadcastreceiver.CellBroadcastReceiver (has extras) }
04-21 15:38:15.902  2213  2213 D CdmaServiceCategoryProgramHandler: Idle: release wakelock
04-21 15:38:15.903  2213  2213 D CellBroadcastHandler: Idle: release wakelock
04-21 15:38:15.904  2213  2213 D GsmCellBroadcastHandler: Idle: release wakelock
04-21 15:38:15.915  1431  2590 I Telecom : PhoneAccountRegistrar: Modify account: [ComponentInfo{com.android.phone/com.android.services.telephony.TelephonyConnectionService}, ***, UserHandle{0}]: TSI.rPA@AGM
04-21 15:38:15.919  1431  2590 I Telecom : CallsManager: handlePhoneAccountChanged: phoneAccount=[[X] PhoneAccount: ComponentInfo{com.android.phone/com.android.services.telephony.TelephonyConnectionService}, ***, UserHandle{0} Capabilities: SuppVideo CallProvider MultiUser PlaceEmerg SimSub  Audio Routes: BESW Schemes: tel voicemail  Extras: Bundle[{android.telecom.extra.SUPPORTS_VIDEO_CALLING_FALLBACK=true, android.telecom.extra.SORT_ORDER=0}] GroupId: ***]: TSI.rPA@AGM
04-21 15:38:15.927     0     0 I init    : Service 'panel-info-sh' (pid 982) exited with status 0 oneshot service took 15.883000 seconds in background
04-21 15:38:15.927     0     0 I init    : Sending signal 9 to service 'panel-info-sh' (pid 982) process group...
04-21 15:38:15.928     0     0 I libprocessgroup: Successfully killed process cgroup uid 0 pid 982 in 0ms
04-21 15:38:15.934  1431  2590 I Telecom : PhoneAccountRegistrar: Modify account: [ComponentInfo{com.android.phone/com.android.services.telephony.TelephonyConnectionService}, ***, UserHandle{0}]: TSI.rPA@AGQ
04-21 15:38:15.937  1431  2590 I Telecom : CallsManager: handlePhoneAccountChanged: phoneAccount=[[X] PhoneAccount: ComponentInfo{com.android.phone/com.android.services.telephony.TelephonyConnectionService}, ***, UserHandle{0} Capabilities: SuppVideo CallProvider MultiUser PlaceEmerg SimSub  Audio Routes: BESW Schemes: tel voicemail  Extras: Bundle[{android.telecom.extra.SUPPORTS_VIDEO_CALLING_FALLBACK=true, android.telecom.extra.SORT_ORDER=1}] GroupId: ***]: TSI.rPA@AGQ
04-21 15:38:15.951  2799  2799 I Dialer  : LegacyVoicemailNotificationReceiver.onReceive - received legacy voicemail notification
04-21 15:38:15.951  2799  2799 I Dialer  : LegacyVoicemailNotificationReceiver.onReceive - isRefresh: true
04-21 15:38:15.951  2799  2799 I Dialer  : LegacyVoicemailNotificationReceiver.onReceive - clearing notification
04-21 15:38:15.951  2799  2799 I Dialer  : LegacyVoicemailNotifier.cancelNotification - enter
04-21 15:38:15.976  2739  2739 D CellBroadcastReceiver: onReceive Intent { act=android.intent.action.SERVICE_STATE flg=0x1000010 cmp=com.android.cellbroadcastreceiver.module/com.android.cellbroadcastreceiver.CellBroadcastReceiver (has extras) }
04-21 15:38:16.009  1431  2590 I Telecom : PhoneAccountRegistrar: Modify account: [ComponentInfo{com.android.phone/com.android.services.telephony.TelephonyConnectionService}, ***, UserHandle{0}]: TSI.rPA@AGg
04-21 15:38:16.012  1431  2590 I Telecom : CallsManager: handlePhoneAccountChanged: phoneAccount=[[X] PhoneAccount: ComponentInfo{com.android.phone/com.android.services.telephony.TelephonyConnectionService}, ***, UserHandle{0} Capabilities: SuppVideo CallProvider MultiUser PlaceEmerg SimSub  Audio Routes: BESW Schemes: tel voicemail  Extras: Bundle[{android.telecom.extra.SUPPORTS_VIDEO_CALLING_FALLBACK=true, android.telecom.extra.SORT_ORDER=0}] GroupId: ***]: TSI.rPA@AGg
04-21 15:38:16.037  1431  2316 I Telecom : PhoneAccountRegistrar: Modify account: [ComponentInfo{com.android.phone/com.android.services.telephony.TelephonyConnectionService}, ***, UserHandle{0}]: TSI.rPA@AGk
04-21 15:38:16.041  1431  2316 I Telecom : CallsManager: handlePhoneAccountChanged: phoneAccount=[[X] PhoneAccount: ComponentInfo{com.android.phone/com.android.services.telephony.TelephonyConnectionService}, ***, UserHandle{0} Capabilities: SuppVideo CallProvider MultiUser PlaceEmerg SimSub  Audio Routes: BESW Schemes: tel voicemail  Extras: Bundle[{android.telecom.extra.SUPPORTS_VIDEO_CALLING_FALLBACK=true, android.telecom.extra.SORT_ORDER=1}] GroupId: ***]: TSI.rPA@AGk
04-21 15:38:16.054  2799  2799 I Dialer  : LegacyVoicemailNotificationReceiver.onReceive - received legacy voicemail notification
04-21 15:38:16.054  2799  2799 I Dialer  : LegacyVoicemailNotificationReceiver.onReceive - isRefresh: true
04-21 15:38:16.054  2799  2799 I Dialer  : LegacyVoicemailNotificationReceiver.onReceive - clearing notification
04-21 15:38:16.054  2799  2799 I Dialer  : LegacyVoicemailNotifier.cancelNotification - enter
04-21 15:38:16.064  2799  2799 I Dialer  : LegacyVoicemailNotificationReceiver.onReceive - received legacy voicemail notification
04-21 15:38:16.064  2799  2799 I Dialer  : LegacyVoicemailNotificationReceiver.onReceive - isRefresh: true
04-21 15:38:16.064  2799  2799 I Dialer  : LegacyVoicemailNotificationReceiver.onReceive - clearing notification
04-21 15:38:16.064  2799  2799 I Dialer  : LegacyVoicemailNotifier.cancelNotification - enter
04-21 15:38:16.089  1431  2590 I Telecom : PhoneAccountRegistrar: Modify account: [ComponentInfo{com.android.phone/com.android.services.telephony.TelephonyConnectionService}, ***, UserHandle{0}]: TSI.rPA@AG8
04-21 15:38:16.092  1431  2590 I Telecom : CallsManager: handlePhoneAccountChanged: phoneAccount=[[X] PhoneAccount: ComponentInfo{com.android.phone/com.android.services.telephony.TelephonyConnectionService}, ***, UserHandle{0} Capabilities: SuppVideo CallProvider MultiUser PlaceEmerg SimSub  Audio Routes: BESW Schemes: tel voicemail  Extras: Bundle[{android.telecom.extra.SUPPORTS_VIDEO_CALLING_FALLBACK=true, android.telecom.extra.SORT_ORDER=0}] GroupId: ***]: TSI.rPA@AG8
04-21 15:38:16.120  1431  2316 I Telecom : PhoneAccountRegistrar: Modify account: [ComponentInfo{com.android.phone/com.android.services.telephony.TelephonyConnectionService}, ***, UserHandle{0}]: TSI.rPA@AHA
04-21 15:38:16.124  1431  2316 I Telecom : CallsManager: handlePhoneAccountChanged: phoneAccount=[[X] PhoneAccount: ComponentInfo{com.android.phone/com.android.services.telephony.TelephonyConnectionService}, ***, UserHandle{0} Capabilities: SuppVideo CallProvider MultiUser PlaceEmerg SimSub  Audio Routes: BESW Schemes: tel voicemail  Extras: Bundle[{android.telecom.extra.SUPPORTS_VIDEO_CALLING_FALLBACK=true, android.telecom.extra.SORT_ORDER=1}] GroupId: ***]: TSI.rPA@AHA
04-21 15:38:16.140  2799  2799 I Dialer  : LegacyVoicemailNotificationReceiver.onReceive - received legacy voicemail notification
04-21 15:38:16.140  2799  2799 I Dialer  : LegacyVoicemailNotificationReceiver.onReceive - isRefresh: false
04-21 15:38:16.140  2799  2799 I Dialer  : LegacyVoicemailNotificationReceiver.onReceive - clearing notification
04-21 15:38:16.140  2799  2799 I Dialer  : LegacyVoicemailNotifier.cancelNotification - enter
04-21 15:38:16.145  2799  2799 I Dialer  : LegacyVoicemailNotificationReceiver.onReceive - received legacy voicemail notification
04-21 15:38:16.145  2799  2799 I Dialer  : LegacyVoicemailNotificationReceiver.onReceive - isRefresh: true
04-21 15:38:16.145  2799  2799 I Dialer  : LegacyVoicemailNotificationReceiver.onReceive - clearing notification
04-21 15:38:16.145  2799  2799 I Dialer  : LegacyVoicemailNotifier.cancelNotification - enter
04-21 15:38:16.152  2799  2799 I Dialer  : LegacyVoicemailNotificationReceiver.onReceive - received legacy voicemail notification
04-21 15:38:16.152  2799  2799 I Dialer  : LegacyVoicemailNotificationReceiver.onReceive - isRefresh: true
04-21 15:38:16.152  2799  2799 I Dialer  : LegacyVoicemailNotificationReceiver.onReceive - clearing notification
04-21 15:38:16.152  2799  2799 I Dialer  : LegacyVoicemailNotifier.cancelNotification - enter
04-21 15:38:16.159  2799  2799 I Dialer  : LegacyVoicemailNotificationReceiver.onReceive - received legacy voicemail notification
04-21 15:38:16.159  2799  2799 I Dialer  : LegacyVoicemailNotificationReceiver.onReceive - isRefresh: true
04-21 15:38:16.160  2799  2799 I Dialer  : LegacyVoicemailNotificationReceiver.onReceive - clearing notification
04-21 15:38:16.160  2799  2799 I Dialer  : LegacyVoicemailNotifier.cancelNotification - enter
04-21 15:38:16.178  2108  2785 I chatty  : uid=1000(system) Binder:2108_7 expire 12 lines
04-21 15:38:16.270  2155  2155 I wpa_supplicant: wlan0: CTRL-EVENT-REGDOM-CHANGE init=USER type=COUNTRY alpha2=PT
04-21 15:38:16.271  2155  2155 I wpa_supplicant: p2p0: CTRL-EVENT-REGDOM-CHANGE init=DRIVER type=COUNTRY alpha2=PT
04-21 15:38:16.297  2739  2739 D CellBroadcastReceiver: onReceive Intent { act=android.intent.action.SERVICE_STATE flg=0x1000010 cmp=com.android.cellbroadcastreceiver.module/com.android.cellbroadcastreceiver.CellBroadcastReceiver (has extras) }
04-21 15:38:16.357  1431  2316 I Telecom : PhoneAccountRegistrar: Modify account: [ComponentInfo{com.android.phone/com.android.services.telephony.TelephonyConnectionService}, ***, UserHandle{0}]: TSI.rPA@AHo
04-21 15:38:16.362  1431  2316 I Telecom : CallsManager: handlePhoneAccountChanged: phoneAccount=[[X] PhoneAccount: ComponentInfo{com.android.phone/com.android.services.telephony.TelephonyConnectionService}, ***, UserHandle{0} Capabilities: SuppVideo CallProvider MultiUser PlaceEmerg SimSub  Audio Routes: BESW Schemes: tel voicemail  Extras: Bundle[{android.telecom.extra.SUPPORTS_VIDEO_CALLING_FALLBACK=true, android.telecom.extra.SORT_ORDER=0}] GroupId: ***]: TSI.rPA@AHo
04-21 15:38:16.391  1431  2316 I Telecom : PhoneAccountRegistrar: Modify account: [ComponentInfo{com.android.phone/com.android.services.telephony.TelephonyConnectionService}, ***, UserHandle{0}]: TSI.rPA@AHs
04-21 15:38:16.396  1431  2316 I Telecom : CallsManager: handlePhoneAccountChanged: phoneAccount=[[X] PhoneAccount: ComponentInfo{com.android.phone/com.android.services.telephony.TelephonyConnectionService}, ***, UserHandle{0} Capabilities: SuppVideo CallProvider MultiUser PlaceEmerg SimSub  Audio Routes: BESW Schemes: tel voicemail  Extras: Bundle[{android.telecom.extra.SUPPORTS_VIDEO_CALLING_FALLBACK=true, android.telecom.extra.SORT_ORDER=1}] GroupId: ***]: TSI.rPA@AHs
04-21 15:38:16.430  1431  2316 I Telecom : PhoneAccountRegistrar: Modify account: [ComponentInfo{com.android.phone/com.android.services.telephony.TelephonyConnectionService}, ***, UserHandle{0}]: TSI.rPA@AHw
04-21 15:38:16.434  1431  2316 I Telecom : CallsManager: handlePhoneAccountChanged: phoneAccount=[[X] PhoneAccount: ComponentInfo{com.android.phone/com.android.services.telephony.TelephonyConnectionService}, ***, UserHandle{0} Capabilities: SuppVideo CallProvider MultiUser PlaceEmerg SimSub  Audio Routes: BESW Schemes: tel voicemail  Extras: Bundle[{android.telecom.extra.SUPPORTS_VIDEO_CALLING_FALLBACK=true, android.telecom.extra.SORT_ORDER=0}] GroupId: ***]: TSI.rPA@AHw
04-21 15:38:16.458  1431  2590 I Telecom : PhoneAccountRegistrar: Modify account: [ComponentInfo{com.android.phone/com.android.services.telephony.TelephonyConnectionService}, ***, UserHandle{0}]: TSI.rPA@AH0
04-21 15:38:16.461  1431  2590 I Telecom : CallsManager: handlePhoneAccountChanged: phoneAccount=[[X] PhoneAccount: ComponentInfo{com.android.phone/com.android.services.telephony.TelephonyConnectionService}, ***, UserHandle{0} Capabilities: SuppVideo CallProvider MultiUser PlaceEmerg SimSub  Audio Routes: BESW Schemes: tel voicemail  Extras: Bundle[{android.telecom.extra.SUPPORTS_VIDEO_CALLING_FALLBACK=true, android.telecom.extra.SORT_ORDER=1}] GroupId: ***]: TSI.rPA@AH0
04-21 15:38:16.473  2799  2799 I Dialer  : LegacyVoicemailNotificationReceiver.onReceive - received legacy voicemail notification
04-21 15:38:16.473  2799  2799 I Dialer  : LegacyVoicemailNotificationReceiver.onReceive - isRefresh: true
04-21 15:38:16.473  2799  2799 I Dialer  : LegacyVoicemailNotificationReceiver.onReceive - clearing notification
04-21 15:38:16.473  2799  2799 I Dialer  : LegacyVoicemailNotifier.cancelNotification - enter
04-21 15:38:16.481  2799  2799 I Dialer  : LegacyVoicemailNotificationReceiver.onReceive - received legacy voicemail notification
04-21 15:38:16.481  2799  2799 I Dialer  : LegacyVoicemailNotificationReceiver.onReceive - isRefresh: true
04-21 15:38:16.482  2799  2799 I Dialer  : LegacyVoicemailNotificationReceiver.onReceive - clearing notification
04-21 15:38:16.482  2799  2799 I Dialer  : LegacyVoicemailNotifier.cancelNotification - enter
04-21 15:38:16.494  2739  2739 D CellBroadcastReceiver: onReceive Intent { act=android.telephony.action.CARRIER_CONFIG_CHANGED flg=0x15000010 cmp=com.android.cellbroadcastreceiver.module/com.android.cellbroadcastreceiver.CellBroadcastReceiver (has extras) }
04-21 15:38:16.494  2739  2739 D CellBroadcastReceiver: initializeSharedPreference
04-21 15:38:16.500  2739  2739 D CellBroadcastReceiver: Skip setting default values of shared preference.
04-21 15:38:16.502  2739  2739 D CellBroadcastReceiver: Default interval 0 did not change.
04-21 15:38:16.504  2739  2739 D CellBroadcastReceiver: disable launcher activity: com.android.cellbroadcastreceiver.CellBroadcastListLauncherActivity
04-21 15:38:16.505  2739  2739 D CellBroadcastReceiver: Start Cell Broadcast configuration.
04-21 15:38:16.523  1431  1431 I Telecom : PhoneAccountRegistrar: getSimCallManager: SimCallManager for subId 1 queried, returning: null: TSI.gSCMFU@AIM
04-21 15:38:16.523   881  1553 E QMI_FW  : QCCI qmi_cci_xport_recv: txn not found. svc_id: 16
04-21 15:38:16.523   881   925 E LocSvc_ApiV02: setEmergencyExtensionWindowSync:7061] Error status = eLOC_CLIENT_FAILURE_INVALID_PARAMETER, ind..status = eQMI_LOC_SUCCESS_V02 
04-21 15:38:16.524   881   916 E LocSvc_APIClientBase: onCtrlCollectiveResponseCb:208] ERROR: 1 ID: 18
04-21 15:38:16.526  1431  1431 D CompatibilityChangeReporter: Compat change id reported: 135634846; UID 10136; state: DISABLED
04-21 15:38:16.526  1431  1556 D CompatibilityChangeReporter: Compat change id reported: 143937733; UID 10136; state: ENABLED
04-21 15:38:16.531   893   893 D NxpHal  : phNxpNciHal_ioctl : enter - arg = 21
04-21 15:38:16.532   893   893 D NfccPowerTracker: NfccPowerTracker::ProcessCmd: Enter,Recieved len :4
04-21 15:38:16.532   893  2529 D NxpTml  : PN54X - Write requested.....
04-21 15:38:16.532   893  2529 D NxpTml  : PN54X - Invoking I2C Write.....
04-21 15:38:16.534     0     0 E i2c_geni 88c000.i2c: i2c error :-107
04-21 15:38:16.534     0     0 E nq-nci 1-0028: nfc_write: failed to write -107
04-21 15:38:16.535   893  2529 D NxpTml  : _i2c_write() errno : 5
04-21 15:38:16.535   893  2529 D NxpTml  : PN54X - Error in I2C Write.....
04-21 15:38:16.535   893  2529 D NxpTml  : PN54X - Posting Fresh Write message.....
04-21 15:38:16.535   893  2529 D NxpTml  : PN54X - Tml Writer Thread Running................
04-21 15:38:16.536   893  2532 D NxpHal  : write error status = 0x1ff
04-21 15:38:16.536   893   893 D NxpHal  : write_unlocked failed - PN54X Maybe in Standby Mode - Retry
04-21 15:38:16.546   893  2529 D NxpTml  : PN54X - Write requested.....
04-21 15:38:16.546   893  2529 D NxpTml  : PN54X - Invoking I2C Write.....
04-21 15:38:16.548   893  2528 D NxpTml  : PN54X - I2C Read successful.....
04-21 15:38:16.548   893  2528 D NxpTml  : Delay Read if write thread is busy
04-21 15:38:16.548   893  2529 D NxpNciX : len =   4 > 2F010101
04-21 15:38:16.548   893  2529 D NxpTml  : PN54X - I2C Write successful.....
04-21 15:38:16.548   893  2529 D NxpTml  : PN54X - Posting Fresh Write message.....
04-21 15:38:16.548   893  2529 D NxpTml  : PN54X - Tml Writer Thread Running................
04-21 15:38:16.548   893  2532 D NxpHal  : write successful status = 0x0
04-21 15:38:16.548   893   893 D NxpHal  : Response timer started
04-21 15:38:16.548   893   893 D NxpHal  : Waiting after ext cmd sent
04-21 15:38:16.550   893  2528 D NxpNciR : len =   4 > 4F010105
04-21 15:38:16.550   893  2528 D NxpTml  : PN54X - Posting read message.....
04-21 15:38:16.551   893  2532 D NxpHal  : read successful status = 0x0
04-21 15:38:16.551   893   893 D NxpHal  : Response timer stopped
04-21 15:38:16.551   893   893 D NxpHal  : Checking response
04-21 15:38:16.551   893   893 D NxpHal  : OMAPI COMMAND FAILURE : 0x5
04-21 15:38:16.551   893   893 D NxpHal  : phNxpNciHal_ioctl : exit - ret = 3
04-21 15:38:16.551   893  2528 D NxpTml  : PN54X - Read requested.....
04-21 15:38:16.551   893  2528 D NxpTml  : PN54X - Invoking I2C Read.....
04-21 15:38:16.557  1431  2590 I Telecom : PhoneAccountRegistrar: Modify account: [ComponentInfo{com.android.phone/com.android.services.telephony.TelephonyConnectionService}, ***, UserHandle{0}]: TSI.rPA@AIU
04-21 15:38:16.561   816   816 D Zygote  : Forked child process 2833
04-21 15:38:16.563  1431  2590 I Telecom : CallsManager: handlePhoneAccountChanged: phoneAccount=[[X] PhoneAccount: ComponentInfo{com.android.phone/com.android.services.telephony.TelephonyConnectionService}, ***, UserHandle{0} Capabilities: SuppVideo CallProvider MultiUser PlaceEmerg SimSub  Audio Routes: BESW Schemes: tel voicemail  Extras: Bundle[{android.telecom.extra.SUPPORTS_VIDEO_CALLING_FALLBACK=true, android.telecom.extra.SORT_ORDER=0}] GroupId: ***]: TSI.rPA@AIU
04-21 15:38:16.565  1431  1556 I ActivityManager: Start proc 2833:android.process.acore/u0a136 for content provider {com.android.providers.blockednumber/com.android.providers.blockednumber.BlockedNumberProvider}
04-21 15:38:16.568  2833  2833 I Zygote  : seccomp disabled by setenforce 0
04-21 15:38:16.576  2833  2833 E d.process.acor: Not starting debugger since process cannot load the jdwp agent.
04-21 15:38:16.580  2833  2833 W d.process.acor: Core platform API violation: Ljava/lang/reflect/Field;->accessFlags:I from Landroid/os/Build; using reflection
04-21 15:38:16.594  1431  2590 I Telecom : PhoneAccountRegistrar: Modify account: [ComponentInfo{com.android.phone/com.android.services.telephony.TelephonyConnectionService}, ***, UserHandle{0}]: TSI.rPA@AIY
04-21 15:38:16.600  1431  2590 I Telecom : CallsManager: handlePhoneAccountChanged: phoneAccount=[[X] PhoneAccount: ComponentInfo{com.android.phone/com.android.services.telephony.TelephonyConnectionService}, ***, UserHandle{0} Capabilities: SuppVideo CallProvider MultiUser PlaceEmerg SimSub  Audio Routes: BESW Schemes: tel voicemail  Extras: Bundle[{android.telecom.extra.SUPPORTS_VIDEO_CALLING_FALLBACK=true, android.telecom.extra.SORT_ORDER=1}] GroupId: ***]: TSI.rPA@AIY
04-21 15:38:16.621  2833  2833 D NetworkSecurityConfig: No Network Security Config specified, using platform default
04-21 15:38:16.621  2833  2833 D NetworkSecurityConfig: No Network Security Config specified, using platform default
04-21 15:38:16.650  1431  2590 I Telecom : PhoneAccountRegistrar: Modify account: [ComponentInfo{com.android.phone/com.android.services.telephony.TelephonyConnectionService}, ***, UserHandle{0}]: TSI.rPA@AIw
04-21 15:38:16.655  1431  2590 I Telecom : CallsManager: handlePhoneAccountChanged: phoneAccount=[[X] PhoneAccount: ComponentInfo{com.android.phone/com.android.services.telephony.TelephonyConnectionService}, ***, UserHandle{0} Capabilities: SuppVideo CallProvider MultiUser PlaceEmerg SimSub  Audio Routes: BESW Schemes: tel voicemail  Extras: Bundle[{android.telecom.extra.SUPPORTS_VIDEO_CALLING_FALLBACK=true, android.telecom.extra.SORT_ORDER=0}] GroupId: ***]: TSI.rPA@AIw
04-21 15:38:16.673  1431  1431 W Looper  : Slow dispatch took 150ms main h=android.app.ActivityThread$H c=android.app.-$$Lambda$LoadedApk$ReceiverDispatcher$Args$_BumDX2UKsnxLVrE6UJsJZkotuA@6478c9 m=0
04-21 15:38:16.716  1431  2316 I Telecom : PhoneAccountRegistrar: Modify account: [ComponentInfo{com.android.phone/com.android.services.telephony.TelephonyConnectionService}, ***, UserHandle{0}]: TSI.rPA@AI0
04-21 15:38:16.720  1431  2316 I Telecom : CallsManager: handlePhoneAccountChanged: phoneAccount=[[X] PhoneAccount: ComponentInfo{com.android.phone/com.android.services.telephony.TelephonyConnectionService}, ***, UserHandle{0} Capabilities: SuppVideo CallProvider MultiUser PlaceEmerg SimSub  Audio Routes: BESW Schemes: tel voicemail  Extras: Bundle[{android.telecom.extra.SUPPORTS_VIDEO_CALLING_FALLBACK=true, android.telecom.extra.SORT_ORDER=1}] GroupId: ***]: TSI.rPA@AI0
04-21 15:38:16.882  1431  2590 I Telecom : PhoneAccountRegistrar: Modify account: [ComponentInfo{com.android.phone/com.android.services.telephony.TelephonyConnectionService}, ***, UserHandle{0}]: TSI.rPA@AJM
04-21 15:38:16.889  1431  2590 I Telecom : CallsManager: handlePhoneAccountChanged: phoneAccount=[[X] PhoneAccount: ComponentInfo{com.android.phone/com.android.services.telephony.TelephonyConnectionService}, ***, UserHandle{0} Capabilities: SuppVideo CallProvider MultiUser PlaceEmerg SimSub  Audio Routes: BESW Schemes: tel voicemail  Extras: Bundle[{android.telecom.extra.SUPPORTS_VIDEO_CALLING_FALLBACK=true, android.telecom.extra.SORT_ORDER=0}] GroupId: ***]: TSI.rPA@AJM
04-21 15:38:16.931  1431  2590 I Telecom : PhoneAccountRegistrar: Modify account: [ComponentInfo{com.android.phone/com.android.services.telephony.TelephonyConnectionService}, ***, UserHandle{0}]: TSI.rPA@AJQ
04-21 15:38:16.939  1431  2590 I Telecom : CallsManager: handlePhoneAccountChanged: phoneAccount=[[X] PhoneAccount: ComponentInfo{com.android.phone/com.android.services.telephony.TelephonyConnectionService}, ***, UserHandle{0} Capabilities: SuppVideo CallProvider MultiUser PlaceEmerg SimSub  Audio Routes: BESW Schemes: tel voicemail  Extras: Bundle[{android.telecom.extra.SUPPORTS_VIDEO_CALLING_FALLBACK=true, android.telecom.extra.SORT_ORDER=1}] GroupId: ***]: TSI.rPA@AJQ
04-21 15:38:16.991  1431  1431 I Telecom : PhoneAccountRegistrar: getSimCallManager: SimCallManager for subId 1 queried, returning: null: TSI.gSCMFU@AJY
04-21 15:38:16.994   881  1553 E QMI_FW  : QCCI qmi_cci_xport_recv: txn not found. svc_id: 16
04-21 15:38:16.995   881   925 E LocSvc_ApiV02: setEmergencyExtensionWindowSync:7061] Error status = eLOC_CLIENT_FAILURE_INVALID_PARAMETER, ind..status = eQMI_LOC_SUCCESS_V02 
04-21 15:38:16.995   881   916 E LocSvc_APIClientBase: onCtrlCollectiveResponseCb:208] ERROR: 1 ID: 25
04-21 15:38:17.187  1431  2590 I Telecom : PhoneAccountRegistrar: Modify account: [ComponentInfo{com.android.phone/com.android.services.telephony.TelephonyConnectionService}, ***, UserHandle{0}]: TSI.rPA@AJg
04-21 15:38:17.190  1431  2590 I Telecom : CallsManager: handlePhoneAccountChanged: phoneAccount=[[X] PhoneAccount: ComponentInfo{com.android.phone/com.android.services.telephony.TelephonyConnectionService}, ***, UserHandle{0} Capabilities: SuppVideo CallProvider MultiUser PlaceEmerg SimSub  Audio Routes: BESW Schemes: tel voicemail  Extras: Bundle[{android.telecom.extra.SUPPORTS_VIDEO_CALLING_FALLBACK=true, android.telecom.extra.SORT_ORDER=0}] GroupId: ***]: TSI.rPA@AJg
04-21 15:38:17.206  1431  2590 I Telecom : PhoneAccountRegistrar: Modify account: [ComponentInfo{com.android.phone/com.android.services.telephony.TelephonyConnectionService}, ***, UserHandle{0}]: TSI.rPA@AJk
04-21 15:38:17.209  1431  2590 I Telecom : CallsManager: handlePhoneAccountChanged: phoneAccount=[[X] PhoneAccount: ComponentInfo{com.android.phone/com.android.services.telephony.TelephonyConnectionService}, ***, UserHandle{0} Capabilities: SuppVideo CallProvider MultiUser PlaceEmerg SimSub  Audio Routes: BESW Schemes: tel voicemail  Extras: Bundle[{android.telecom.extra.SUPPORTS_VIDEO_CALLING_FALLBACK=true, android.telecom.extra.SORT_ORDER=1}] GroupId: ***]: TSI.rPA@AJk
04-21 15:38:17.263  2799  2799 I Dialer  : LegacyVoicemailNotificationReceiver.onReceive - received legacy voicemail notification
04-21 15:38:17.263  2799  2799 I Dialer  : LegacyVoicemailNotificationReceiver.onReceive - isRefresh: true
04-21 15:38:17.263  2799  2799 I Dialer  : LegacyVoicemailNotificationReceiver.onReceive - clearing notification
04-21 15:38:17.263  2799  2799 I Dialer  : LegacyVoicemailNotifier.cancelNotification - enter
04-21 15:38:17.266  2799  2799 I Dialer  : LegacyVoicemailNotificationReceiver.onReceive - received legacy voicemail notification
04-21 15:38:17.267  2799  2799 I Dialer  : LegacyVoicemailNotificationReceiver.onReceive - isRefresh: true
04-21 15:38:17.267  2799  2799 I Dialer  : LegacyVoicemailNotificationReceiver.onReceive - clearing notification
04-21 15:38:17.267  2799  2799 I Dialer  : LegacyVoicemailNotifier.cancelNotification - enter
04-21 15:38:17.270  2799  2799 I Dialer  : LegacyVoicemailNotificationReceiver.onReceive - received legacy voicemail notification
04-21 15:38:17.271  2799  2799 I Dialer  : LegacyVoicemailNotificationReceiver.onReceive - isRefresh: true
04-21 15:38:17.271  2799  2799 I Dialer  : LegacyVoicemailNotificationReceiver.onReceive - clearing notification
04-21 15:38:17.271  2799  2799 I Dialer  : LegacyVoicemailNotifier.cancelNotification - enter
04-21 15:38:17.277  2799  2799 I Dialer  : LegacyVoicemailNotificationReceiver.onReceive - received legacy voicemail notification
04-21 15:38:17.277  2799  2799 I Dialer  : LegacyVoicemailNotificationReceiver.onReceive - isRefresh: true
04-21 15:38:17.277  2799  2799 I Dialer  : LegacyVoicemailNotificationReceiver.onReceive - clearing notification
04-21 15:38:17.278  2799  2799 I Dialer  : LegacyVoicemailNotifier.cancelNotification - enter
04-21 15:38:17.283  2739  2739 D CellBroadcastReceiver: onReceive Intent { act=android.telephony.action.CARRIER_CONFIG_CHANGED flg=0x15000010 cmp=com.android.cellbroadcastreceiver.module/com.android.cellbroadcastreceiver.CellBroadcastReceiver (has extras) }
04-21 15:38:17.283  2739  2739 D CellBroadcastReceiver: initializeSharedPreference
04-21 15:38:17.283  2739  2739 D CellBroadcastReceiver: Skip setting default values of shared preference.
04-21 15:38:17.283  2739  2739 D CellBroadcastReceiver: Default interval 0 did not change.
04-21 15:38:17.283  2739  2739 D CellBroadcastReceiver: disable launcher activity: com.android.cellbroadcastreceiver.CellBroadcastListLauncherActivity
04-21 15:38:17.284  2739  2739 D CellBroadcastReceiver: Start Cell Broadcast configuration.
04-21 15:38:17.325  2486  2638 I chatty  : uid=1001(radio) HwBinder:2486_1 expire 239 lines
04-21 15:38:17.382  2739  2739 D CellBroadcastReceiver: onReceive Intent { act=android.intent.action.SERVICE_STATE flg=0x1000010 cmp=com.android.cellbroadcastreceiver.module/com.android.cellbroadcastreceiver.CellBroadcastReceiver (has extras) }
04-21 15:38:17.585  2739  2739 D CellBroadcastReceiver: onReceive Intent { act=android.intent.action.SERVICE_STATE flg=0x1000010 cmp=com.android.cellbroadcastreceiver.module/com.android.cellbroadcastreceiver.CellBroadcastReceiver (has extras) }
04-21 15:38:17.622  2799  2799 I Dialer  : LegacyVoicemailNotificationReceiver.onReceive - received legacy voicemail notification
04-21 15:38:17.622  2799  2799 I Dialer  : LegacyVoicemailNotificationReceiver.onReceive - isRefresh: true
04-21 15:38:17.622  2799  2799 I Dialer  : LegacyVoicemailNotificationReceiver.onReceive - clearing notification
04-21 15:38:17.622  2799  2799 I Dialer  : LegacyVoicemailNotifier.cancelNotification - enter
04-21 15:38:17.632  2799  2799 I Dialer  : LegacyVoicemailNotificationReceiver.onReceive - received legacy voicemail notification
04-21 15:38:17.632  2799  2799 I Dialer  : LegacyVoicemailNotificationReceiver.onReceive - isRefresh: true
04-21 15:38:17.633  2799  2799 I Dialer  : LegacyVoicemailNotificationReceiver.onReceive - clearing notification
04-21 15:38:17.633  2799  2799 I Dialer  : LegacyVoicemailNotifier.cancelNotification - enter
04-21 15:38:17.654  1431  2590 I Telecom : PhoneAccountRegistrar: Modify account: [ComponentInfo{com.android.phone/com.android.services.telephony.TelephonyConnectionService}, ***, UserHandle{0}]: TSI.rPA@AJ4
04-21 15:38:17.656  1431  2590 I Telecom : CallsManager: handlePhoneAccountChanged: phoneAccount=[[X] PhoneAccount: ComponentInfo{com.android.phone/com.android.services.telephony.TelephonyConnectionService}, ***, UserHandle{0} Capabilities: SuppVideo CallProvider MultiUser PlaceEmerg SimSub  Audio Routes: BESW Schemes: tel voicemail  Extras: Bundle[{android.telecom.extra.SUPPORTS_VIDEO_CALLING_FALLBACK=true, android.telecom.extra.SORT_ORDER=0}] GroupId: ***]: TSI.rPA@AJ4
04-21 15:38:17.676  1431  2590 I Telecom : PhoneAccountRegistrar: Modify account: [ComponentInfo{com.android.phone/com.android.services.telephony.TelephonyConnectionService}, ***, UserHandle{0}]: TSI.rPA@AJ8
04-21 15:38:17.679  1431  2590 I Telecom : CallsManager: handlePhoneAccountChanged: phoneAccount=[[X] PhoneAccount: ComponentInfo{com.android.phone/com.android.services.telephony.TelephonyConnectionService}, ***, UserHandle{0} Capabilities: SuppVideo CallProvider MultiUser PlaceEmerg SimSub  Audio Routes: BESW Schemes: tel voicemail  Extras: Bundle[{android.telecom.extra.SUPPORTS_VIDEO_CALLING_FALLBACK=true, android.telecom.extra.SORT_ORDER=1}] GroupId: ***]: TSI.rPA@AJ8
04-21 15:38:17.706  1431  2590 I Telecom : PhoneAccountRegistrar: Modify account: [ComponentInfo{com.android.phone/com.android.services.telephony.TelephonyConnectionService}, ***, UserHandle{0}]: TSI.rPA@AKE
04-21 15:38:17.708  1431  2590 I Telecom : CallsManager: handlePhoneAccountChanged: phoneAccount=[[X] PhoneAccount: ComponentInfo{com.android.phone/com.android.services.telephony.TelephonyConnectionService}, ***, UserHandle{0} Capabilities: SuppVideo CallProvider MultiUser PlaceEmerg SimSub  Audio Routes: BESW Schemes: tel voicemail  Extras: Bundle[{android.telecom.extra.SUPPORTS_VIDEO_CALLING_FALLBACK=true, android.telecom.extra.SORT_ORDER=0}] GroupId: ***]: TSI.rPA@AKE
04-21 15:38:17.729  1431  2590 I Telecom : PhoneAccountRegistrar: Modify account: [ComponentInfo{com.android.phone/com.android.services.telephony.TelephonyConnectionService}, ***, UserHandle{0}]: TSI.rPA@AKI
04-21 15:38:17.732  1431  2590 I Telecom : CallsManager: handlePhoneAccountChanged: phoneAccount=[[X] PhoneAccount: ComponentInfo{com.android.phone/com.android.services.telephony.TelephonyConnectionService}, ***, UserHandle{0} Capabilities: SuppVideo CallProvider MultiUser PlaceEmerg SimSub  Audio Routes: BESW Schemes: tel voicemail  Extras: Bundle[{android.telecom.extra.SUPPORTS_VIDEO_CALLING_FALLBACK=true, android.telecom.extra.SORT_ORDER=1}] GroupId: ***]: TSI.rPA@AKI
04-21 15:38:17.764  1431  2590 I Telecom : PhoneAccountRegistrar: Modify account: [ComponentInfo{com.android.phone/com.android.services.telephony.TelephonyConnectionService}, ***, UserHandle{0}]: TSI.rPA@AKQ
