04-21 15:38:17.768  1431  2590 I Telecom : CallsManager: handlePhoneAccountChanged: phoneAccount=[[X] PhoneAccount: ComponentInfo{com.android.phone/com.android.services.telephony.TelephonyConnectionService}, ***, UserHandle{0} Capabilities: SuppVideo CallProvider MultiUser PlaceEmerg SimSub  Audio Routes: BESW Schemes: tel voicemail  Extras: Bundle[{android.telecom.extra.SUPPORTS_VIDEO_CALLING_FALLBACK=true, android.telecom.extra.SORT_ORDER=0}] GroupId: ***]: TSI.rPA@AKQ
04-21 15:38:17.786  1431  2069 I Telecom : PhoneAccountRegistrar: Modify account: [ComponentInfo{com.android.phone/com.android.services.telephony.TelephonyConnectionService}, ***, UserHandle{0}]: TSI.rPA@AKU
04-21 15:38:17.788  1431  2069 I Telecom : CallsManager: handlePhoneAccountChanged: phoneAccount=[[X] PhoneAccount: ComponentInfo{com.android.phone/com.android.services.telephony.TelephonyConnectionService}, ***, UserHandle{0} Capabilities: SuppVideo CallProvider MultiUser PlaceEmerg SimSub  Audio Routes: BESW Schemes: tel voicemail  Extras: Bundle[{android.telecom.extra.SUPPORTS_VIDEO_CALLING_FALLBACK=true, android.telecom.extra.SORT_ORDER=1}] GroupId: ***]: TSI.rPA@AKU
04-21 15:38:17.973  2739  2780 D CellBroadcastConfigService: Enable CellBroadcast on sub 1
04-21 15:38:18.256  2486  2690 I chatty  : uid=1001(radio) ImsHandlerThrea expire 12 lines
04-21 15:38:18.267  2486  2858 I chatty  : uid=1001(radio) ImsConfigImplHa expire 16 lines
04-21 15:38:18.355  2486  2705 I chatty  : uid=1001(radio) ImsHandlerThrea expire 12 lines
04-21 15:38:18.361  2486  2861 I chatty  : uid=1001(radio) ImsConfigImplHa expire 16 lines
04-21 15:38:18.551   893   893 D NxpHal  : phNxpNciHal_ioctl : enter - arg = 21
04-21 15:38:18.552   893   893 D NfccPowerTracker: NfccPowerTracker::ProcessCmd: Enter,Recieved len :4
04-21 15:38:18.552   893  2529 D NxpTml  : PN54X - Write requested.....
04-21 15:38:18.552   893  2529 D NxpTml  : PN54X - Invoking I2C Write.....
04-21 15:38:18.553     0     0 E i2c_geni 88c000.i2c: i2c error :-107
04-21 15:38:18.553     0     0 E nq-nci 1-0028: nfc_write: failed to write -107
04-21 15:38:18.553   893  2529 D NxpTml  : _i2c_write() errno : 5
04-21 15:38:18.553   893  2529 D NxpTml  : PN54X - Error in I2C Write.....
04-21 15:38:18.553   893  2529 D NxpTml  : PN54X - Posting Fresh Write message.....
04-21 15:38:18.553   893  2529 D NxpTml  : PN54X - Tml Writer Thread Running................
04-21 15:38:18.553   893  2532 D NxpHal  : write error status = 0x1ff
04-21 15:38:18.553   893   893 D NxpHal  : write_unlocked failed - PN54X Maybe in Standby Mode - Retry
04-21 15:38:18.564   893  2529 D NxpTml  : PN54X - Write requested.....
04-21 15:38:18.564   893  2529 D NxpTml  : PN54X - Invoking I2C Write.....
04-21 15:38:18.565   893  2528 D NxpTml  : PN54X - I2C Read successful.....
04-21 15:38:18.565   893  2528 D NxpTml  : Delay Read if write thread is busy
04-21 15:38:18.565   893  2529 D NxpNciX : len =   4 > 2F010101
04-21 15:38:18.565   893  2529 D NxpTml  : PN54X - I2C Write successful.....
04-21 15:38:18.565   893  2529 D NxpTml  : PN54X - Posting Fresh Write message.....
04-21 15:38:18.565   893  2529 D NxpTml  : PN54X - Tml Writer Thread Running................
04-21 15:38:18.566   893  2532 D NxpHal  : write successful status = 0x0
04-21 15:38:18.566   893   893 D NxpHal  : Response timer started
04-21 15:38:18.566   893   893 D NxpHal  : Waiting after ext cmd sent
04-21 15:38:18.567   893  2528 D NxpNciR : len =   4 > 4F010105
04-21 15:38:18.567   893  2528 D NxpTml  : PN54X - Posting read message.....
04-21 15:38:18.567   893  2532 D NxpHal  : read successful status = 0x0
04-21 15:38:18.567   893  2528 D NxpTml  : PN54X - Read requested.....
04-21 15:38:18.567   893   893 D NxpHal  : Response timer stopped
04-21 15:38:18.567   893   893 D NxpHal  : Checking response
04-21 15:38:18.567   893  2528 D NxpTml  : PN54X - Invoking I2C Read.....
04-21 15:38:18.567   893   893 D NxpHal  : OMAPI COMMAND FAILURE : 0x5
04-21 15:38:18.567   893   893 D NxpHal  : phNxpNciHal_ioctl : exit - ret = 3
04-21 15:38:18.727  2739  2780 D CellBroadcastConfigService: Enable CellBroadcast on sub 2
04-21 15:38:18.975  1431  1989 D ConnectivityService: releasing NetworkRequest [ TRACK_DEFAULT id=21, [ Capabilities: INTERNET&NOT_RESTRICTED&TRUSTED Uid: 1001 AdministratorUids: [] RequestorUid: 1001 RequestorPackageName: com.android.phone] ] (release request)
04-21 15:38:18.977  1431  1989 D ConnectivityService: releasing NetworkRequest [ TRACK_DEFAULT id=20, [ Capabilities: INTERNET&NOT_RESTRICTED&TRUSTED Uid: 1001 AdministratorUids: [] RequestorUid: 1001 RequestorPackageName: com.android.phone] ] (release request)
04-21 15:38:19.023  2739  2760 I receiver.modul: Waiting for a blocking GC ProfileSaver
04-21 15:38:19.301     0     0 I FG      : fg_cycle_counter_update: batt_soc: 245 bucket: 7 chg_status: 1
04-21 15:38:19.301     0     0 I FG      : status_change_work: charge_status:1 charge_type:3 charge_done:0
04-21 15:38:19.301     0     0 I QCOM-BATT: handle_main_charge_type: chg_state enabling parallel
04-21 15:38:19.301     0     0 I QCOM-BATT: get_settled_split: Split total_current_ua=500000 total_settled_ua=0 main_settled_ua=0 slave_ua=0
04-21 15:38:19.305     0     0 W healthd : battery l=100 v=4336 t=28.0 h=2 st=2 c=13183 fc=3007000 cc=0 chg=u
04-21 15:38:19.309     0     0 I smblib_set_icl_current: set icl 500000
04-21 15:38:19.310     0     0 I QCOM-BATT: pl_disable_vote_callback: parallel charging disabled
04-21 15:38:19.310     0     0 I QCOM-BATT: handle_settled_icl_change: total_settled_ua=0 settled_ua=1 new_total_settled_ua=500000
04-21 15:38:19.411     0     0 E         : get prop 172 is not supported in usb
04-21 15:38:19.415     0     0 W healthd : battery l=100 v=4336 t=28.0 h=2 st=2 c=13183 fc=3007000 cc=0 chg=u
04-21 15:38:19.781  2739  2780 D CellBroadcastConfigService: Enable CellBroadcast on sub 1
04-21 15:38:19.957  2739  2739 D CellBroadcastReceiver: onReceive Intent { act=android.intent.action.SERVICE_STATE flg=0x1000010 cmp=com.android.cellbroadcastreceiver.module/com.android.cellbroadcastreceiver.CellBroadcastReceiver (has extras) }
04-21 15:38:20.387  2739  2780 D CellBroadcastConfigService: Enable CellBroadcast on sub 2
04-21 15:38:20.568   893   893 D NxpHal  : phNxpNciHal_ioctl : enter - arg = 21
04-21 15:38:20.568   893   893 D NfccPowerTracker: NfccPowerTracker::ProcessCmd: Enter,Recieved len :4
04-21 15:38:20.568   893  2529 D NxpTml  : PN54X - Write requested.....
04-21 15:38:20.568   893  2529 D NxpTml  : PN54X - Invoking I2C Write.....
04-21 15:38:20.569     0     0 E i2c_geni 88c000.i2c: i2c error :-107
04-21 15:38:20.569     0     0 E nq-nci 1-0028: nfc_write: failed to write -107
04-21 15:38:20.569   893  2529 D NxpTml  : _i2c_write() errno : 5
04-21 15:38:20.569   893  2529 D NxpTml  : PN54X - Error in I2C Write.....
04-21 15:38:20.569   893  2529 D NxpTml  : PN54X - Posting Fresh Write message.....
04-21 15:38:20.569   893  2529 D NxpTml  : PN54X - Tml Writer Thread Running................
04-21 15:38:20.569   893  2532 D NxpHal  : write error status = 0x1ff
04-21 15:38:20.569   893   893 D NxpHal  : write_unlocked failed - PN54X Maybe in Standby Mode - Retry
04-21 15:38:20.579   893  2529 D NxpTml  : PN54X - Write requested.....
04-21 15:38:20.579   893  2529 D NxpTml  : PN54X - Invoking I2C Write.....
04-21 15:38:20.580   893  2528 D NxpTml  : PN54X - I2C Read successful.....
04-21 15:38:20.580   893  2528 D NxpTml  : Delay Read if write thread is busy
04-21 15:38:20.581   893  2529 D NxpNciX : len =   4 > 2F010101
04-21 15:38:20.581   893  2529 D NxpTml  : PN54X - I2C Write successful.....
04-21 15:38:20.581   893  2529 D NxpTml  : PN54X - Posting Fresh Write message.....
04-21 15:38:20.581   893  2529 D NxpTml  : PN54X - Tml Writer Thread Running................
04-21 15:38:20.581   893  2532 D NxpHal  : write successful status = 0x0
04-21 15:38:20.581   893   893 D NxpHal  : Response timer started
04-21 15:38:20.581   893   893 D NxpHal  : Waiting after ext cmd sent
04-21 15:38:20.582   893  2528 D NxpNciR : len =   4 > 4F010105
04-21 15:38:20.582   893  2528 D NxpTml  : PN54X - Posting read message.....
04-21 15:38:20.583   893  2532 D NxpHal  : read successful status = 0x0
04-21 15:38:20.583   893   893 D NxpHal  : Response timer stopped
04-21 15:38:20.583   893  2528 D NxpTml  : PN54X - Read requested.....
04-21 15:38:20.583   893   893 D NxpHal  : Checking response
04-21 15:38:20.583   893   893 D NxpHal  : OMAPI COMMAND FAILURE : 0x5
04-21 15:38:20.583   893   893 D NxpHal  : phNxpNciHal_ioctl : exit - ret = 3
04-21 15:38:20.583   893  2528 D NxpTml  : PN54X - Invoking I2C Read.....
04-21 15:38:22.583   896   896 E NxpEseHal: phPalEse_Init Failed
04-21 15:38:22.584   896   896 E NxpEseHal: phNxpEse_SPM_ConfigPwr : failed errno = 0x2
04-21 15:38:22.584   896   896 E NxpEseHal: phNxpEse_SPM_ConfigPwr: disabling power Failed
04-21 15:38:22.584   896   896 E NxpEseHal: seHalInit: SecureElement open failed!!!
04-21 15:38:22.584  2419  2419 I SecureElement-Terminal-eSE1: OnStateChange:false reason:NXP SE HAL init failed
04-21 15:38:22.585  2419  2419 I SecureElement-Terminal-eSE1: eSE1 was initialized
04-21 15:38:22.585  2419  2419 I SecureElementService: Check if terminal eSE2 is available.
04-21 15:38:22.586   589   589 I chatty  : uid=1000(system) hwservicemanage expire 20 lines
04-21 15:38:22.586  2419  2419 D SecureElement-Terminal-eSE2: SE Hal V1.2 is not supported
04-21 15:38:22.587  2419  2419 D SecureElement-Terminal-eSE2: SE Hal V1.1 is not supported
04-21 15:38:22.587  2419  2419 I SecureElementService: No HAL implementation for eSE2
04-21 15:38:22.587  2419  2419 I SecureElementService: Check if terminal SIM1 is available.
04-21 15:38:22.588  2419  2419 D SecureElement-Terminal-SIM1: SE Hal V1.2 is not supported
04-21 15:38:22.588  2419  2419 D SecureElement-Terminal-SIM1: SE Hal V1.1 is not supported
04-21 15:38:22.588  2419  2419 I SecureElementService: No HAL implementation for SIM1
04-21 15:38:22.657  1335  1381 E cutils-trace: Error opening trace file: No such file or directory (2)
04-21 15:38:22.662  1335  1335 D BootAnimation: BootAnimationStopTiming start time: 30979ms
04-21 15:38:22.680     0     0 I init    : Service 'bootanim' (pid 1335) exited with status 0 oneshot service took 21.250000 seconds in background
04-21 15:38:22.680     0     0 I init    : Sending signal 9 to service 'bootanim' (pid 1335) process group...
04-21 15:38:22.680     0     0 I libprocessgroup: Successfully killed process cgroup uid 1003 pid 1335 in 0ms
04-21 15:38:22.699  1431  1518 I WindowManager: ******* TELLING SURFACE FLINGER WE ARE BOOTED!
04-21 15:38:22.700  1005  1035 I SurfaceFlinger: Boot is finished (22455 ms)
04-21 15:38:22.703  1431  1518 I ActivityManagerTiming: FinishBooting
04-21 15:38:22.705  1431  1518 I ActivityManager: About to commit checkpoint
04-21 15:38:22.706  1431  1518 I SystemServiceManager: Starting phase 1000
04-21 15:38:22.706  1431  1518 I ActivityManagerTiming: OnBootPhase_1000
04-21 15:38:22.706  1431  1518 I ActivityManagerTiming: OnBootPhase_1000_com.android.server.security.FileIntegrityService
04-21 15:38:22.706  1431  1518 D ActivityManagerTiming: OnBootPhase_1000_com.android.server.security.FileIntegrityService took to complete: 0ms
04-21 15:38:22.706  1431  1518 I ActivityManagerTiming: OnBootPhase_1000_com.android.server.pm.Installer
04-21 15:38:22.706  1431  1518 D ActivityManagerTiming: OnBootPhase_1000_com.android.server.pm.Installer took to complete: 0ms
04-21 15:38:22.706  1431  1518 I ActivityManagerTiming: OnBootPhase_1000_com.android.server.os.DeviceIdentifiersPolicyService
04-21 15:38:22.706  1431  1518 D ActivityManagerTiming: OnBootPhase_1000_com.android.server.os.DeviceIdentifiersPolicyService took to complete: 0ms
04-21 15:38:22.706  1431  1518 I ActivityManagerTiming: OnBootPhase_1000_com.android.server.uri.UriGrantsManagerService$Lifecycle
04-21 15:38:22.706  1431  1518 D ActivityManagerTiming: OnBootPhase_1000_com.android.server.uri.UriGrantsManagerService$Lifecycle took to complete: 0ms
04-21 15:38:22.706  1431  1518 I ActivityManagerTiming: OnBootPhase_1000_com.android.server.wm.ActivityTaskManagerService$Lifecycle
04-21 15:38:22.706  1431  1518 D ActivityManagerTiming: OnBootPhase_1000_com.android.server.wm.ActivityTaskManagerService$Lifecycle took to complete: 0ms
04-21 15:38:22.706  1431  1518 I ActivityManagerTiming: OnBootPhase_1000_com.android.server.am.ActivityManagerService$Lifecycle
04-21 15:38:22.706  1431  1518 D ActivityManagerTiming: OnBootPhase_1000_com.android.server.am.ActivityManagerService$Lifecycle took to complete: 0ms
04-21 15:38:22.706  1431  1518 I ActivityManagerTiming: OnBootPhase_1000_com.android.server.pm.DataLoaderManagerService
04-21 15:38:22.706  1431  1518 D ActivityManagerTiming: OnBootPhase_1000_com.android.server.pm.DataLoaderManagerService took to complete: 0ms
04-21 15:38:22.706  1431  1518 I ActivityManagerTiming: OnBootPhase_1000_com.android.server.power.PowerManagerService
04-21 15:38:22.707  1431  1518 D ActivityManagerTiming: OnBootPhase_1000_com.android.server.power.PowerManagerService took to complete: 1ms
04-21 15:38:22.707  1431  1518 I ActivityManagerTiming: OnBootPhase_1000_com.android.server.power.ThermalManagerService
04-21 15:38:22.707  1431  1518 D ActivityManagerTiming: OnBootPhase_1000_com.android.server.power.ThermalManagerService took to complete: 0ms
04-21 15:38:22.707  1431  1518 I ActivityManagerTiming: OnBootPhase_1000_com.android.server.recoverysystem.RecoverySystemService$Lifecycle
04-21 15:38:22.707  1431  1518 D ActivityManagerTiming: OnBootPhase_1000_com.android.server.recoverysystem.RecoverySystemService$Lifecycle took to complete: 0ms
04-21 15:38:22.707  1431  1518 I ActivityManagerTiming: OnBootPhase_1000_com.android.server.lights.LightsService
04-21 15:38:22.707  1431  1518 D ActivityManagerTiming: OnBootPhase_1000_com.android.server.lights.LightsService took to complete: 0ms
04-21 15:38:22.707  1431  1518 I ActivityManagerTiming: OnBootPhase_1000_com.android.server.display.DisplayManagerService
04-21 15:38:22.707  1431  1518 D ActivityManagerTiming: OnBootPhase_1000_com.android.server.display.DisplayManagerService took to complete: 0ms
04-21 15:38:22.707  1431  1518 I ActivityManagerTiming: OnBootPhase_1000_com.android.server.pm.UserManagerService$LifeCycle
04-21 15:38:22.707  1431  1518 D ActivityManagerTiming: OnBootPhase_1000_com.android.server.pm.UserManagerService$LifeCycle took to complete: 0ms
04-21 15:38:22.707  1431  1518 I ActivityManagerTiming: OnBootPhase_1000_com.android.server.om.OverlayManagerService
04-21 15:38:22.707  1431  1518 D ActivityManagerTiming: OnBootPhase_1000_com.android.server.om.OverlayManagerService took to complete: 0ms
04-21 15:38:22.707  1431  1518 I ActivityManagerTiming: OnBootPhase_1000_com.android.server.SensorPrivacyService
04-21 15:38:22.707  1431  1518 D ActivityManagerTiming: OnBootPhase_1000_com.android.server.SensorPrivacyService took to complete: 0ms
04-21 15:38:22.707  1431  1518 I ActivityManagerTiming: OnBootPhase_1000_com.android.server.SystemConfigService
04-21 15:38:22.708  1431  1518 D ActivityManagerTiming: OnBootPhase_1000_com.android.server.SystemConfigService took to complete: 0ms
04-21 15:38:22.708  1431  1518 I ActivityManagerTiming: OnBootPhase_1000_com.android.server.BatteryService
04-21 15:38:22.709  1431  1586 V DisplayPowerController: Brightness [0.13589236] reason changing to: 'manual', previous reason: 'override'.
04-21 15:38:22.711  1431  1586 V DisplayPowerController: Brightness [0.12538052] reason changing to: 'automatic', previous reason: 'manual'.
04-21 15:38:22.714  1431  1518 D ActivityManagerTiming: OnBootPhase_1000_com.android.server.BatteryService took to complete: 6ms
04-21 15:38:22.714  1431  1518 I ActivityManagerTiming: OnBootPhase_1000_com.android.server.usage.UsageStatsService
04-21 15:38:22.714  1431  1518 D ActivityManagerTiming: OnBootPhase_1000_com.android.server.usage.UsageStatsService took to complete: 0ms
04-21 15:38:22.714  1431  1518 I ActivityManagerTiming: OnBootPhase_1000_com.android.server.webkit.WebViewUpdateService
04-21 15:38:22.714  1431  1518 D ActivityManagerTiming: OnBootPhase_1000_com.android.server.webkit.WebViewUpdateService took to complete: 0ms
04-21 15:38:22.714  1431  1518 I ActivityManagerTiming: OnBootPhase_1000_com.android.server.CachedDeviceStateService
04-21 15:38:22.714  1431  1518 D ActivityManagerTiming: OnBootPhase_1000_com.android.server.CachedDeviceStateService took to complete: 0ms
04-21 15:38:22.714  1431  1518 I ActivityManagerTiming: OnBootPhase_1000_com.android.server.BinderCallsStatsService$LifeCycle
04-21 15:38:22.714  1431  1518 D ActivityManagerTiming: OnBootPhase_1000_com.android.server.BinderCallsStatsService$LifeCycle took to complete: 0ms
04-21 15:38:22.714  1431  1518 I ActivityManagerTiming: OnBootPhase_1000_com.android.server.LooperStatsService$Lifecycle
04-21 15:38:22.714  1431  1518 D ActivityManagerTiming: OnBootPhase_1000_com.android.server.LooperStatsService$Lifecycle took to complete: 0ms
04-21 15:38:22.714  1431  1518 I ActivityManagerTiming: OnBootPhase_1000_com.android.server.rollback.RollbackManagerService
04-21 15:38:22.715  1431  1518 D ActivityManagerTiming: OnBootPhase_1000_com.android.server.rollback.RollbackManagerService took to complete: 1ms
04-21 15:38:22.715  1431  1518 I ActivityManagerTiming: OnBootPhase_1000_com.android.server.os.BugreportManagerService
04-21 15:38:22.715  1431  1518 D ActivityManagerTiming: OnBootPhase_1000_com.android.server.os.BugreportManagerService took to complete: 0ms
04-21 15:38:22.715  1431  1518 I ActivityManagerTiming: OnBootPhase_1000_com.android.server.gpu.GpuService
04-21 15:38:22.715  1431  1518 D ActivityManagerTiming: OnBootPhase_1000_com.android.server.gpu.GpuService took to complete: 0ms
04-21 15:38:22.715  1431  1518 I ActivityManagerTiming: OnBootPhase_1000_com.android.server.security.KeyChainSystemService
04-21 15:38:22.715  1431  1518 D ActivityManagerTiming: OnBootPhase_1000_com.android.server.security.KeyChainSystemService took to complete: 0ms
04-21 15:38:22.715  1431  1518 I ActivityManagerTiming: OnBootPhase_1000_com.android.server.telecom.TelecomLoaderService
04-21 15:38:22.715  1431  1518 D ActivityManagerTiming: OnBootPhase_1000_com.android.server.telecom.TelecomLoaderService took to complete: 0ms
04-21 15:38:22.715  1431  1518 I ActivityManagerTiming: OnBootPhase_1000_com.android.server.accounts.AccountManagerService$Lifecycle
04-21 15:38:22.715  1431  1518 D ActivityManagerTiming: OnBootPhase_1000_com.android.server.accounts.AccountManagerService$Lifecycle took to complete: 0ms
04-21 15:38:22.715  1431  1518 I ActivityManagerTiming: OnBootPhase_1000_com.android.server.content.ContentService$Lifecycle
04-21 15:38:22.715  1431  1518 D ActivityManagerTiming: OnBootPhase_1000_com.android.server.content.ContentService$Lifecycle took to complete: 0ms
04-21 15:38:22.715  1431  1518 I ActivityManagerTiming: OnBootPhase_1000_com.android.server.DropBoxManagerService
04-21 15:38:22.715  1431  1518 D ActivityManagerTiming: OnBootPhase_1000_com.android.server.DropBoxManagerService took to complete: 0ms
04-21 15:38:22.715  1431  1518 I ActivityManagerTiming: OnBootPhase_1000_com.android.server.AlarmManagerService
04-21 15:38:22.715  1431  1518 D ActivityManagerTiming: OnBootPhase_1000_com.android.server.AlarmManagerService took to complete: 0ms
04-21 15:38:22.715  1431  1518 I ActivityManagerTiming: OnBootPhase_1000_com.android.server.BluetoothService
04-21 15:38:22.715  1431  1551 D AppStandbyController: Loading headless system app cache. appIdleEnabled=true
04-21 15:38:22.715  1431  1518 D ActivityManagerTiming: OnBootPhase_1000_com.android.server.BluetoothService took to complete: 0ms
04-21 15:38:22.715  1431  1518 I ActivityManagerTiming: OnBootPhase_1000_com.android.server.connectivity.IpConnectivityMetrics
04-21 15:38:22.715  1431  1518 D ActivityManagerTiming: OnBootPhase_1000_com.android.server.connectivity.IpConnectivityMetrics took to complete: 0ms
04-21 15:38:22.715  1431  1518 I ActivityManagerTiming: OnBootPhase_1000_com.android.server.net.watchlist.NetworkWatchlistService$Lifecycle
04-21 15:38:22.715  1431  1518 D ActivityManagerTiming: OnBootPhase_1000_com.android.server.net.watchlist.NetworkWatchlistService$Lifecycle took to complete: 0ms
04-21 15:38:22.715  1431  1518 I ActivityManagerTiming: OnBootPhase_1000_com.android.server.PinnerService
04-21 15:38:22.715  1431  1518 D ActivityManagerTiming: OnBootPhase_1000_com.android.server.PinnerService took to complete: 0ms
04-21 15:38:22.715  1431  1518 I ActivityManagerTiming: OnBootPhase_1000_com.google.android.startop.iorap.IorapForwardingService
04-21 15:38:22.715  1431  1518 D ActivityManagerTiming: OnBootPhase_1000_com.google.android.startop.iorap.IorapForwardingService took to complete: 0ms
04-21 15:38:22.716  1431  1518 I ActivityManagerTiming: OnBootPhase_1000_com.android.server.integrity.AppIntegrityManagerService
04-21 15:38:22.716  1431  1518 D ActivityManagerTiming: OnBootPhase_1000_com.android.server.integrity.AppIntegrityManagerService took to complete: 0ms
04-21 15:38:22.716  1431  1812 D RollbackManager: mRollbackLifetimeDurationInMillis=1209600000
04-21 15:38:22.716  1431  1518 I ActivityManagerTiming: OnBootPhase_1000_com.android.server.inputmethod.InputMethodManagerService$Lifecycle
04-21 15:38:22.716  1431  1518 D ActivityManagerTiming: OnBootPhase_1000_com.android.server.inputmethod.InputMethodManagerService$Lifecycle took to complete: 0ms
04-21 15:38:22.716  1431  1518 I ActivityManagerTiming: OnBootPhase_1000_com.android.server.accessibility.AccessibilityManagerService$Lifecycle
04-21 15:38:22.716  1431  1518 D ActivityManagerTiming: OnBootPhase_1000_com.android.server.accessibility.AccessibilityManagerService$Lifecycle took to complete: 0ms
04-21 15:38:22.716  1431  1518 I ActivityManagerTiming: OnBootPhase_1000_com.android.server.StorageManagerService$Lifecycle
04-21 15:38:22.716  1431  1976 D StorageManagerService: Thinking about init, mBootCompleted=true, mDaemonConnected=true
04-21 15:38:22.716  1431  1518 D StorageManagerService: FUSE flags. Settings: true. Default: true
04-21 15:38:22.716  1431  1976 D StorageManagerService: Thinking about reset, mBootCompleted=true, mDaemonConnected=true
04-21 15:38:22.716   588   588 I servicemanager: Found android.hardware.power.IPower/default in device VINTF manifest.
04-21 15:38:22.716  1431  1976 I StorageSessionController: Started resetting external storage service...
04-21 15:38:22.716  1431  1976 I StorageSessionController: Finished resetting external storage service
04-21 15:38:22.716  1431  1976 I StorageManagerService: Resetting vold...
04-21 15:38:22.717  1005  1076 I PowerAdvisor: Loaded AIDL Power HAL service
04-21 15:38:22.717   894   894 I android.hardware.power-service-qti: Power isModeSupported: 6
04-21 15:38:22.717   894   894 I android.hardware.power-service-qti: Power isBoostSupported: 1
04-21 15:38:22.717  1431  1976 I StorageManagerService: Reset vold
04-21 15:38:22.717   597   597 I vold    : onUserAdded: 0
04-21 15:38:22.718  1431  1518 D ActivityManagerTiming: OnBootPhase_1000_com.android.server.StorageManagerService$Lifecycle took to complete: 0ms
04-21 15:38:22.718  1431  1518 I ActivityManagerTiming: OnBootPhase_1000_com.android.server.usage.StorageStatsService$Lifecycle
04-21 15:38:22.718  1431  1518 D ActivityManagerTiming: OnBootPhase_1000_com.android.server.usage.StorageStatsService$Lifecycle took to complete: 0ms
04-21 15:38:22.718  1431  1518 I ActivityManagerTiming: OnBootPhase_1000_com.android.server.UiModeManagerService
04-21 15:38:22.718  1431  1518 D ActivityManagerTiming: OnBootPhase_1000_com.android.server.UiModeManagerService took to complete: 0ms
04-21 15:38:22.718  1431  1518 I ActivityManagerTiming: OnBootPhase_1000_com.android.server.locksettings.LockSettingsService$Lifecycle
04-21 15:38:22.718  1431  1518 D ActivityManagerTiming: OnBootPhase_1000_com.android.server.locksettings.LockSettingsService$Lifecycle took to complete: 0ms
04-21 15:38:22.718  1431  1518 I ActivityManagerTiming: OnBootPhase_1000_com.android.server.PersistentDataBlockService
04-21 15:38:22.718  1431  1518 D ActivityManagerTiming: OnBootPhase_1000_com.android.server.PersistentDataBlockService took to complete: 0ms
04-21 15:38:22.718  1431  1518 I ActivityManagerTiming: OnBootPhase_1000_com.android.server.testharness.TestHarnessModeService
04-21 15:38:22.719  1431  1518 D TestHarnessModeService: Completing Test Harness Mode setup.
04-21 15:38:22.734  1431  1518 D ActivityManagerTiming: OnBootPhase_1000_com.android.server.testharness.TestHarnessModeService took to complete: 16ms
04-21 15:38:22.734  1431  1518 I ActivityManagerTiming: OnBootPhase_1000_com.android.server.oemlock.OemLockService
04-21 15:38:22.734  1431  1518 D ActivityManagerTiming: OnBootPhase_1000_com.android.server.oemlock.OemLockService took to complete: 0ms
04-21 15:38:22.734  1431  1518 I ActivityManagerTiming: OnBootPhase_1000_com.android.server.DeviceIdleController
04-21 15:38:22.734  1431  1518 D ActivityManagerTiming: OnBootPhase_1000_com.android.server.DeviceIdleController took to complete: 0ms
04-21 15:38:22.734  1431  1518 I ActivityManagerTiming: OnBootPhase_1000_com.android.server.devicepolicy.DevicePolicyManagerService$Lifecycle
04-21 15:38:22.734  1431  1518 D ActivityManagerTiming: OnBootPhase_1000_com.android.server.devicepolicy.DevicePolicyManagerService$Lifecycle took to complete: 0ms
04-21 15:38:22.734  1431  1518 I ActivityManagerTiming: OnBootPhase_1000_com.android.server.textservices.TextServicesManagerService$Lifecycle
04-21 15:38:22.734  1431  1518 D ActivityManagerTiming: OnBootPhase_1000_com.android.server.textservices.TextServicesManagerService$Lifecycle took to complete: 0ms
04-21 15:38:22.734  1431  1518 I ActivityManagerTiming: OnBootPhase_1000_com.android.server.textclassifier.TextClassificationManagerService$Lifecycle
04-21 15:38:22.734  1431  1518 D ActivityManagerTiming: OnBootPhase_1000_com.android.server.textclassifier.TextClassificationManagerService$Lifecycle took to complete: 0ms
04-21 15:38:22.734  1431  1518 I ActivityManagerTiming: OnBootPhase_1000_com.android.server.NetworkScoreService$Lifecycle
04-21 15:38:22.734  1431  1518 D ActivityManagerTiming: OnBootPhase_1000_com.android.server.NetworkScoreService$Lifecycle took to complete: 0ms
04-21 15:38:22.734  1431  1518 I ActivityManagerTiming: OnBootPhase_1000_com.android.server.wifi.WifiService
04-21 15:38:22.735  1431  1518 D ActivityManagerTiming: OnBootPhase_1000_com.android.server.wifi.WifiService took to complete: 1ms
04-21 15:38:22.735  1431  1518 I ActivityManagerTiming: OnBootPhase_1000_com.android.server.wifi.scanner.WifiScanningService
04-21 15:38:22.735  1431  1518 D ActivityManagerTiming: OnBootPhase_1000_com.android.server.wifi.scanner.WifiScanningService took to complete: 0ms
04-21 15:38:22.735  1431  1518 I ActivityManagerTiming: OnBootPhase_1000_com.android.server.wifi.p2p.WifiP2pService
04-21 15:38:22.735  1431  1518 D ActivityManagerTiming: OnBootPhase_1000_com.android.server.wifi.p2p.WifiP2pService took to complete: 0ms
04-21 15:38:22.735  1431  1518 I ActivityManagerTiming: OnBootPhase_1000_com.android.server.ethernet.EthernetService
04-21 15:38:22.735  1431  1518 D ActivityManagerTiming: OnBootPhase_1000_com.android.server.ethernet.EthernetService took to complete: 0ms
04-21 15:38:22.735  1431  1518 I ActivityManagerTiming: OnBootPhase_1000_com.android.server.notification.NotificationManagerService
04-21 15:38:22.735  1431  1518 D ActivityManagerTiming: OnBootPhase_1000_com.android.server.notification.NotificationManagerService took to complete: 0ms
04-21 15:38:22.735  1431  1518 I ActivityManagerTiming: OnBootPhase_1000_com.android.server.storage.DeviceStorageMonitorService
04-21 15:38:22.735  1431  1518 D ActivityManagerTiming: OnBootPhase_1000_com.android.server.storage.DeviceStorageMonitorService took to complete: 0ms
04-21 15:38:22.735  1431  1518 I ActivityManagerTiming: OnBootPhase_1000_com.android.server.location.LocationManagerService$Lifecycle
04-21 15:38:22.735  1431  1518 D ActivityManagerTiming: OnBootPhase_1000_com.android.server.location.LocationManagerService$Lifecycle took to complete: 0ms
04-21 15:38:22.735  1431  1518 I ActivityManagerTiming: OnBootPhase_1000_com.android.server.timedetector.TimeDetectorService$Lifecycle
04-21 15:38:22.735  1431  1518 D ActivityManagerTiming: OnBootPhase_1000_com.android.server.timedetector.TimeDetectorService$Lifecycle took to complete: 0ms
04-21 15:38:22.735  1431  1518 I ActivityManagerTiming: OnBootPhase_1000_com.android.server.timezonedetector.TimeZoneDetectorService$Lifecycle
04-21 15:38:22.735  1431  1518 D ActivityManagerTiming: OnBootPhase_1000_com.android.server.timezonedetector.TimeZoneDetectorService$Lifecycle took to complete: 0ms
04-21 15:38:22.735  1431  1518 I ActivityManagerTiming: OnBootPhase_1000_com.android.server.search.SearchManagerService$Lifecycle
04-21 15:38:22.735  1431  1518 D ActivityManagerTiming: OnBootPhase_1000_com.android.server.search.SearchManagerService$Lifecycle took to complete: 0ms
04-21 15:38:22.735  1431  1518 I ActivityManagerTiming: OnBootPhase_1000_com.android.server.wallpaper.WallpaperManagerService$Lifecycle
04-21 15:38:22.735  1431  1518 D ActivityManagerTiming: OnBootPhase_1000_com.android.server.wallpaper.WallpaperManagerService$Lifecycle took to complete: 0ms
04-21 15:38:22.735  1431  1518 I ActivityManagerTiming: OnBootPhase_1000_com.android.server.audio.AudioService$Lifecycle
04-21 15:38:22.735  1431  1518 D ActivityManagerTiming: OnBootPhase_1000_com.android.server.audio.AudioService$Lifecycle took to complete: 0ms
04-21 15:38:22.735  1431  1518 I ActivityManagerTiming: OnBootPhase_1000_com.android.server.soundtrigger_middleware.SoundTriggerMiddlewareService$Lifecycle
04-21 15:38:22.735  1431  1518 D ActivityManagerTiming: OnBootPhase_1000_com.android.server.soundtrigger_middleware.SoundTriggerMiddlewareService$Lifecycle took to complete: 0ms
04-21 15:38:22.735  1431  1518 I ActivityManagerTiming: OnBootPhase_1000_com.android.server.DockObserver
04-21 15:38:22.735  1431  1518 D ActivityManagerTiming: OnBootPhase_1000_com.android.server.DockObserver took to complete: 0ms
04-21 15:38:22.735  1431  1518 I ActivityManagerTiming: OnBootPhase_1000_com.android.server.midi.MidiService$Lifecycle
04-21 15:38:22.735  1431  1518 D ActivityManagerTiming: OnBootPhase_1000_com.android.server.midi.MidiService$Lifecycle took to complete: 0ms
04-21 15:38:22.735  1431  1518 I ActivityManagerTiming: OnBootPhase_1000_com.android.server.adb.AdbService$Lifecycle
04-21 15:38:22.736  1431  1518 D ActivityManagerTiming: OnBootPhase_1000_com.android.server.adb.AdbService$Lifecycle took to complete: 0ms
04-21 15:38:22.736  1431  1518 I ActivityManagerTiming: OnBootPhase_1000_com.android.server.usb.UsbService$Lifecycle
04-21 15:38:22.736  1431  1518 D ActivityManagerTiming: OnBootPhase_1000_com.android.server.usb.UsbService$Lifecycle took to complete: 0ms
04-21 15:38:22.736  1431  1518 I ActivityManagerTiming: OnBootPhase_1000_com.android.server.twilight.TwilightService
04-21 15:38:22.737  1431  1518 D ActivityManagerTiming: OnBootPhase_1000_com.android.server.twilight.TwilightService took to complete: 1ms
04-21 15:38:22.737  1431  1518 I ActivityManagerTiming: OnBootPhase_1000_com.android.server.display.color.ColorDisplayService
04-21 15:38:22.737  1431  1518 D ActivityManagerTiming: OnBootPhase_1000_com.android.server.display.color.ColorDisplayService took to complete: 0ms
04-21 15:38:22.737  1431  1518 I ActivityManagerTiming: OnBootPhase_1000_com.android.server.job.JobSchedulerService
04-21 15:38:22.737  1431  1518 D ActivityManagerTiming: OnBootPhase_1000_com.android.server.job.JobSchedulerService took to complete: 0ms
04-21 15:38:22.737  1431  1518 I ActivityManagerTiming: OnBootPhase_1000_com.android.server.soundtrigger.SoundTriggerService
04-21 15:38:22.737  1431  1518 D SoundTriggerService: onBootPhase: 1000 : false
04-21 15:38:22.737  1431  1518 D ActivityManagerTiming: OnBootPhase_1000_com.android.server.soundtrigger.SoundTriggerService took to complete: 0ms
04-21 15:38:22.737  1431  1518 I ActivityManagerTiming: OnBootPhase_1000_com.android.server.trust.TrustManagerService
04-21 15:38:22.737  1431  1518 D ActivityManagerTiming: OnBootPhase_1000_com.android.server.trust.TrustManagerService took to complete: 0ms
04-21 15:38:22.737  1431  1518 I ActivityManagerTiming: OnBootPhase_1000_com.android.server.backup.BackupManagerService$Lifecycle
04-21 15:38:22.737  1431  1518 D ActivityManagerTiming: OnBootPhase_1000_com.android.server.backup.BackupManagerService$Lifecycle took to complete: 0ms
04-21 15:38:22.737  1431  1518 I ActivityManagerTiming: OnBootPhase_1000_com.android.server.appwidget.AppWidgetService
04-21 15:38:22.737  1431  1518 D ActivityManagerTiming: OnBootPhase_1000_com.android.server.appwidget.AppWidgetService took to complete: 0ms
04-21 15:38:22.737  1431  1518 I ActivityManagerTiming: OnBootPhase_1000_com.android.server.role.RoleManagerService
04-21 15:38:22.737  1431  1518 D ActivityManagerTiming: OnBootPhase_1000_com.android.server.role.RoleManagerService took to complete: 0ms
04-21 15:38:22.737  1431  1518 I ActivityManagerTiming: OnBootPhase_1000_com.android.server.voiceinteraction.VoiceInteractionManagerService
04-21 15:38:22.737  1431  1518 D ActivityManagerTiming: OnBootPhase_1000_com.android.server.voiceinteraction.VoiceInteractionManagerService took to complete: 0ms
04-21 15:38:22.737  1431  1518 I ActivityManagerTiming: OnBootPhase_1000_com.android.server.GestureLauncherService
04-21 15:38:22.737  1431  1518 D ActivityManagerTiming: OnBootPhase_1000_com.android.server.GestureLauncherService took to complete: 0ms
04-21 15:38:22.737  1431  1518 I ActivityManagerTiming: OnBootPhase_1000_com.android.server.SensorNotificationService
04-21 15:38:22.740  1431  1518 D ActivityManagerTiming: OnBootPhase_1000_com.android.server.SensorNotificationService took to complete: 3ms
04-21 15:38:22.740  1431  1518 I ActivityManagerTiming: OnBootPhase_1000_com.android.server.emergency.EmergencyAffordanceService
04-21 15:38:22.740  1431  1518 D ActivityManagerTiming: OnBootPhase_1000_com.android.server.emergency.EmergencyAffordanceService took to complete: 0ms
04-21 15:38:22.740  1431  1518 I ActivityManagerTiming: OnBootPhase_1000_com.android.server.dreams.DreamManagerService
04-21 15:38:22.740  1431  1518 D ActivityManagerTiming: OnBootPhase_1000_com.android.server.dreams.DreamManagerService took to complete: 0ms
04-21 15:38:22.740  1431  1518 I ActivityManagerTiming: OnBootPhase_1000_com.android.server.print.PrintManagerService
04-21 15:38:22.740  1431  1518 D ActivityManagerTiming: OnBootPhase_1000_com.android.server.print.PrintManagerService took to complete: 0ms
04-21 15:38:22.740  1431  1518 I ActivityManagerTiming: OnBootPhase_1000_com.android.server.companion.CompanionDeviceManagerService
04-21 15:38:22.740  1431  1518 D ActivityManagerTiming: OnBootPhase_1000_com.android.server.companion.CompanionDeviceManagerService took to complete: 0ms
04-21 15:38:22.740  1431  1518 I ActivityManagerTiming: OnBootPhase_1000_com.android.server.restrictions.RestrictionsManagerService
04-21 15:38:22.740  1431  1518 D ActivityManagerTiming: OnBootPhase_1000_com.android.server.restrictions.RestrictionsManagerService took to complete: 0ms
04-21 15:38:22.741  1431  1518 I ActivityManagerTiming: OnBootPhase_1000_com.android.server.media.MediaSessionService
04-21 15:38:22.741  1431  1518 D ActivityManagerTiming: OnBootPhase_1000_com.android.server.media.MediaSessionService took to complete: 0ms
04-21 15:38:22.741  1431  1518 I ActivityManagerTiming: OnBootPhase_1000_com.android.server.media.MediaResourceMonitorService
04-21 15:38:22.741  1431  1518 D ActivityManagerTiming: OnBootPhase_1000_com.android.server.media.MediaResourceMonitorService took to complete: 0ms
04-21 15:38:22.741  1431  1518 I ActivityManagerTiming: OnBootPhase_1000_com.android.server.blob.BlobStoreManagerService
04-21 15:38:22.741  1080  1115 I adbd    : adbd_auth: received a new framework connection
04-21 15:38:22.741  1080  1115 I adbd    : adbd_auth: received new framework fd 19 (current = -1)
04-21 15:38:22.751  1431  1515 I UsbDeviceManager: Setting USB config to adb
04-21 15:38:22.751  1431  1518 D ActivityManagerTiming: OnBootPhase_1000_com.android.server.blob.BlobStoreManagerService took to complete: 10ms
04-21 15:38:22.752  1431  1518 I ActivityManagerTiming: OnBootPhase_1000_com.android.server.biometrics.face.FaceService
04-21 15:38:22.752  1431  1518 D ActivityManagerTiming: OnBootPhase_1000_com.android.server.biometrics.face.FaceService took to complete: 0ms
04-21 15:38:22.752  1431  1518 I ActivityManagerTiming: OnBootPhase_1000_com.android.server.biometrics.fingerprint.FingerprintService
04-21 15:38:22.752  1431  1518 D ActivityManagerTiming: OnBootPhase_1000_com.android.server.biometrics.fingerprint.FingerprintService took to complete: 0ms
04-21 15:38:22.752  1431  1518 I ActivityManagerTiming: OnBootPhase_1000_com.android.server.biometrics.BiometricService
04-21 15:38:22.752  1431  1518 D ActivityManagerTiming: OnBootPhase_1000_com.android.server.biometrics.BiometricService took to complete: 0ms
04-21 15:38:22.752  1431  1518 I ActivityManagerTiming: OnBootPhase_1000_com.android.server.biometrics.AuthService
04-21 15:38:22.752  1431  1518 D ActivityManagerTiming: OnBootPhase_1000_com.android.server.biometrics.AuthService took to complete: 0ms
04-21 15:38:22.752  1431  1518 I ActivityManagerTiming: OnBootPhase_1000_com.android.server.pm.ShortcutService$Lifecycle
04-21 15:38:22.752  1431  1518 D ActivityManagerTiming: OnBootPhase_1000_com.android.server.pm.ShortcutService$Lifecycle took to complete: 0ms
04-21 15:38:22.752  1431  1518 I ActivityManagerTiming: OnBootPhase_1000_com.android.server.pm.LauncherAppsService
04-21 15:38:22.752  1431  1518 D ActivityManagerTiming: OnBootPhase_1000_com.android.server.pm.LauncherAppsService took to complete: 0ms
04-21 15:38:22.752  1431  1518 I ActivityManagerTiming: OnBootPhase_1000_com.android.server.pm.CrossProfileAppsService
04-21 15:38:22.752  1431  1518 D ActivityManagerTiming: OnBootPhase_1000_com.android.server.pm.CrossProfileAppsService took to complete: 0ms
04-21 15:38:22.752  1431  1518 I ActivityManagerTiming: OnBootPhase_1000_com.android.server.people.PeopleService
04-21 15:38:22.752  1431  1518 D ActivityManagerTiming: OnBootPhase_1000_com.android.server.people.PeopleService took to complete: 0ms
04-21 15:38:22.752  1431  1518 I ActivityManagerTiming: OnBootPhase_1000_com.android.server.pocket.PocketService
04-21 15:38:22.752  1431  1518 D ActivityManagerTiming: OnBootPhase_1000_com.android.server.pocket.PocketService took to complete: 0ms
04-21 15:38:22.752  1431  1518 I ActivityManagerTiming: OnBootPhase_1000_com.android.server.custom.LineageHardwareService
04-21 15:38:22.752  1431  1518 D ActivityManagerTiming: OnBootPhase_1000_com.android.server.custom.LineageHardwareService took to complete: 0ms
04-21 15:38:22.752  1431  1518 I ActivityManagerTiming: OnBootPhase_1000_com.android.server.custom.display.LiveDisplayService
04-21 15:38:22.753     0     0 I init    : processing action (sys.usb.config=none && sys.usb.configfs=1) from (/vendor/etc/init/hw/init.msm.usb.configfs.rc:30)
04-21 15:38:22.754  1431  1989 D ConnectivityService: Got NetworkProvider Messenger for WifiNetworkFactory
04-21 15:38:22.754  1431  1989 D ConnectivityService: Got NetworkProvider Messenger for UntrustedWifiNetworkFactory
04-21 15:38:22.754     0     0 I diag    : USB channel diag disconnected
04-21 15:38:22.755  1322  1322 I chatty  : uid=1001(radio) /system/vendor/bin/qti expire 7 lines
04-21 15:38:22.755  1080  1348 I adbd    : UsbFfs: connection terminated: read 2 failed with error Cannot send after transport endpoint shutdown
04-21 15:38:22.755  1080  1080 I adbd    : UsbFfs: offline
04-21 15:38:22.755  1080  1080 I adbd    : destroying transport UsbFfs
04-21 15:38:22.755  1080  1080 I adbd    : UsbFfsConnection being destroyed
04-21 15:38:22.756  1080  1120 I adbd    : USB event: FUNCTIONFS_UNBIND
04-21 15:38:22.756  1080  1120 W adbd    : received FUNCTIONFS_UNBIND while still enabled?
04-21 15:38:22.756  1080  1120 E adbd    : failed to send interruption signal to worker: No such process
04-21 15:38:22.767  1431  1985 I chatty  : uid=1000(system) WifiHandlerThre expire 21 lines
04-21 15:38:22.778  1431  1518 D ActivityManagerTiming: OnBootPhase_1000_com.android.server.custom.display.LiveDisplayService took to complete: 26ms
04-21 15:38:22.778  1431  1518 I ActivityManagerTiming: OnBootPhase_1000_com.android.server.media.projection.MediaProjectionManagerService
04-21 15:38:22.778  1431  1518 D ActivityManagerTiming: OnBootPhase_1000_com.android.server.media.projection.MediaProjectionManagerService took to complete: 0ms
04-21 15:38:22.778  1431  1518 I ActivityManagerTiming: OnBootPhase_1000_com.android.server.slice.SliceManagerService$Lifecycle
04-21 15:38:22.778  1431  1518 D ActivityManagerTiming: OnBootPhase_1000_com.android.server.slice.SliceManagerService$Lifecycle took to complete: 0ms
04-21 15:38:22.778  1431  1518 I ActivityManagerTiming: OnBootPhase_1000_com.android.server.camera.CameraServiceProxy
04-21 15:38:22.778  1431  1518 D ActivityManagerTiming: OnBootPhase_1000_com.android.server.camera.CameraServiceProxy took to complete: 0ms
04-21 15:38:22.778  1431  1518 I ActivityManagerTiming: OnBootPhase_1000_com.android.server.stats.StatsCompanion$Lifecycle
04-21 15:38:22.779  1431  1518 D ActivityManagerTiming: OnBootPhase_1000_com.android.server.stats.StatsCompanion$Lifecycle took to complete: 0ms
04-21 15:38:22.779  1431  1518 I ActivityManagerTiming: OnBootPhase_1000_com.android.server.stats.pull.StatsPullAtomService
04-21 15:38:22.779  1431  1518 D ActivityManagerTiming: OnBootPhase_1000_com.android.server.stats.pull.StatsPullAtomService took to complete: 0ms
04-21 15:38:22.779  1431  1518 I ActivityManagerTiming: OnBootPhase_1000_com.android.server.incident.IncidentCompanionService
04-21 15:38:22.779  1431  1518 D ActivityManagerTiming: OnBootPhase_1000_com.android.server.incident.IncidentCompanionService took to complete: 0ms
04-21 15:38:22.779  1431  1518 I ActivityManagerTiming: OnBootPhase_1000_com.android.server.MmsServiceBroker
04-21 15:38:22.779  1431  1518 D ActivityManagerTiming: OnBootPhase_1000_com.android.server.MmsServiceBroker took to complete: 0ms
04-21 15:38:22.779  1431  1518 I ActivityManagerTiming: OnBootPhase_1000_com.android.server.autofill.AutofillManagerService
04-21 15:38:22.779  1431  1518 D ActivityManagerTiming: OnBootPhase_1000_com.android.server.autofill.AutofillManagerService took to complete: 0ms
04-21 15:38:22.779  1431  1518 I ActivityManagerTiming: OnBootPhase_1000_com.android.server.clipboard.ClipboardService
04-21 15:38:22.779  1431  1518 D ActivityManagerTiming: OnBootPhase_1000_com.android.server.clipboard.ClipboardService took to complete: 0ms
04-21 15:38:22.779  1431  1518 I ActivityManagerTiming: OnBootPhase_1000_com.android.server.appbinding.AppBindingService$Lifecycle
04-21 15:38:22.779  1431  1518 D ActivityManagerTiming: OnBootPhase_1000_com.android.server.appbinding.AppBindingService$Lifecycle took to complete: 0ms
04-21 15:38:22.779  1431  1518 I ActivityManagerTiming: OnBootPhase_1000_com.android.server.policy.PermissionPolicyService
04-21 15:38:22.779  1431  1518 D ActivityManagerTiming: OnBootPhase_1000_com.android.server.policy.PermissionPolicyService took to complete: 0ms
04-21 15:38:22.779  1431  1518 I ActivityManagerTiming: OnBootPhase_1000_com.android.server.pm.StagingManager$Lifecycle
04-21 15:38:22.779  1431  1518 D ActivityManagerTiming: OnBootPhase_1000_com.android.server.pm.StagingManager$Lifecycle took to complete: 0ms
04-21 15:38:22.779  1431  1518 D ActivityManagerTiming: OnBootPhase_1000 took to complete: 73ms
04-21 15:38:22.779  1431  1518 D ActivityManagerTiming: TotalBootTime took to complete: 20080ms
04-21 15:38:22.779  1431  1518 D SystemServerInitThreadPool: Shutdown requested
04-21 15:38:22.779  1431  1518 I SystemServerTiming: WaitInitThreadPoolShutdown
04-21 15:38:22.780  1431  1518 D SystemServerInitThreadPool: Shutdown successful
04-21 15:38:22.780  1431  1518 D SystemServerTiming: WaitInitThreadPoolShutdown took to complete: 1ms
04-21 15:38:22.783     0     0 I init    : Command 'rm /config/usb_gadget/g1/configs/b.1/f6' action=sys.usb.config=none && sys.usb.configfs=1 (/vendor/etc/init/hw/init.msm.usb.configfs.rc:36) took 0ms and failed: unlink() failed: No such file or directory
04-21 15:38:22.783     0     0 I init    : Command 'rm /config/usb_gadget/g1/configs/b.1/f7' action=sys.usb.config=none && sys.usb.configfs=1 (/vendor/etc/init/hw/init.msm.usb.configfs.rc:37) took 0ms and failed: unlink() failed: No such file or directory
04-21 15:38:22.783  1431  1518 I ActivityManager: User 0 state changed from BOOTING to RUNNING_LOCKED
04-21 15:38:22.783     0     0 I init    : Command 'rm /config/usb_gadget/g1/configs/b.1/f8' action=sys.usb.config=none && sys.usb.configfs=1 (/vendor/etc/init/hw/init.msm.usb.configfs.rc:38) took 0ms and failed: unlink() failed: No such file or directory
04-21 15:38:22.783  1431  1518 W ActivityManager: UserLifecycleEvent 4 received without an active userJourneySession.
04-21 15:38:22.784     0     0 I init    : Command 'rm /config/usb_gadget/g1/configs/b.1/f9' action=sys.usb.config=none && sys.usb.configfs=1 (/vendor/etc/init/hw/init.msm.usb.configfs.rc:39) took 0ms and failed: unlink() failed: No such file or directory
04-21 15:38:22.784     0     0 I init    : processing action (sys.usb.config=none && sys.usb.configfs=1) from (/system/etc/init/hw/init.usb.configfs.rc:1)
04-21 15:38:22.785     0     0 I init    : Command 'write /config/usb_gadget/g1/UDC none' action=sys.usb.config=none && sys.usb.configfs=1 (/system/etc/init/hw/init.usb.configfs.rc:2) took 1ms and failed: Unable to write to file '/config/usb_gadget/g1/UDC': Unable to write file contents: No such device
04-21 15:38:22.785     0     0 I init    : Sending signal 9 to service 'adbd' (pid 1080) process group...
04-21 15:38:22.786  1431  1518 D StorageManagerService: unlockUserKey: 0 isFileEncryptedNativeOrEmulated: true hasToken: false hasSecret: false
04-21 15:38:22.786   597   597 D vold    : fscrypt_unlock_user_key 0 serial=0 token_present=0
04-21 15:38:22.788   597   597 D vold    : Skipping non-key .
04-21 15:38:22.788   597   597 D vold    : Skipping non-key ..
04-21 15:38:22.788   597   597 D vold    : Trying user CE key /data/misc/vold/user_keys/ce/0/current
04-21 15:38:22.788  1431  2888 W AdbDebuggingManager: Read failed with count -1
04-21 15:38:22.789  1431  2888 E AdbDebuggingManager: Caught an exception opening the socket: java.io.IOException: Connection refused
04-21 15:38:22.791     0     0 I libprocessgroup: Successfully killed process cgroup uid 0 pid 1080 in 5ms
04-21 15:38:22.792     0     0 I init    : Service 'adbd' (pid 1080) received signal 9
04-21 15:38:22.795   597   597 I vold    : List of Keymaster HALs found:
04-21 15:38:22.795   597   597 I vold    : Keymaster HAL #1: Keymaster HAL: 4 from QTI SecurityLevel: TRUSTED_ENVIRONMENT HAL: android.hardware.keymaster@4.1::IKeymasterDevice/default
04-21 15:38:22.795   597   597 I vold    : Using Keymaster HAL: 4 from QTI for encryption.  Security level: TRUSTED_ENVIRONMENT, HAL: android.hardware.keymaster@4.1::IKeymasterDevice/default
04-21 15:38:22.795   597   597 E vold    : Failed to read from /data/misc/vold/user_keys/ce/0/current/keymaster_key_blob: No such file or directory
04-21 15:38:22.796   597   597 E vold    : Failed to find working ce key for user 0
04-21 15:38:22.796   597   597 E vold    : Couldn't read key for 0
04-21 15:38:22.796  1431  1518 E StorageManagerService: android.os.ServiceSpecificException:  (code 0)
04-21 15:38:22.796  1431  1518 E StorageManagerService: 	at android.os.Parcel.createExceptionOrNull(Parcel.java:2387)
04-21 15:38:22.796  1431  1518 E StorageManagerService: 	at android.os.Parcel.createException(Parcel.java:2357)
04-21 15:38:22.796  1431  1518 E StorageManagerService: 	at android.os.Parcel.readException(Parcel.java:2340)
04-21 15:38:22.796  1431  1518 E StorageManagerService: 	at android.os.Parcel.readException(Parcel.java:2282)
04-21 15:38:22.796  1431  1518 E StorageManagerService: 	at android.os.IVold$Stub$Proxy.unlockUserKey(IVold.java:2575)
04-21 15:38:22.796  1431  1518 E StorageManagerService: 	at com.android.server.StorageManagerService.unlockUserKey(StorageManagerService.java:3323)
04-21 15:38:22.796  1431  1518 E StorageManagerService: 	at com.android.server.am.UserController.unlockUserCleared(UserController.java:1532)
04-21 15:38:22.796  1431  1518 E StorageManagerService: 	at com.android.server.am.UserController.maybeUnlockUser(UserController.java:1513)
04-21 15:38:22.796  1431  1518 E StorageManagerService: 	at com.android.server.am.UserController.finishUserBoot(UserController.java:540)
04-21 15:38:22.796  1431  1518 E StorageManagerService: 	at com.android.server.am.UserController.sendBootCompleted(UserController.java:2053)
04-21 15:38:22.796  1431  1518 E StorageManagerService: 	at com.android.server.am.ActivityManagerService.finishBooting(ActivityManagerService.java:5554)
04-21 15:38:22.796  1431  1518 E StorageManagerService: 	at com.android.server.am.ActivityManagerService.bootAnimationComplete(ActivityManagerService.java:5613)
04-21 15:38:22.796  1431  1518 E StorageManagerService: 	at com.android.server.wm.WindowManagerService.performEnableScreen(WindowManagerService.java:3491)
04-21 15:38:22.796  1431  1518 E StorageManagerService: 	at com.android.server.wm.WindowManagerService.access$1100(WindowManagerService.java:317)
04-21 15:38:22.796  1431  1518 E StorageManagerService: 	at com.android.server.wm.WindowManagerService$H.handleMessage(WindowManagerService.java:5058)
