04-21 15:38:12.710  1217  2136 I OMXMaster: makeComponentInstance(OMX.google.vorbis.decoder) in android.hardwar process
04-21 15:38:12.711  1192  1192 D incidentd: WorkDirectory::getReports
04-21 15:38:12.712  1431  1431 I ExplicitHealthCheckController: Explicit health check service is connected ComponentInfo{android.ext.services/android.ext.services.watchdog.ExplicitHealthCheckServiceImpl}
04-21 15:38:12.713  1431  1431 I ExplicitHealthCheckController: Service initialized, syncing requests
04-21 15:38:12.713  1431  1431 I Telecom : WiredHeadsetManager: ACTION_HEADSET_PLUG event, plugged in: false, : WHC.oADA@AAE
04-21 15:38:12.714  1431  1431 V NotificationAssistants: 0 notification assistant service connected: ComponentInfo{android.ext.services/android.ext.services.notification.Assistant}
04-21 15:38:12.715   969   969 I tftp_server: pid=969 tid=969 tftp-server : INF :[tftp_server.c, 659] rcvd request [1] [73] [1] [0] [104]
04-21 15:38:12.716   969  2634 I tftp_server: pid=969 tid=2634 tftp-server : INF :[tftp_server_utils.c, 113] file [readwrite/mcfg.tmp] : [/vendor/rfs/msm/mpss/readwrite/mcfg.tmp]
04-21 15:38:12.716   969  2634 I tftp_server: pid=969 tid=2634 tftp-server : INF :[tftp_server.c, 1202] OACK options : [7680, 1000, 0, 10, 0, 0, 0, 0]
04-21 15:38:12.716   969  2634 I tftp_server: pid=969 tid=2634 tftp-server : INF :[tftp_os_la.c, 63] open : [-1] [-1] [384] [0] [/vendor/rfs/msm/mpss/readwrite/mcfg.tmp]
04-21 15:38:12.717   969  2634 E tftp_server: pid=969 tid=2634 tftp-server : ERR :[tftp_os_la.c, 70] open failed: [2] [No such file or directory]
04-21 15:38:12.717   969  2634 E tftp_server: pid=969 tid=2634 tftp-server : ERR :[tftp_server.c, 1698] open failed : [-2] [Unknown error -2]
04-21 15:38:12.717   969  2634 E tftp_server: pid=969 tid=2634 tftp-server : ERR :[tftp_protocol.c, 1229] sending error-pkt. Code = 1, Msg = Err=2 String=No such file or directory
04-21 15:38:12.719   969   969 I tftp_server: pid=969 tid=969 tftp-server : INF :[tftp_server.c, 659] rcvd request [1] [65] [2] [0] [105]
04-21 15:38:12.719  1431  1431 W Looper  : Drained
04-21 15:38:12.720   969  2636 I tftp_server: pid=969 tid=2636 tftp-server : INF :[tftp_server_utils.c, 113] file [readwrite/mcfg.tmp] : [/vendor/rfs/msm/mpss/readwrite/mcfg.tmp]
04-21 15:38:12.722  1431  1431 W NotificationHistory: Attempted to add notif for locked/gone/disabled user 0
04-21 15:38:12.722   969  2636 I tftp_server: pid=969 tid=2636 tftp-server : INF :[tftp_server.c, 1202] OACK options : [7680, 1000, 10, 0, 0, 0, 0, 0]
04-21 15:38:12.723   969  2636 I tftp_server: pid=969 tid=2636 tftp-server : INF :[tftp_os_la.c, 63] open : [-1] [-1] [384] [577] [/vendor/rfs/msm/mpss/readwrite/mcfg.tmp]
04-21 15:38:12.723  1431  1431 D PackageWatchdog: Getting all observed packages pending health checks
04-21 15:38:12.723  1431  1431 I PackageWatchdog: Syncing health check requests for packages: {}
04-21 15:38:12.723  1431  1431 D ExplicitHealthCheckController: Getting health check supported packages
04-21 15:38:12.726  1431  2316 I ExplicitHealthCheckController: Explicit health check supported packages [PackageConfig{com.android.networkstack, 86400000}]
04-21 15:38:12.726  1431  2316 D PackageWatchdog: Received supported packages [PackageConfig{com.android.networkstack, 86400000}]
04-21 15:38:12.726  1431  2316 D ExplicitHealthCheckController: Getting health check requested packages
04-21 15:38:12.730  1431  2069 I ExplicitHealthCheckController: Explicit health check requested packages []
04-21 15:38:12.730   969  2636 I tftp_server: pid=969 tid=2636 tftp-server : INF :[tftp_server.c, 1465] WRQ stats : total-blocks = 1 : total-bytes = 1 : 1 timedout-pkts = 0, wrong-pkts = 0
04-21 15:38:12.730   969   969 I tftp_server: pid=969 tid=969 tftp-server : INF :[tftp_server.c, 659] rcvd request [1] [73] [1] [0] [106]
04-21 15:38:12.730   969  2636 I tftp_server: pid=969 tid=2636 tftp-server : INF :[tftp_server.c, 1469] WRQ time stats : Total : [TX, RX] = [194, 2578, 10]
04-21 15:38:12.730   969  2636 I tftp_server: pid=969 tid=2636 tftp-server : INF :[tftp_server.c, 1473] WRQ time stats : Tx [Min, Max] = [95, 99]
04-21 15:38:12.730  1431  2069 I ExplicitHealthCheckController: No more health check requests, unbinding...
04-21 15:38:12.730   969  2636 I tftp_server: pid=969 tid=2636 tftp-server : INF :[tftp_server.c, 1477] WRQ time stats : Rx [Min, Max] = [1007, 1571]
04-21 15:38:12.730   969  2639 I tftp_server: pid=969 tid=2639 tftp-server : INF :[tftp_server_utils.c, 113] file [readwrite/mcfg.tmp] : [/vendor/rfs/msm/mpss/readwrite/mcfg.tmp]
04-21 15:38:12.730   969  2639 I tftp_server: pid=969 tid=2639 tftp-server : INF :[tftp_server.c, 1202] OACK options : [7680, 1000, 1, 10, 0, 0, 0, 0]
04-21 15:38:12.730   969  2639 I tftp_server: pid=969 tid=2639 tftp-server : INF :[tftp_os_la.c, 63] open : [-1] [-1] [384] [0] [/vendor/rfs/msm/mpss/readwrite/mcfg.tmp]
04-21 15:38:12.731  1431  2069 I ExplicitHealthCheckController: Explicit health check service is unbound
04-21 15:38:12.732   969   969 I tftp_server: pid=969 tid=969 tftp-server : INF :[tftp_server.c, 659] rcvd request [1] [37] [2] [0] [107]
04-21 15:38:12.732   969  2639 I tftp_server: pid=969 tid=2639 tftp-server : INF :[tftp_protocol.c, 742] Recd END OF TRANSFER pkt. Code = 9, Msg = End of Transfer
04-21 15:38:12.732   969  2639 I tftp_server: pid=969 tid=2639 tftp-server : INF :[tftp_server.c, 1310] RRQ stats : sent_size = 0 total-blocks = 0 total-bytes = 0 timedout-pkts = 0, wrong-pkts = 0
04-21 15:38:12.732   969  2639 I tftp_server: pid=969 tid=2639 tftp-server : INF :[tftp_server.c, 1314] RRQ time stats : Total : [TX, RX] = [47, 1445]
04-21 15:38:12.732   969  2639 I tftp_server: pid=969 tid=2639 tftp-server : INF :[tftp_server.c, 1320] RRQ time stats : Tx/Rx [Min, Max] = [47, 47, 1445, 1445]
04-21 15:38:12.732   969  2639 I tftp_server: pid=969 tid=2639 tftp-server : INF :[tftp_server.c, 1336] RRQ was successfully processed.
04-21 15:38:12.733   969  2641 I tftp_server: pid=969 tid=2641 tftp-server : INF :[tftp_server_utils.c, 113] file [readwrite/mcfg.tmp] : [/vendor/rfs/msm/mpss/readwrite/mcfg.tmp]
04-21 15:38:12.733   969  2641 I tftp_server: pid=969 tid=2641 tftp-server : INF :[tftp_server.c, 1202] OACK options : [0, 0, 0, 0, 0, 0, 0, 0]
04-21 15:38:12.733   969  2641 I tftp_server: pid=969 tid=2641 tftp-server : INF :[tftp_server.c, 1554] unlink was success
04-21 15:38:12.736   969   969 I tftp_server: pid=969 tid=969 tftp-server : INF :[tftp_server.c, 659] rcvd request [1] [119] [1] [0] [108]
04-21 15:38:12.736   969  2642 I tftp_server: pid=969 tid=2642 tftp-server : INF :[tftp_server_utils.c, 113] file [readonly/firmware/image/modem_pr/mcfg/configs/mcfg_hw/mbn_hw.dig] : [/vendor/rfs/msm/mps
04-21 15:38:12.737   969  2642 I tftp_server: pid=969 tid=2642 tftp-server : INF :[tftp_server.c, 1202] OACK options : [7680, 1000, 32, 10, 0, 0, 0, 0]
04-21 15:38:12.737   969  2642 I tftp_server: pid=969 tid=2642 tftp-server : INF :[tftp_os_la.c, 63] open : [-1] [-1] [384] [0] [/vendor/rfs/msm/mpss/readonly/firmware/image/modem_pr/mcfg/configs/mcfg_hw
04-21 15:38:12.739   969   969 I tftp_server: pid=969 tid=969 tftp-server : INF :[tftp_server.c, 659] rcvd request [1] [127] [1] [0] [109]
04-21 15:38:12.739   969  2642 I tftp_server: pid=969 tid=2642 tftp-server : INF :[tftp_protocol.c, 742] Recd END OF TRANSFER pkt. Code = 9, Msg = End of Transfer
04-21 15:38:12.739   969  2642 I tftp_server: pid=969 tid=2642 tftp-server : INF :[tftp_server.c, 1310] RRQ stats : sent_size = 0 total-blocks = 0 total-bytes = 0 timedout-pkts = 0, wrong-pkts = 0
04-21 15:38:12.739   969  2642 I tftp_server: pid=969 tid=2642 tftp-server : INF :[tftp_server.c, 1314] RRQ time stats : Total : [TX, RX] = [79, 1766]
04-21 15:38:12.739   969  2642 I tftp_server: pid=969 tid=2642 tftp-server : INF :[tftp_server.c, 1320] RRQ time stats : Tx/Rx [Min, Max] = [79, 79, 1766, 1766]
04-21 15:38:12.739   969  2642 I tftp_server: pid=969 tid=2642 tftp-server : INF :[tftp_server.c, 1336] RRQ was successfully processed.
04-21 15:38:12.739   969  2643 I tftp_server: pid=969 tid=2643 tftp-server : INF :[tftp_server_utils.c, 113] file [readonly/firmware/image/modem_pr/mcfg/configs/mcfg_hw/mbn_hw.dig] : [/vendor/rfs/msm/mps
04-21 15:38:12.739   969  2643 I tftp_server: pid=969 tid=2643 tftp-server : INF :[tftp_server.c, 1202] OACK options : [7680, 1000, 0, 10, 32, 0, 0, 0]
04-21 15:38:12.739   969  2643 I tftp_server: pid=969 tid=2643 tftp-server : INF :[tftp_os_la.c, 63] open : [-1] [-1] [384] [0] [/vendor/rfs/msm/mpss/readonly/firmware/image/modem_pr/mcfg/configs/mcfg_hw
04-21 15:38:12.741   969  2643 I tftp_server: pid=969 tid=2643 tftp-server : INF :[tftp_server.c, 1310] RRQ stats : sent_size = 32 total-blocks = 1 total-bytes = 32 timedout-pkts = 0, wrong-pkts = 0
04-21 15:38:12.741   969   969 I tftp_server: pid=969 tid=969 tftp-server : INF :[tftp_server.c, 659] rcvd request [1] [119] [1] [0] [110]
04-21 15:38:12.741   969  2643 I tftp_server: pid=969 tid=2643 tftp-server : INF :[tftp_server.c, 1314] RRQ time stats : Total : [TX, RX] = [115, 989]
04-21 15:38:12.742   969  2643 I tftp_server: pid=969 tid=2643 tftp-server : INF :[tftp_server.c, 1320] RRQ time stats : Tx/Rx [Min, Max] = [56, 59, 196, 793]
04-21 15:38:12.742   969  2643 I tftp_server: pid=969 tid=2643 tftp-server : INF :[tftp_server.c, 1336] RRQ was successfully processed.
04-21 15:38:12.742   969  2645 I tftp_server: pid=969 tid=2645 tftp-server : INF :[tftp_server_utils.c, 113] file [readonly/firmware/image/modem_pr/mcfg/configs/mcfg_sw/mbn_sw.dig] : [/vendor/rfs/msm/mps
04-21 15:38:12.742   969  2645 I tftp_server: pid=969 tid=2645 tftp-server : INF :[tftp_server.c, 1202] OACK options : [7680, 1000, 32, 10, 0, 0, 0, 0]
04-21 15:38:12.742   969  2645 I tftp_server: pid=969 tid=2645 tftp-server : INF :[tftp_os_la.c, 63] open : [-1] [-1] [384] [0] [/vendor/rfs/msm/mpss/readonly/firmware/image/modem_pr/mcfg/configs/mcfg_sw
04-21 15:38:12.744   969   969 I tftp_server: pid=969 tid=969 tftp-server : INF :[tftp_server.c, 659] rcvd request [1] [127] [1] [0] [111]
04-21 15:38:12.744   969  2645 I tftp_server: pid=969 tid=2645 tftp-server : INF :[tftp_protocol.c, 742] Recd END OF TRANSFER pkt. Code = 9, Msg = End of Transfer
04-21 15:38:12.745   969  2648 I tftp_server: pid=969 tid=2648 tftp-server : INF :[tftp_server_utils.c, 113] file [readonly/firmware/image/modem_pr/mcfg/configs/mcfg_sw/mbn_sw.dig] : [/vendor/rfs/msm/mps
04-21 15:38:12.745   969  2648 I tftp_server: pid=969 tid=2648 tftp-server : INF :[tftp_server.c, 1202] OACK options : [7680, 1000, 0, 10, 32, 0, 0, 0]
04-21 15:38:12.745   969  2648 I tftp_server: pid=969 tid=2648 tftp-server : INF :[tftp_os_la.c, 63] open : [-1] [-1] [384] [0] [/vendor/rfs/msm/mpss/readonly/firmware/image/modem_pr/mcfg/configs/mcfg_sw
04-21 15:38:12.745  2108  2644 W ContextImpl: Calling a method in the system process without a qualified user: android.app.ContextImpl.sendBroadcast:1111 android.content.ContextWrapper.sendBroadcast:468 com.android.systemui.statusbar.policy.FlashlightControllerImpl$1.onTorchModeChanged:233 android.hardware.camera2.CameraManager$CameraManagerGlobal.lambda$postSingleTorchUpdate$0:1678 android.hardware.camera2.-$$Lambda$CameraManager$CameraManagerGlobal$CONvadOBAEkcHSpx8j61v67qRGM.run:6 
04-21 15:38:12.746   969  2645 I tftp_server: pid=969 tid=2645 tftp-server : INF :[tftp_server.c, 1310] RRQ stats : sent_size = 0 total-blocks = 0 total-bytes = 0 timedout-pkts = 0, wrong-pkts = 0
04-21 15:38:12.746   969  2645 I tftp_server: pid=969 tid=2645 tftp-server : INF :[tftp_server.c, 1314] RRQ time stats : Total : [TX, RX] = [120, 1194]
04-21 15:38:12.747   969  2645 I tftp_server: pid=969 tid=2645 tftp-server : INF :[tftp_server.c, 1320] RRQ time stats : Tx/Rx [Min, Max] = [120, 120, 1194, 1194]
04-21 15:38:12.747   969  2645 I tftp_server: pid=969 tid=2645 tftp-server : INF :[tftp_server.c, 1336] RRQ was successfully processed.
04-21 15:38:12.749   969  2648 I tftp_server: pid=969 tid=2648 tftp-server : INF :[tftp_server.c, 1310] RRQ stats : sent_size = 32 total-blocks = 1 total-bytes = 32 timedout-pkts = 0, wrong-pkts = 0
04-21 15:38:12.750   969  2648 I tftp_server: pid=969 tid=2648 tftp-server : INF :[tftp_server.c, 1314] RRQ time stats : Total : [TX, RX] = [2606, 1552]
04-21 15:38:12.750   969  2648 I tftp_server: pid=969 tid=2648 tftp-server : INF :[tftp_server.c, 1320] RRQ time stats : Tx/Rx [Min, Max] = [47, 2559, 332, 1220]
04-21 15:38:12.750   969  2648 I tftp_server: pid=969 tid=2648 tftp-server : INF :[tftp_server.c, 1336] RRQ was successfully processed.
04-21 15:38:12.753  1431  1518 I ActivityManagerTiming: FinishBooting
04-21 15:38:12.754  1431  1518 W KeyguardServiceDelegate: onScreenTurningOn(): no keyguard service!
04-21 15:38:12.785  1200  1200 E Utils   : did not find channel-count and/or sample-rate
04-21 15:38:12.791  2659  2659 I panel-info-sh: Get touch_vendor unsuccessfully, try again...
04-21 15:38:12.797  1431  2665 I chatty  : uid=1000 system_server expire 1 line
04-21 15:38:12.797  1217  1217 I OMXMaster: makeComponentInstance(OMX.google.vorbis.decoder) in android.hardwar process
04-21 15:38:12.802  1200  1200 E Utils   : did not find channel-count and/or sample-rate
04-21 15:38:12.812  1431  2677 I chatty  : uid=1000 system_server expire 1 line
04-21 15:38:12.813  1217  1217 I OMXMaster: makeComponentInstance(OMX.google.vorbis.decoder) in android.hardwar process
04-21 15:38:12.814  1200  1200 E Utils   : did not find channel-count and/or sample-rate
04-21 15:38:12.825  2108  2683 I chatty  : uid=1000(system) com.android.systemui expire 1 line
04-21 15:38:12.826  1217  2666 I OMXMaster: makeComponentInstance(OMX.google.vorbis.decoder) in android.hardwar process
04-21 15:38:12.851  1200  1200 E Utils   : did not find channel-count and/or sample-rate
04-21 15:38:12.856  1431  2687 I chatty  : uid=1000 system_server expire 1 line
04-21 15:38:12.857  1217  2099 I OMXMaster: makeComponentInstance(OMX.google.vorbis.decoder) in android.hardwar process
04-21 15:38:12.871  1200  2074 E Utils   : did not find channel-count and/or sample-rate
04-21 15:38:12.875  1431  2691 I chatty  : uid=1000 system_server expire 1 line
04-21 15:38:12.875  1217  2099 I OMXMaster: makeComponentInstance(OMX.google.vorbis.decoder) in android.hardwar process
04-21 15:38:12.882  2108  2660 I chatty  : uid=1000(system) RenderThread expire 11 lines
04-21 15:38:12.884  2213  2213 D NetworkSecurityConfig: No Network Security Config specified, using platform default
04-21 15:38:12.884  2213  2213 W nsconfig: com.android.networkstack.process: New config does not match the previously set config.
04-21 15:38:12.931  1431  1989 D ConnectivityService: NetReassign [no changes]
04-21 15:38:12.939  1431  2069 D CompatibilityChangeReporter: Compat change id reported: 124107808; UID 1001; state: ENABLED
04-21 15:38:12.939  1431  2069 D CompatibilityChangeReporter: Compat change id reported: 124107808; UID 1001; state: DISABLED
04-21 15:38:12.943  2108  2108 D SystemUIBootTiming: StartServicescom.android.systemui.statusbar.phone.StatusBar took to complete: 620ms
04-21 15:38:12.946  2108  2108 D SystemUIBootTiming: StartServicescom.android.systemui.usb.StorageNotification took to complete: 3ms
04-21 15:38:12.950  1431  1989 D ConnectivityService: NetReassign [no changes]
04-21 15:38:12.955  2108  2108 D SystemUIBootTiming: StartServicescom.android.systemui.power.PowerUI took to complete: 9ms
04-21 15:38:12.956  2108  2108 D SystemUIBootTiming: StartServicescom.android.systemui.media.RingtonePlayer took to complete: 1ms
04-21 15:38:12.957  2108  2108 D SystemUIBootTiming: StartServicescom.android.systemui.keyboard.KeyboardUI took to complete: 1ms
04-21 15:38:12.958  2108  2108 D SystemUIBootTiming: StartServicescom.android.systemui.pip.PipUI took to complete: 1ms
04-21 15:38:12.959  2108  2108 D SystemUIBootTiming: StartServicescom.android.systemui.shortcut.ShortcutKeyDispatcher took to complete: 1ms
04-21 15:38:12.959  2108  2108 D SystemUIBootTiming: StartServicescom.android.systemui.VendorServices took to complete: 0ms
04-21 15:38:12.960  2108  2108 D SystemUIBootTiming: StartServicescom.android.systemui.util.leak.GarbageMonitor$Service took to complete: 1ms
04-21 15:38:12.960  2108  2108 D SystemUIBootTiming: StartServicescom.android.systemui.LatencyTester took to complete: 0ms
04-21 15:38:12.962  2108  2108 D SystemUIBootTiming: StartServicescom.android.systemui.globalactions.GlobalActionsComponent took to complete: 2ms
04-21 15:38:12.963  2108  2108 D SystemUIBootTiming: StartServicescom.android.systemui.ScreenDecorations took to complete: 0ms
04-21 15:38:12.964  2108  2108 D SystemUIBootTiming: StartServicescom.android.systemui.biometrics.AuthController took to complete: 1ms
04-21 15:38:12.985  1291  1291 I [GF_HAL]: [goodix_extCmd]receive MIUI cmd=10, param=0
04-21 15:38:12.985  1291  1291 I [GF_HAL]: [goodix_extCmd]HBM or Green Spot vanished
04-21 15:38:12.986     0     0 I msm-dsi-panel: [panel_disp_param_send_lock:4677] FOD backlight
04-21 15:38:12.986     0     0 I msm-dsi-panel: [panel_disp_param_send_lock:4680] FOD backlight restore last_bl_lvl=722, doze_state=0
04-21 15:38:13.045  1431  1989 D ConnectivityService: NetReassign [no changes]
04-21 15:38:13.114  1431  1989 D ConnectivityService: Got NetworkProvider Messenger for PhoneSwitcherNetworkRequstListener
04-21 15:38:13.124  1431  1989 D ConnectivityService: Got NetworkProvider Messenger for TelephonyNetworkFactory[0]
04-21 15:38:13.127  1431  1989 D ConnectivityService: Got NetworkProvider Messenger for TelephonyNetworkFactory[1]
04-21 15:38:13.144  2486  2712 I chatty  : uid=1001(radio) AsyncTask #1 expire 1 line
04-21 15:38:13.156  1431  2003 D BluetoothManagerService: Trying to bind to profile: 1, while Bluetooth was disabled
04-21 15:38:13.217  2108  2108 D SystemUIBootTiming: StartServicescom.android.systemui.biometrics.FODCircleViewImpl took to complete: 253ms
04-21 15:38:13.218  2108  2108 D SystemUIBootTiming: StartServicescom.android.systemui.SliceBroadcastRelayHandler took to complete: 1ms
04-21 15:38:13.218  2108  2108 D SystemUIBootTiming: StartServicescom.android.systemui.SizeCompatModeActivityController took to complete: 0ms
04-21 15:38:13.220  2108  2108 D SystemUIBootTiming: StartServicescom.android.systemui.statusbar.notification.InstantAppNotifier took to complete: 1ms
04-21 15:38:13.222  2108  2108 D SystemUIBootTiming: StartServicescom.android.systemui.theme.ThemeOverlayController took to complete: 1ms
04-21 15:38:13.223  2108  2108 D SystemUIBootTiming: StartServicescom.android.systemui.accessibility.WindowMagnification took to complete: 1ms
04-21 15:38:13.232  2108  2108 D SystemUIBootTiming: StartServicescom.android.systemui.accessibility.SystemActions took to complete: 8ms
04-21 15:38:13.232  2108  2108 D SystemUIBootTiming: StartServicescom.android.systemui.toast.ToastUI took to complete: 0ms
04-21 15:38:13.245  2108  2108 D SystemUIBootTiming: StartServices took to complete: 1258ms
04-21 15:38:13.251  2108  2469 I chatty  : uid=1000(system) Binder:2108_4 expire 16 lines
04-21 15:38:13.290  2108  2158 I chatty  : uid=1000(system) Binder:2108_3 expire 8 lines
04-21 15:38:13.291  2486  2711 I chatty  : uid=1001(radio) Binder:2486_4 expire 36 lines
04-21 15:38:13.291  2486  2696 I chatty  : uid=1001(radio) Binder:2486_3 expire 36 lines
04-21 15:38:13.291  2486  2520 I chatty  : uid=1001(radio) Binder:2486_2 expire 28 lines
04-21 15:38:13.292  2108  2637 I chatty  : uid=1000(system) Binder:2108_5 expire 2 lines
04-21 15:38:13.344  1431  2069 I chatty  : uid=1000(system) Binder:1431_5 expire 41 lines
04-21 15:38:13.356  2108  2315 I chatty  : uid=1000(system) ImageWallpaper expire 13 lines
04-21 15:38:13.392  1431  2068 E WindowManager: Window Session Crash
04-21 15:38:13.392  1431  2068 E WindowManager: java.lang.IllegalArgumentException: Requested window null does not exist
04-21 15:38:13.392  1431  2068 E WindowManager: 	at com.android.server.wm.WindowManagerService.windowForClientLocked(WindowManagerService.java:5455)
04-21 15:38:13.392  1431  2068 E WindowManager: 	at com.android.server.wm.Session.actionOnWallpaper(Session.java:356)
04-21 15:38:13.392  1431  2068 E WindowManager: 	at com.android.server.wm.Session.setWallpaperZoomOut(Session.java:382)
04-21 15:38:13.392  1431  2068 E WindowManager: 	at android.view.IWindowSession$Stub.onTransact(IWindowSession.java:1154)
04-21 15:38:13.392  1431  2068 E WindowManager: 	at com.android.server.wm.Session.onTransact(Session.java:139)
04-21 15:38:13.392  1431  2068 E WindowManager: 	at android.os.Binder.execTransactInternal(Binder.java:1159)
04-21 15:38:13.392  1431  2068 E WindowManager: 	at android.os.Binder.execTransact(Binder.java:1123)
04-21 15:38:13.393  1431  1555 I DropBoxManagerService: add tag=system_server_wtf isTagEnabled=true flags=0x2
04-21 15:38:13.582  2108  2140 I chatty  : uid=1000(system) FinalizerDaemon expire 14 lines
04-21 15:38:13.600  1431  2590 I chatty  : uid=1000(system) Binder:1431_A expire 29 lines
04-21 15:38:13.600  2486  2720 I chatty  : uid=1001(radio) Binder:2486_5 expire 24 lines
04-21 15:38:13.600  2486  2721 I chatty  : uid=1001(radio) Binder:2486_6 expire 30 lines
04-21 15:38:13.601  2486  2726 I chatty  : uid=1001(radio) Binder:2486_7 expire 29 lines
04-21 15:38:13.667  1431  2068 V WindowManager: Orientation start waiting for draw, mDrawState=DRAW_PENDING in Window{2bc432a u0 NotificationShade}, surfaceController Surface(name=NotificationShade)/@0x70beb6f
04-21 15:38:13.681  1431  1519 V WindowManager: Orientation start waiting for draw, mDrawState=DRAW_PENDING in Window{7f405e8 u0 com.android.systemui.ImageWallpaper}, surfaceController Surface(name=com.android.systemui.ImageWallpaper)/@0x78fd967
04-21 15:38:13.821  2736  2736 I panel-info-sh: Get touch_vendor unsuccessfully, try again...
04-21 15:38:13.840  2108  2264 I chatty  : uid=1000(system) SysUiBg expire 50 lines
04-21 15:38:13.906  1431  1555 D CompatibilityChangeReporter: Compat change id reported: 135634846; UID 10207; state: DISABLED
04-21 15:38:13.906  1431  1556 D CompatibilityChangeReporter: Compat change id reported: 143937733; UID 10207; state: ENABLED
04-21 15:38:13.928   816   816 D Zygote  : Forked child process 2739
04-21 15:38:13.933  1431  1556 I ActivityManager: Start proc 2739:com.android.cellbroadcastreceiver.module/u0a207 for broadcast {com.android.cellbroadcastreceiver.module/com.android.cellbroadcastreceiver.CellBroadcastReceiver}
04-21 15:38:13.935  2739  2739 I Zygote  : seccomp disabled by setenforce 0
04-21 15:38:13.946  2739  2739 E receiver.modul: Not starting debugger since process cannot load the jdwp agent.
04-21 15:38:13.948  2739  2739 W receiver.modul: Core platform API violation: Ljava/lang/reflect/Field;->accessFlags:I from Landroid/os/Build; using reflection
04-21 15:38:13.974  1431  2068 D ConnectivityService: requestNetwork for uid/pid:1001/2486 NetworkRequest [ TRACK_DEFAULT id=20, [ Capabilities: INTERNET&NOT_RESTRICTED&TRUSTED Uid: 1001 AdministratorUids: [] RequestorUid: 1001 RequestorPackageName: com.android.phone] ]
04-21 15:38:13.974  1431  1989 D ConnectivityService: NetReassign [no changes]
04-21 15:38:14.022  2739  2739 D NetworkSecurityConfig: No Network Security Config specified, using platform default
04-21 15:38:14.022  2739  2739 D NetworkSecurityConfig: No Network Security Config specified, using platform default
04-21 15:38:14.028  1431  2069 I Telecom : PhoneAccountRegistrar: New phone account registered: [[ ] PhoneAccount: ComponentInfo{com.android.phone/com.android.services.telephony.TelephonyConnectionService}, ***, UserHandle{0} Capabilities: SuppVideo CallProvider MultiUser PlaceEmerg SimSub  Audio Routes: BESW Schemes: tel voicemail  Extras: Bundle[{android.telecom.extra.SUPPORTS_VIDEO_CALLING_FALLBACK=true}] GroupId: ***]: TSI.rPA@AAg
04-21 15:38:14.038  1431  2069 I Telecom : CallsManager: Sending phone-account ComponentInfo{com.android.phone/com.android.services.telephony.TelephonyConnectionService}, ***, UserHandle{0} registered intent as user: TSI.rPA@AAg
04-21 15:38:14.039  1431  2069 I Telecom : CallsManager: Sending phone-account registered intent to default dialer: TSI.rPA@AAg
04-21 15:38:14.045  2739  2739 D CellBroadcastReceiver: onReceive Intent { act=android.intent.action.SERVICE_STATE flg=0x1000010 cmp=com.android.cellbroadcastreceiver.module/com.android.cellbroadcastreceiver.CellBroadcastReceiver (has extras) }
04-21 15:38:14.046  1431  2068 I Telecom : CallsManager: Sending phone-account ComponentInfo{com.android.phone/com.android.services.telephony.TelephonyConnectionService}, ***, UserHandle{0} unregistered intent as user: TSI.uPA@AAo
04-21 15:38:14.047  1431  2068 I Telecom : CallsManager: Sending phone-account unregistered intent to default dialer: TSI.uPA@AAo
04-21 15:38:14.049  1431  2068 I Telecom : CallsManager: Sending phone-account ComponentInfo{com.android.phone/com.android.services.telephony.TelephonyConnectionService}, ***, UserHandle{0} unregistered intent as user: TSI.uPA@AAs
04-21 15:38:14.050  1431  2068 I Telecom : CallsManager: Sending phone-account unregistered intent to default dialer: TSI.uPA@AAs
04-21 15:38:14.053  2739  2739 D CellBroadcastReceiver: onReceive Intent { act=android.intent.action.SERVICE_STATE flg=0x1000010 cmp=com.android.cellbroadcastreceiver.module/com.android.cellbroadcastreceiver.CellBroadcastReceiver (has extras) }
04-21 15:38:14.060  1431  2316 I chatty  : uid=1000(system) Binder:1431_6 expire 49 lines
04-21 15:38:14.061  2108  2144 I chatty  : uid=1000(system) Binder:2108_1 expire 25 lines
04-21 15:38:14.061  2486  2727 I chatty  : uid=1001(radio) Binder:2486_8 expire 32 lines
04-21 15:38:14.061  2486  2516 I chatty  : uid=1001(radio) Binder:2486_1 expire 33 lines
04-21 15:38:14.070  2739  2739 D CellBroadcastReceiver: onReceive Intent { act=android.intent.action.SERVICE_STATE flg=0x1000010 cmp=com.android.cellbroadcastreceiver.module/com.android.cellbroadcastreceiver.CellBroadcastReceiver (has extras) }
04-21 15:38:14.092  1431  2316 I Telecom : PhoneAccountRegistrar: Modify account: [ComponentInfo{com.android.phone/com.android.services.telephony.TelephonyConnectionService}, ***, UserHandle{0}]: TSI.rPA@AAw
04-21 15:38:14.095  1431  2316 I Telecom : CallsManager: handlePhoneAccountChanged: phoneAccount=[[X] PhoneAccount: ComponentInfo{com.android.phone/com.android.services.telephony.TelephonyConnectionService}, ***, UserHandle{0} Capabilities: SuppVideo CallProvider MultiUser PlaceEmerg SimSub  Audio Routes: BESW Schemes: tel voicemail  Extras: Bundle[{android.telecom.extra.SUPPORTS_VIDEO_CALLING_FALLBACK=true}] GroupId: ***]: TSI.rPA@AAw
04-21 15:38:14.212  1431  2316 I Telecom : PhoneAccountRegistrar: Modify account: [ComponentInfo{com.android.phone/com.android.services.telephony.TelephonyConnectionService}, ***, UserHandle{0}]: TSI.rPA@AA4
04-21 15:38:14.213  1431  2316 I Telecom : CallsManager: handlePhoneAccountChanged: phoneAccount=[[X] PhoneAccount: ComponentInfo{com.android.phone/com.android.services.telephony.TelephonyConnectionService}, ***, UserHandle{0} Capabilities: SuppVideo CallProvider MultiUser PlaceEmerg SimSub  Audio Routes: BESW Schemes: tel voicemail  Extras: Bundle[{android.telecom.extra.SUPPORTS_VIDEO_CALLING_FALLBACK=true}] GroupId: ***]: TSI.rPA@AA4
04-21 15:38:14.227   597   597 E Cryptfs : cryptfs_get_password not valid for file encryption
04-21 15:38:14.231  2108  2149 I chatty  : uid=1000(system) Binder:2108_2 expire 13 lines
04-21 15:38:14.232  2486  2766 I chatty  : uid=1001(radio) Binder:2486_9 expire 11 lines
04-21 15:38:14.232  2486  2767 I chatty  : uid=1001(radio) Binder:2486_A expire 18 lines
04-21 15:38:14.243  1431  1519 V WindowManager: Orientation start waiting for draw, mDrawState=DRAW_PENDING in Window{2bc432a u0 NotificationShade}, surfaceController Surface(name=NotificationShade)/@0x70beb6f
04-21 15:38:14.244  2108  2647 I chatty  : uid=1000(system) AssistHandleThr expire 1 line
04-21 15:38:14.259  2486  2772 I chatty  : uid=1001(radio) Binder:2486_B expire 28 lines
04-21 15:38:14.280  1431  2068 I Telecom : PhoneAccountRegistrar: Modify account: [ComponentInfo{com.android.phone/com.android.services.telephony.TelephonyConnectionService}, ***, UserHandle{0}]: TSI.rPA@ABA
04-21 15:38:14.281  1431  2068 I Telecom : CallsManager: handlePhoneAccountChanged: phoneAccount=[[X] PhoneAccount: ComponentInfo{com.android.phone/com.android.services.telephony.TelephonyConnectionService}, ***, UserHandle{0} Capabilities: SuppVideo CallProvider MultiUser PlaceEmerg SimSub  Audio Routes: BESW Schemes: tel voicemail  Extras: Bundle[{android.telecom.extra.SUPPORTS_VIDEO_CALLING_FALLBACK=true}] GroupId: ***]: TSI.rPA@ABA
04-21 15:38:14.297  1431  2069 I Telecom : PhoneAccountRegistrar: Modify account: [ComponentInfo{com.android.phone/com.android.services.telephony.TelephonyConnectionService}, ***, UserHandle{0}]: TSI.rPA@ABI
04-21 15:38:14.298  1431  2069 I Telecom : CallsManager: handlePhoneAccountChanged: phoneAccount=[[X] PhoneAccount: ComponentInfo{com.android.phone/com.android.services.telephony.TelephonyConnectionService}, ***, UserHandle{0} Capabilities: SuppVideo CallProvider MultiUser PlaceEmerg SimSub  Audio Routes: BESW Schemes: tel voicemail  Extras: Bundle[{android.telecom.extra.SUPPORTS_VIDEO_CALLING_FALLBACK=true}] GroupId: ***]: TSI.rPA@ABI
04-21 15:38:14.339  1431  2069 I Telecom : PhoneAccountRegistrar: Modify account: [ComponentInfo{com.android.phone/com.android.services.telephony.TelephonyConnectionService}, ***, UserHandle{0}]: TSI.rPA@ABQ
04-21 15:38:14.340  1431  2069 I Telecom : CallsManager: handlePhoneAccountChanged: phoneAccount=[[X] PhoneAccount: ComponentInfo{com.android.phone/com.android.services.telephony.TelephonyConnectionService}, ***, UserHandle{0} Capabilities: SuppVideo CallProvider MultiUser PlaceEmerg SimSub  Audio Routes: BESW Schemes: tel voicemail  Extras: Bundle[{android.telecom.extra.SUPPORTS_VIDEO_CALLING_FALLBACK=true}] GroupId: ***]: TSI.rPA@ABQ
04-21 15:38:14.355  1431  1495 I Telecom : PhoneAccountRegistrar: Modify account: [ComponentInfo{com.android.phone/com.android.services.telephony.TelephonyConnectionService}, ***, UserHandle{0}]: TSI.rPA@ABY
04-21 15:38:14.356  1431  1495 I Telecom : CallsManager: handlePhoneAccountChanged: phoneAccount=[[X] PhoneAccount: ComponentInfo{com.android.phone/com.android.services.telephony.TelephonyConnectionService}, ***, UserHandle{0} Capabilities: SuppVideo CallProvider MultiUser PlaceEmerg SimSub  Audio Routes: BESW Schemes: tel voicemail  Extras: Bundle[{android.telecom.extra.SUPPORTS_VIDEO_CALLING_FALLBACK=true}] GroupId: ***]: TSI.rPA@ABY
04-21 15:38:14.393  2739  2739 D CellBroadcastReceiver: onReceive Intent { act=android.intent.action.SERVICE_STATE flg=0x1000010 cmp=com.android.cellbroadcastreceiver.module/com.android.cellbroadcastreceiver.CellBroadcastReceiver (has extras) }
04-21 15:38:14.395  2739  2739 D CellBroadcastReceiver: onReceive Intent { act=android.intent.action.SERVICE_STATE flg=0x1000010 cmp=com.android.cellbroadcastreceiver.module/com.android.cellbroadcastreceiver.CellBroadcastReceiver (has extras) }
04-21 15:38:14.396  2739  2739 D CellBroadcastReceiver: Start Cell Broadcast configuration.
04-21 15:38:14.413  2739  2739 D CellBroadcastReceiver: onReceive Intent { act=android.intent.action.SERVICE_STATE flg=0x1000010 cmp=com.android.cellbroadcastreceiver.module/com.android.cellbroadcastreceiver.CellBroadcastReceiver (has extras) }
04-21 15:38:14.415   871   914 I chatty  : uid=1041(audioserver) HwBinder:871_1 expire 84 lines
04-21 15:38:14.427  2486  2774 I chatty  : uid=1001(radio) Binder:2486_C expire 29 lines
04-21 15:38:14.429  1431  1982 W BestClock: java.time.DateTimeException: Missing NTP fix
04-21 15:38:14.431  1431  1982 W BestClock: java.time.DateTimeException: Missing NTP fix
04-21 15:38:14.444  2739  2739 D CellBroadcastReceiver: onReceive Intent { act=android.intent.action.SERVICE_STATE flg=0x1000010 cmp=com.android.cellbroadcastreceiver.module/com.android.cellbroadcastreceiver.CellBroadcastReceiver (has extras) }
04-21 15:38:14.448  1431  1495 I Telecom : PhoneAccountRegistrar: Modify account: [ComponentInfo{com.android.phone/com.android.services.telephony.TelephonyConnectionService}, ***, UserHandle{0}]: TSI.rPA@ABg
04-21 15:38:14.449  1431  1495 I Telecom : CallsManager: handlePhoneAccountChanged: phoneAccount=[[X] PhoneAccount: ComponentInfo{com.android.phone/com.android.services.telephony.TelephonyConnectionService}, ***, UserHandle{0} Capabilities: SuppVideo CallProvider MultiUser PlaceEmerg SimSub  Audio Routes: BESW Schemes: tel voicemail  Extras: Bundle[{android.telecom.extra.SUPPORTS_VIDEO_CALLING_FALLBACK=true}] GroupId: ***]: TSI.rPA@ABg
04-21 15:38:14.455  1431  2316 I ActivityTaskManager: Config changes=3 {1.0 268mcc3mnc [en_US] ldltr sw400dp w400dp h796dp 432dpi nrml long hdr widecg port night finger -keyb/v/h -nav/h winConfig={ mBounds=Rect(0, 0 - 1080, 2340) mAppBounds=Rect(0, 81 - 1080, 2232) mWindowingMode=fullscreen mDisplayWindowingMode=fullscreen mActivityType=undefined mAlwaysOnTop=undefined mRotation=ROTATION_0} s.24}
04-21 15:38:14.478  1431  2316 I WindowManager: Override config changes=3 {1.0 268mcc3mnc [en_US] ldltr sw400dp w400dp h796dp 432dpi nrml long hdr widecg port night finger -keyb/v/h -nav/h winConfig={ mBounds=Rect(0, 0 - 1080, 2340) mAppBounds=Rect(0, 81 - 1080, 2232) mWindowingMode=fullscreen mDisplayWindowingMode=fullscreen mActivityType=undefined mAlwaysOnTop=undefined mRotation=ROTATION_0} s.24} for displayId=0
04-21 15:38:14.482  1431  2316 V WindowManager: Orientation start waiting for draw, mDrawState=DRAW_PENDING in Window{f13dfd4 u0 NavigationBar0}, surfaceController Surface(name=NavigationBar0)/@0xac886b1
04-21 15:38:14.482  1431  2316 V WindowManager: Orientation start waiting for draw, mDrawState=DRAW_PENDING in Window{2bc432a u0 NotificationShade}, surfaceController Surface(name=NotificationShade)/@0x70beb6f
04-21 15:38:14.482  1431  2316 V WindowManager: Orientation start waiting for draw, mDrawState=DRAW_PENDING in Window{c27b664 u0 StatusBar}, surfaceController Surface(name=StatusBar)/@0xe517796
04-21 15:38:14.482  1431  2316 V WindowManager: Orientation start waiting for draw, mDrawState=DRAW_PENDING in Window{7f405e8 u0 com.android.systemui.ImageWallpaper}, surfaceController Surface(name=com.android.systemui.ImageWallpaper)/@0x78fd967
04-21 15:38:14.486  2486  2513 I chatty  : uid=1001(radio) FinalizerDaemon expire 9 lines
04-21 15:38:14.496  1431  2316 I Telecom : PhoneAccountRegistrar: Modify account: [ComponentInfo{com.android.phone/com.android.services.telephony.TelephonyConnectionService}, ***, UserHandle{0}]: TSI.rPA@ABk
04-21 15:38:14.497  1431  2316 I Telecom : CallsManager: handlePhoneAccountChanged: phoneAccount=[[X] PhoneAccount: ComponentInfo{com.android.phone/com.android.services.telephony.TelephonyConnectionService}, ***, UserHandle{0} Capabilities: SuppVideo CallProvider MultiUser PlaceEmerg SimSub  Audio Routes: BESW Schemes: tel voicemail  Extras: Bundle[{android.telecom.extra.SUPPORTS_VIDEO_CALLING_FALLBACK=true}] GroupId: ***]: TSI.rPA@ABk
04-21 15:38:14.502  1431  2069 I ActivityTaskManager: Config changes=2 {1.0 268mcc1mnc [en_US] ldltr sw400dp w400dp h796dp 432dpi nrml long hdr widecg port night finger -keyb/v/h -nav/h winConfig={ mBounds=Rect(0, 0 - 1080, 2340) mAppBounds=Rect(0, 81 - 1080, 2232) mWindowingMode=fullscreen mDisplayWindowingMode=fullscreen mActivityType=undefined mAlwaysOnTop=undefined mRotation=ROTATION_0} s.39}
04-21 15:38:14.511   893   893 D NxpHal  : phNxpNciHal_ioctl : enter - arg = 21
04-21 15:38:14.511   893   893 D NfccPowerTracker: NfccPowerTracker::ProcessCmd: Enter,Recieved len :4
04-21 15:38:14.511   893  2529 D NxpTml  : PN54X - Write requested.....
04-21 15:38:14.511   893  2529 D NxpTml  : PN54X - Invoking I2C Write.....
04-21 15:38:14.511     0     0 E i2c_geni 88c000.i2c: i2c error :-107
04-21 15:38:14.511     0     0 E nq-nci 1-0028: nfc_write: failed to write -107
04-21 15:38:14.511   893  2529 D NxpTml  : _i2c_write() errno : 5
04-21 15:38:14.511   893  2529 D NxpTml  : PN54X - Error in I2C Write.....
04-21 15:38:14.511   893  2529 D NxpTml  : PN54X - Posting Fresh Write message.....
04-21 15:38:14.511   893  2529 D NxpTml  : PN54X - Tml Writer Thread Running................
04-21 15:38:14.512   893  2532 D NxpHal  : write error status = 0x1ff
04-21 15:38:14.512   893   893 D NxpHal  : write_unlocked failed - PN54X Maybe in Standby Mode - Retry
04-21 15:38:14.522  1431  2069 I WindowManager: Override config changes=2 {1.0 268mcc1mnc [en_US] ldltr sw400dp w400dp h796dp 432dpi nrml long hdr widecg port night finger -keyb/v/h -nav/h winConfig={ mBounds=Rect(0, 0 - 1080, 2340) mAppBounds=Rect(0, 81 - 1080, 2232) mWindowingMode=fullscreen mDisplayWindowingMode=fullscreen mActivityType=undefined mAlwaysOnTop=undefined mRotation=ROTATION_0} s.39} for displayId=0
04-21 15:38:14.524  1431  2069 V WindowManager: Orientation start waiting for draw, mDrawState=DRAW_PENDING in Window{f13dfd4 u0 NavigationBar0}, surfaceController Surface(name=NavigationBar0)/@0xac886b1
04-21 15:38:14.524  1431  2069 V WindowManager: Orientation start waiting for draw, mDrawState=DRAW_PENDING in Window{2bc432a u0 NotificationShade}, surfaceController Surface(name=NotificationShade)/@0x70beb6f
04-21 15:38:14.524  1431  2069 V WindowManager: Orientation start waiting for draw, mDrawState=DRAW_PENDING in Window{c27b664 u0 StatusBar}, surfaceController Surface(name=StatusBar)/@0xe517796
04-21 15:38:14.524  1431  2069 V WindowManager: Orientation start waiting for draw, mDrawState=DRAW_PENDING in Window{7f405e8 u0 com.android.systemui.ImageWallpaper}, surfaceController Surface(name=com.android.systemui.ImageWallpaper)/@0x78fd967
04-21 15:38:14.527   893  2529 D NxpTml  : PN54X - Write requested.....
04-21 15:38:14.527   893  2529 D NxpTml  : PN54X - Invoking I2C Write.....
04-21 15:38:14.528   893  2528 D NxpTml  : PN54X - I2C Read successful.....
04-21 15:38:14.528   893  2528 D NxpTml  : Delay Read if write thread is busy
04-21 15:38:14.529   893  2529 D NxpNciX : len =   4 > 2F010101
04-21 15:38:14.529   893  2529 D NxpTml  : PN54X - I2C Write successful.....
04-21 15:38:14.529   893  2529 D NxpTml  : PN54X - Posting Fresh Write message.....
04-21 15:38:14.529   893  2529 D NxpTml  : PN54X - Tml Writer Thread Running................
04-21 15:38:14.529   893  2532 D NxpHal  : write successful status = 0x0
04-21 15:38:14.530   893   893 D NxpHal  : Response timer started
04-21 15:38:14.530   893   893 D NxpHal  : Waiting after ext cmd sent
04-21 15:38:14.531   893  2528 D NxpNciR : len =   4 > 4F010105
04-21 15:38:14.531   893  2528 D NxpTml  : PN54X - Posting read message.....
04-21 15:38:14.531   893  2532 D NxpHal  : read successful status = 0x0
04-21 15:38:14.531   893   893 D NxpHal  : Response timer stopped
04-21 15:38:14.531   893   893 D NxpHal  : Checking response
04-21 15:38:14.531   893  2528 D NxpTml  : PN54X - Read requested.....
04-21 15:38:14.531   893   893 D NxpHal  : OMAPI COMMAND FAILURE : 0x5
04-21 15:38:14.531   893  2528 D NxpTml  : PN54X - Invoking I2C Read.....
04-21 15:38:14.531   893   893 D NxpHal  : phNxpNciHal_ioctl : exit - ret = 3
04-21 15:38:14.551  1431  2316 I Telecom : PhoneAccountRegistrar: Modify account: [ComponentInfo{com.android.phone/com.android.services.telephony.TelephonyConnectionService}, ***, UserHandle{0}]: TSI.rPA@ABs
04-21 15:38:14.554  1431  2316 I Telecom : CallsManager: handlePhoneAccountChanged: phoneAccount=[[X] PhoneAccount: ComponentInfo{com.android.phone/com.android.services.telephony.TelephonyConnectionService}, ***, UserHandle{0} Capabilities: SuppVideo CallProvider MultiUser PlaceEmerg SimSub  Audio Routes: BESW Schemes: tel voicemail  Extras: Bundle[{android.telecom.extra.SUPPORTS_VIDEO_CALLING_FALLBACK=true}] GroupId: ***]: TSI.rPA@ABs
04-21 15:38:14.569  1431  2316 D TelephonyRegistryManager: onSubscriptionsChangedListener callback received.
04-21 15:38:14.570  1431  2787 I DropBoxManagerService: add tag=system_app_wtf isTagEnabled=true flags=0x2
04-21 15:38:14.586  1431  1495 I Telecom : PhoneAccountRegistrar: Modify account: [ComponentInfo{com.android.phone/com.android.services.telephony.TelephonyConnectionService}, ***, UserHandle{0}]: TSI.rPA@ABw
04-21 15:38:14.589  1431  1495 I Telecom : CallsManager: handlePhoneAccountChanged: phoneAccount=[[X] PhoneAccount: ComponentInfo{com.android.phone/com.android.services.telephony.TelephonyConnectionService}, ***, UserHandle{0} Capabilities: SuppVideo CallProvider MultiUser PlaceEmerg SimSub  Audio Routes: BESW Schemes: tel voicemail  Extras: Bundle[{android.telecom.extra.SUPPORTS_VIDEO_CALLING_FALLBACK=true}] GroupId: ***]: TSI.rPA@ABw
04-21 15:38:14.599  1431  2068 I Telecom : PhoneAccountRegistrar: Modify account: [ComponentInfo{com.android.phone/com.android.services.telephony.TelephonyConnectionService}, ***, UserHandle{0}]: TSI.rPA@AB4
04-21 15:38:14.600  1431  2068 I Telecom : CallsManager: handlePhoneAccountChanged: phoneAccount=[[X] PhoneAccount: ComponentInfo{com.android.phone/com.android.services.telephony.TelephonyConnectionService}, ***, UserHandle{0} Capabilities: SuppVideo CallProvider MultiUser PlaceEmerg SimSub  Audio Routes: BESW Schemes: tel voicemail  Extras: Bundle[{android.telecom.extra.SUPPORTS_VIDEO_CALLING_FALLBACK=true}] GroupId: ***]: TSI.rPA@AB4
04-21 15:38:14.640  1431  1495 I ActivityTaskManager: Config changes=2 {1.0 268mcc3mnc [en_US] ldltr sw400dp w400dp h796dp 432dpi nrml long hdr widecg port night finger -keyb/v/h -nav/h winConfig={ mBounds=Rect(0, 0 - 1080, 2340) mAppBounds=Rect(0, 81 - 1080, 2232) mWindowingMode=fullscreen mDisplayWindowingMode=fullscreen mActivityType=undefined mAlwaysOnTop=undefined mRotation=ROTATION_0} s.54}
04-21 15:38:14.654  1431  1495 I WindowManager: Override config changes=2 {1.0 268mcc3mnc [en_US] ldltr sw400dp w400dp h796dp 432dpi nrml long hdr widecg port night finger -keyb/v/h -nav/h winConfig={ mBounds=Rect(0, 0 - 1080, 2340) mAppBounds=Rect(0, 81 - 1080, 2232) mWindowingMode=fullscreen mDisplayWindowingMode=fullscreen mActivityType=undefined mAlwaysOnTop=undefined mRotation=ROTATION_0} s.54} for displayId=0
04-21 15:38:14.657  1431  1495 V WindowManager: Orientation start waiting for draw, mDrawState=DRAW_PENDING in Window{f13dfd4 u0 NavigationBar0}, surfaceController Surface(name=NavigationBar0)/@0xac886b1
04-21 15:38:14.657  1431  1495 V WindowManager: Orientation start waiting for draw, mDrawState=DRAW_PENDING in Window{2bc432a u0 NotificationShade}, surfaceController Surface(name=NotificationShade)/@0x70beb6f
04-21 15:38:14.657  1431  1495 V WindowManager: Orientation start waiting for draw, mDrawState=DRAW_PENDING in Window{c27b664 u0 StatusBar}, surfaceController Surface(name=StatusBar)/@0xe517796
04-21 15:38:14.657  1431  1495 V WindowManager: Orientation start waiting for draw, mDrawState=DRAW_PENDING in Window{7f405e8 u0 com.android.systemui.ImageWallpaper}, surfaceController Surface(name=com.android.systemui.ImageWallpaper)/@0x78fd967
04-21 15:38:14.667  2155  2155 E wlan    : [2155:D:HDD] 00000000: 7f 0a 00 00 0a 82 00 40 00 00 00 01 dd 07 50 6f
04-21 15:38:14.667  2155  2155 E wlan    : [2155:D:HDD] 00000010: 9a 16 03 01 02 dd 08 8c fd f0 01 01 02 01 00
04-21 15:38:14.685  1431  1495 I chatty  : uid=1000(system) Binder:1431_1 expire 36 lines
04-21 15:38:14.686  2486  2788 I chatty  : uid=1001(radio) Binder:2486_E expire 20 lines
04-21 15:38:14.697  1431  1981 I chatty  : uid=1000(system) NetworkStats expire 6 lines
04-21 15:38:14.698  1431  1551 I StatsPullAtomService: subId 1 added into historical sub list
04-21 15:38:14.708  2486  2782 I chatty  : uid=1001(radio) Binder:2486_D expire 13 lines
04-21 15:38:14.855  2791  2791 I panel-info-sh: Get touch_vendor unsuccessfully, try again...
04-21 15:38:14.889  1431  2590 I Telecom : PhoneAccountRegistrar: New phone account registered: [[ ] PhoneAccount: ComponentInfo{com.android.phone/com.android.services.telephony.TelephonyConnectionService}, ***, UserHandle{0} Capabilities: SuppVideo CallProvider MultiUser PlaceEmerg SimSub  Audio Routes: BESW Schemes: tel voicemail  Extras: Bundle[{android.telecom.extra.SUPPORTS_VIDEO_CALLING_FALLBACK=true, android.telecom.extra.SORT_ORDER=0}] GroupId: ***]: TSI.rPA@ACU
04-21 15:38:14.894  1431  2590 I Telecom : CallsManager: Sending phone-account ComponentInfo{com.android.phone/com.android.services.telephony.TelephonyConnectionService}, ***, UserHandle{0} registered intent as user: TSI.rPA@ACU
04-21 15:38:14.895  1431  2590 I Telecom : CallsManager: Sending phone-account registered intent to default dialer: TSI.rPA@ACU
04-21 15:38:14.913  1431  2590 I Telecom : CallsManager: Sending phone-account ComponentInfo{com.android.phone/com.android.services.telephony.TelephonyConnectionService}, ***, UserHandle{0} unregistered intent as user: TSI.uPA@ACc
04-21 15:38:14.913  1431  2590 I Telecom : CallsManager: Sending phone-account unregistered intent to default dialer: TSI.uPA@ACc
04-21 15:38:14.928  1431  1465 I chatty  : uid=1000(system) FinalizerDaemon expire 10 lines
04-21 15:38:14.931  1431  2068 I Telecom : PhoneAccountRegistrar: Modify account: [ComponentInfo{com.android.phone/com.android.services.telephony.TelephonyConnectionService}, ***, UserHandle{0}]: TSI.rPA@ACg
04-21 15:38:14.932  1431  2068 I Telecom : CallsManager: handlePhoneAccountChanged: phoneAccount=[[X] PhoneAccount: ComponentInfo{com.android.phone/com.android.services.telephony.TelephonyConnectionService}, ***, UserHandle{0} Capabilities: SuppVideo CallProvider MultiUser PlaceEmerg SimSub  Audio Routes: BESW Schemes: tel voicemail  Extras: Bundle[{android.telecom.extra.SUPPORTS_VIDEO_CALLING_FALLBACK=true, android.telecom.extra.SORT_ORDER=0}] GroupId: ***]: TSI.rPA@ACg
04-21 15:38:14.955  1431  2590 I Telecom : PhoneAccountRegistrar: Modify account: [ComponentInfo{com.android.phone/com.android.services.telephony.TelephonyConnectionService}, ***, UserHandle{0}]: TSI.rPA@ACo
04-21 15:38:14.956  1431  2590 I Telecom : CallsManager: handlePhoneAccountChanged: phoneAccount=[[X] PhoneAccount: ComponentInfo{com.android.phone/com.android.services.telephony.TelephonyConnectionService}, ***, UserHandle{0} Capabilities: SuppVideo CallProvider MultiUser PlaceEmerg SimSub  Audio Routes: BESW Schemes: tel voicemail  Extras: Bundle[{android.telecom.extra.SUPPORTS_VIDEO_CALLING_FALLBACK=true, android.telecom.extra.SORT_ORDER=0}] GroupId: ***]: TSI.rPA@ACo
04-21 15:38:14.976  1431  2590 I Telecom : PhoneAccountRegistrar: Modify account: [ComponentInfo{com.android.phone/com.android.services.telephony.TelephonyConnectionService}, ***, UserHandle{0}]: TSI.rPA@ACw
04-21 15:38:14.977  1431  2590 I Telecom : CallsManager: handlePhoneAccountChanged: phoneAccount=[[X] PhoneAccount: ComponentInfo{com.android.phone/com.android.services.telephony.TelephonyConnectionService}, ***, UserHandle{0} Capabilities: SuppVideo CallProvider MultiUser PlaceEmerg SimSub  Audio Routes: BESW Schemes: tel voicemail  Extras: Bundle[{android.telecom.extra.SUPPORTS_VIDEO_CALLING_FALLBACK=true, android.telecom.extra.SORT_ORDER=0}] GroupId: ***]: TSI.rPA@ACw
04-21 15:38:15.000  1431  1495 I Telecom : PhoneAccountRegistrar: Modify account: [ComponentInfo{com.android.phone/com.android.services.telephony.TelephonyConnectionService}, ***, UserHandle{0}]: TSI.rPA@AC4
04-21 15:38:15.001  1431  1495 I Telecom : CallsManager: handlePhoneAccountChanged: phoneAccount=[[X] PhoneAccount: ComponentInfo{com.android.phone/com.android.services.telephony.TelephonyConnectionService}, ***, UserHandle{0} Capabilities: SuppVideo CallProvider MultiUser PlaceEmerg SimSub  Audio Routes: BESW Schemes: tel voicemail  Extras: Bundle[{android.telecom.extra.SUPPORTS_VIDEO_CALLING_FALLBACK=true, android.telecom.extra.SORT_ORDER=0}] GroupId: ***]: TSI.rPA@AC4
04-21 15:38:15.022  1431  2068 I Telecom : PhoneAccountRegistrar: Modify account: [ComponentInfo{com.android.phone/com.android.services.telephony.TelephonyConnectionService}, ***, UserHandle{0}]: TSI.rPA@ADI
04-21 15:38:15.024  1431  2068 I Telecom : CallsManager: handlePhoneAccountChanged: phoneAccount=[[X] PhoneAccount: ComponentInfo{com.android.phone/com.android.services.telephony.TelephonyConnectionService}, ***, UserHandle{0} Capabilities: SuppVideo CallProvider MultiUser PlaceEmerg SimSub  Audio Routes: BESW Schemes: tel voicemail  Extras: Bundle[{android.telecom.extra.SUPPORTS_VIDEO_CALLING_FALLBACK=true, android.telecom.extra.SORT_ORDER=0}] GroupId: ***]: TSI.rPA@ADI
04-21 15:38:15.034  2739  2739 D CellBroadcastReceiver: onReceive Intent { act=android.intent.action.SERVICE_STATE flg=0x1000010 cmp=com.android.cellbroadcastreceiver.module/com.android.cellbroadcastreceiver.CellBroadcastReceiver (has extras) }
04-21 15:38:15.047  1431  1495 I Telecom : PhoneAccountRegistrar: Modify account: [ComponentInfo{com.android.phone/com.android.services.telephony.TelephonyConnectionService}, ***, UserHandle{0}]: TSI.rPA@ADQ
04-21 15:38:15.048  1431  1495 I Telecom : CallsManager: handlePhoneAccountChanged: phoneAccount=[[X] PhoneAccount: ComponentInfo{com.android.phone/com.android.services.telephony.TelephonyConnectionService}, ***, UserHandle{0} Capabilities: SuppVideo CallProvider MultiUser PlaceEmerg SimSub  Audio Routes: BESW Schemes: tel voicemail  Extras: Bundle[{android.telecom.extra.SUPPORTS_VIDEO_CALLING_FALLBACK=true, android.telecom.extra.SORT_ORDER=0}] GroupId: ***]: TSI.rPA@ADQ
04-21 15:38:15.063  1005  1589 D PermissionCache: checking android.permission.READ_FRAME_BUFFER for uid=1000 => granted (978 us)
04-21 15:38:15.108  1005  1082 E cutils-trace: Error opening trace file: No such file or directory (2)
04-21 15:38:15.119  1431  1551 I StatsPullAtomService: subId 2 added into historical sub list
04-21 15:38:15.141  1431  1971 I chatty  : uid=1000(system) HwBinder:1431_4 expire 10 lines
