04-21 15:38:22.796  1431  1518 E StorageManagerService: 	at android.os.Handler.dispatchMessage(Handler.java:106)
04-21 15:38:22.796  1431  1518 E StorageManagerService: 	at android.os.Looper.loop(Looper.java:223)
04-21 15:38:22.796  1431  1518 E StorageManagerService: 	at android.os.HandlerThread.run(HandlerThread.java:67)
04-21 15:38:22.796  1431  1518 E StorageManagerService: 	at com.android.server.ServiceThread.run(ServiceThread.java:44)
04-21 15:38:22.796  1431  1518 W ActivityManager: UserLifecycleEvent 5 received without an active userJourneySession.
04-21 15:38:22.797  1431  1518 E UserspaceRebootLogger: Userspace reboot is not supported.
04-21 15:38:22.797  1431  1518 D ActivityManagerTiming: FinishBooting took to complete: 94ms
04-21 15:38:22.800  1431  1518 I ActivityTaskManager: Config changes=20000400 {1.0 268mcc3mnc [en_US] ldltr sw400dp w400dp h820dp 432dpi nrml long hdr widecg port night finger -keyb/v/h -nav/h winConfig={ mBounds=Rect(0, 0 - 1080, 2340) mAppBounds=Rect(0, 81 - 1080, 2297) mWindowingMode=fullscreen mDisplayWindowingMode=fullscreen mActivityType=undefined mAlwaysOnTop=undefined mRotation=ROTATION_0} s.69}
04-21 15:38:22.801     0     0 I init    : Command 'rm /config/usb_gadget/g1/configs/b.1/f1' action=sys.usb.config=none && sys.usb.configfs=1 (/system/etc/init/hw/init.usb.configfs.rc:8) took 0ms and failed: unlink() failed: No such file or directory
04-21 15:38:22.801     0     0 I init    : Command 'rm /config/usb_gadget/g1/configs/b.1/f2' action=sys.usb.config=none && sys.usb.configfs=1 (/system/etc/init/hw/init.usb.configfs.rc:9) took 0ms and failed: unlink() failed: No such file or directory
04-21 15:38:22.801     0     0 I init    : Command 'rm /config/usb_gadget/g1/configs/b.1/f3' action=sys.usb.config=none && sys.usb.configfs=1 (/system/etc/init/hw/init.usb.configfs.rc:10) took 0ms and failed: unlink() failed: No such file or directory
04-21 15:38:22.801     0     0 I init    : Command 'rmdir /config/usb_gadget/g1/functions/rndis.gs4' action=sys.usb.config=none && sys.usb.configfs=1 (/system/etc/init/hw/init.usb.configfs.rc:11) took 0ms and failed: rmdir() failed: No such file or directory
04-21 15:38:22.802     0     0 I init    : processing action (sys.boot_completed=1) from (/system/etc/init/hw/init.rc:981)
04-21 15:38:22.804     0     0 I init    : starting service 'exec 16 (/bin/rm -rf /data/per_boot)'...
04-21 15:38:22.807     0     0 I init    : SVC_EXEC service 'exec 16 (/bin/rm -rf /data/per_boot)' pid 2892 (uid 1000 gid 1000+0 context default) started; waiting...
04-21 15:38:22.814  1431  1518 I WindowManager: Override config changes=20000400 {1.0 268mcc3mnc [en_US] ldltr sw400dp w400dp h820dp 432dpi nrml long hdr widecg port night finger -keyb/v/h -nav/h winConfig={ mBounds=Rect(0, 0 - 1080, 2340) mAppBounds=Rect(0, 81 - 1080, 2297) mWindowingMode=fullscreen mDisplayWindowingMode=fullscreen mActivityType=undefined mAlwaysOnTop=undefined mRotation=ROTATION_0} s.69} for displayId=0
04-21 15:38:22.819  1431  1518 D ColorDisplayService: setUp: currentUser=0
04-21 15:38:22.823  1431  1555 D CompatibilityChangeReporter: Compat change id reported: 135634846; UID 10192; state: DISABLED
04-21 15:38:22.824  1431  1556 D CompatibilityChangeReporter: Compat change id reported: 143937733; UID 10192; state: DISABLED
04-21 15:38:22.826  1431  1555 I DropBoxManagerService: add tag=system_server_wtf isTagEnabled=true flags=0x2
04-21 15:38:22.833  1431  1555 I DropBoxManagerService: add tag=system_server_wtf isTagEnabled=true flags=0x2
04-21 15:38:22.846     0     0 I init    : Service 'exec 16 (/bin/rm -rf /data/per_boot)' (pid 2892) exited with status 0 waiting took 0.039000 seconds
04-21 15:38:22.846     0     0 I init    : Sending signal 9 to service 'exec 16 (/bin/rm -rf /data/per_boot)' (pid 2892) process group...
04-21 15:38:22.846     0     0 I libprocessgroup: Successfully killed process cgroup uid 1000 pid 2892 in 0ms
04-21 15:38:22.850     0     0 I init    : Encryption policy of /data/per_boot set to 93c11f613fa5168f v1 modes 1/4 flags 0x0
04-21 15:38:22.850     0     0 I init    : processing action (sys.boot_completed=1) from (/system/etc/init/hw/init.rc:1112)
04-21 15:38:22.850     0     0 I init    : starting service '2lPW79hI3psfDHi'...
04-21 15:38:22.858     0     0 I init    : processing action (sys.boot_completed=1) from (/vendor/etc/init/hw/init.qcom.rc:521)
04-21 15:38:22.860   816   816 D Zygote  : Forked child process 2895
04-21 15:38:22.860     0     0 I         : Boot completed
04-21 15:38:22.860  1431  1518 D ColorDisplayService: onNightDisplayAutoModeChanged: autoMode=0
04-21 15:38:22.861  1431  1518 I ColorDisplayService: Turning off night display
04-21 15:38:22.862  1431  1556 I ActivityManager: Start proc 2895:com.android.deskclock/u0a192 for broadcast {com.android.deskclock/com.android.deskclock.AlarmInitReceiver}
04-21 15:38:22.863  2353  2444 D DefaultDisplay: Available size changed from [Point(1080, 972), Point(2259, 2216)] to [Point(1080, 885), Point(2259, 2151)]
04-21 15:38:22.865     0     0 I init    : processing action (sys.boot_completed=1) from (/vendor/etc/init/hw/init.qcom.rc:916)
04-21 15:38:22.865  2895  2895 I Zygote  : seccomp disabled by setenforce 0
04-21 15:38:22.865     0     0 I init    : starting service 'qcom-post-boot'...
04-21 15:38:22.871   793  2902 I Magisk  : ** boot_complete triggered
04-21 15:38:22.872     0     0 I init    : Service '2lPW79hI3psfDHi' (pid 2894) exited with status 0 oneshot service took 0.017000 seconds in background
04-21 15:38:22.872     0     0 I init    : Sending signal 9 to service '2lPW79hI3psfDHi' (pid 2894) process group...
04-21 15:38:22.872     0     0 I libprocessgroup: Successfully killed process cgroup uid 0 pid 2894 in 0ms
04-21 15:38:22.874     0     0 I init    : starting service 'qti-testscripts'...
04-21 15:38:22.879     0     0 I init    : processing action (sys.boot_completed=1) from (/vendor/etc/init/hw/init.target.rc:107)
04-21 15:38:22.880     0     0 I init    : processing action (sys.boot_completed=1 && sys.bootstat.first_boot_completed=0) from (/system/etc/init/bootstat.rc:77)
04-21 15:38:22.881     0     0 I init    : starting service 'exec 17 (/system/bin/bootstat --record_boot_complete --record_boot_reason --record_time_since_factory_reset -l)'...
04-21 15:38:22.885  2895  2895 E droid.deskcloc: Not starting debugger since process cannot load the jdwp agent.
04-21 15:38:22.886     0     0 I init    : processing action (sys.boot_completed=1) from (/system/etc/init/custom-system.rc:11)
04-21 15:38:22.886     0     0 I init    : processing action (sys.boot_completed=1) from (/system/etc/init/custom-system.rc:23)
04-21 15:38:22.886     0     0 I init    : processing action (sys.boot_completed=1) from (/system/etc/init/flags_health_check.rc:7)
04-21 15:38:22.893  2895  2895 W droid.deskcloc: Core platform API violation: Ljava/lang/reflect/Field;->accessFlags:I from Landroid/os/Build; using reflection
04-21 15:38:22.901  2910  2910 I bootstat: Service started: /system/bin/bootstat --record_boot_complete --record_boot_reason --record_time_since_factory_reset -l 
04-21 15:38:22.909     0     0 I init    : processing action (sys.boot_completed=1) from (/system/etc/init/logd.rc:33)
04-21 15:38:22.910  2910  2910 E bootstat: Failed to read /data/misc/bootstat/post_decrypt_time_elapsed: No such file or directory
04-21 15:38:22.910  2910  2910 E bootstat: Failed to parse boot time record: /data/misc/bootstat/post_decrypt_time_elapsed
04-21 15:38:22.910     0     0 I init    : starting service 'logd-auditctl'...
04-21 15:38:22.916  2910  2910 W bootstat: LogBootEvents, atomInfo not defined for events:last_boot_time_utc,build_date,ro.boottime.init.cold_boot_wait,boot_reason,system_boot_reason,time_since_last_boot
04-21 15:38:22.917     0     0 I init    : Service 'qti-testscripts' (pid 2907) exited with status 127 oneshot service took 0.039000 seconds in background
04-21 15:38:22.917     0     0 I init    : Sending signal 9 to service 'qti-testscripts' (pid 2907) process group...
04-21 15:38:22.917     0     0 I libprocessgroup: Successfully killed process cgroup uid 0 pid 2907 in 0ms
04-21 15:38:22.918     0     0 I init    : Service 'exec 17 (/system/bin/bootstat --record_boot_complete --record_boot_reason --record_time_since_factory_reset -l)' (pid 2910) exited with status 0 oneshot service took 0.034000 seconds in background
04-21 15:38:22.919     0     0 I init    : Sending signal 9 to service 'exec 17 (/system/bin/bootstat --record_boot_complete --record_boot_reason --record_time_since_factory_reset -l)' (pid 2910) process group...
04-21 15:38:22.919     0     0 I libprocessgroup: Successfully killed process cgroup uid 1000 pid 2910 in 0ms
04-21 15:38:22.920     0     0 I init    : processing action (sys.boot_completed=1 && sys.wifitracing.started=0) from (/system/etc/init/wifi.rc:28)
04-21 15:38:22.921     0     0 E selinux : SELinux: Could not get canonical path for /sys/kernel/debug/tracing/instances/wifi restorecon: No such file or directory.
04-21 15:38:22.921     0     0 E selinux :  
04-21 15:38:22.927     0     0 E selinux : SELinux: Could not get canonical path for /sys/kernel/tracing/instances/wifi restorecon: No such file or directory.
04-21 15:38:22.927     0     0 E selinux :  
04-21 15:38:22.929     0     0 I init    : Service 'logd-auditctl' (pid 2920) exited with status 1 oneshot service took 0.015000 seconds in background
04-21 15:38:22.929     0     0 I init    : Sending signal 9 to service 'logd-auditctl' (pid 2920) process group...
04-21 15:38:22.929     0     0 I libprocessgroup: Successfully killed process cgroup uid 1036 pid 2920 in 0ms
04-21 15:38:22.935  2895  2895 D ApplicationLoaders: Returning zygote-cached class loader: /system/framework/android.test.base.jar
04-21 15:38:22.938     0     0 I zram0   : detected capacity change from 0 to 2147483648
04-21 15:38:22.954     0     0 I init    : processing action (init.svc.adbd=stopped) from (/system/etc/init/hw/init.usb.configfs.rc:14)
04-21 15:38:22.955     0     0 I init    : processing action (sys.usb.config=adb && sys.usb.configfs=1) from (/vendor/etc/init/hw/init.msm.usb.configfs.rc:1331)
04-21 15:38:22.956     0     0 I init    : processing action (sys.usb.config=adb && sys.usb.configfs=1) from (/system/etc/init/hw/init.usb.configfs.rc:17)
04-21 15:38:22.956     0     0 I init    : starting service 'adbd'...
04-21 15:38:22.957     0     0 I init    : Created socket '/dev/socket/adbd', mode 660, user 1000, group 1000
04-21 15:38:22.961     0     0 I init    : processing action (sys.boot_completed=1 && sys.wifitracing.started=1 && wifi.interface=*) from (/system/etc/init/wifi.rc:98)
04-21 15:38:22.977  1431  2068 W ActivityManager: Receiver with filter android.content.IntentFilter@56f042e already registered for pid 2108, callerPackage is com.android.systemui
04-21 15:38:22.980     0     0 I         : Adding 2097148k swap on /dev/block/zram0.  Priority:32758 extents:1 across:2097148k SS
04-21 15:38:22.981  1431  2003 W ActivityManager: Receiver with filter android.content.IntentFilter@d1efbcf already registered for pid 2108, callerPackage is com.android.systemui
04-21 15:38:22.984  2924  2927 I adbd    : Waiting for persist.adb.tls_server.enable=1
04-21 15:38:22.984  2924  2929 I adbd    : opening control endpoint /dev/usb-ffs/adb/ep0
04-21 15:38:22.984     0     0 I         : read descriptors
04-21 15:38:22.984     0     0 I         : read strings
04-21 15:38:22.985  2924  2929 I adbd    : UsbFfsConnection constructed
04-21 15:38:22.986  1431  2003 W ActivityManager: Receiver with filter android.content.IntentFilter@804795c already registered for pid 2108, callerPackage is com.android.systemui
04-21 15:38:22.986  2924  2931 I adbd    : UsbFfs-monitor thread spawned
04-21 15:38:22.986     0     0 I init    : processing action (sys.usb.config=adb && sys.usb.configfs=1 && sys.usb.ffs.ready=1) from (/system/etc/init/hw/init.usb.configfs.rc:20)
04-21 15:38:22.990  2924  2931 I adbd    : USB event: FUNCTIONFS_BIND
04-21 15:38:22.992     0     0 I android_work: sent uevent USB_STATE=DISCONNECTED
04-21 15:38:22.996  2895  2895 W ContextImpl: Failed to ensure /data/user/0/com.android.deskclock/cache: mkdir failed: ENOENT (No such file or directory)
04-21 15:38:22.997  2895  2895 W ContextImpl: Failed to update user.inode_cache: stat failed: ENOENT (No such file or directory)
04-21 15:38:23.001  2895  2895 D NetworkSecurityConfig: No Network Security Config specified, using platform default
04-21 15:38:23.002  2895  2895 D NetworkSecurityConfig: No Network Security Config specified, using platform default
04-21 15:38:23.007  1431  1515 W Looper  : Slow dispatch took 268ms android.fg h=com.android.server.usb.UsbDeviceManager$UsbHandlerLegacy c=null m=4
04-21 15:38:23.008  1431  1515 W Looper  : Slow delivery took 266ms android.fg h=com.android.server.adb.AdbDebuggingManager$AdbDebuggingHandler c=null m=26
04-21 15:38:23.012  2895  2895 W ContextImpl: Failed to ensure /data/user/0/com.android.deskclock/databases: mkdir failed: ENOENT (No such file or directory)
04-21 15:38:23.012     0     0 I init    : Service 'qcom-post-boot' (pid 2901) exited with status 1 oneshot service took 0.143000 seconds in background
04-21 15:38:23.012     0     0 I init    : Sending signal 9 to service 'qcom-post-boot' (pid 2901) process group...
04-21 15:38:23.012     0     0 I libprocessgroup: Successfully killed process cgroup uid 0 pid 2901 in 0ms
04-21 15:38:23.015  2895  2895 W ContextImpl: Failed to ensure /data/user/0/com.android.deskclock/shared_prefs: mkdir failed: ENOENT (No such file or directory)
04-21 15:38:23.047  2895  2895 I AlarmClock: AlarmInitReceiver android.intent.action.LOCKED_BOOT_COMPLETED
04-21 15:38:23.056  2895  2935 I AlarmClock: Fixing alarm instances
04-21 15:38:23.083  1431  1515 W Looper  : Drained
04-21 15:38:23.148     0     0 I msm-dwc3 a600000.ssusb: Avail curr from USB = 100
04-21 15:38:23.148     0     0 I android_work: did not send uevent (0 0 0000000000000000)
04-21 15:38:23.169  1431  2068 D ConnectivityService: requestNetwork for uid/pid:1001/2446 NetworkRequest [ TRACK_DEFAULT id=22, [ Capabilities: INTERNET&NOT_RESTRICTED&TRUSTED Uid: 1001 AdministratorUids: [] RequestorUid: 1001 RequestorPackageName: com.qualcomm.qti.cne] ]
04-21 15:38:23.170  1431  1989 D ConnectivityService: NetReassign [no changes]
04-21 15:38:23.175  1431  1989 I chatty  : uid=1000(system) ConnectivitySer identical 1 line
04-21 15:38:23.177  2519  2949 I chatty  : uid=1001(radio) MainEventThread expire 12 lines
04-21 15:38:23.182  1431  1989 D ConnectivityService: NetReassign [no changes]
04-21 15:38:23.185  2446  2481 I chatty  : uid=1001(radio) Binder:2446_3 expire 10 lines
04-21 15:38:23.187     0     0 E init    : Control message: Could not find 'com.qualcomm.qti.uceservice@2.1::IUceService/com.qualcomm.qti.uceservice' for ctl.interface_start from pid: 589 (/system/bin/hwservicemanager)
04-21 15:38:23.187  2519  2950 I chatty  : uid=1001(radio) .dataservices expire 1 line
04-21 15:38:23.187   589  2951 I chatty  : uid=1000(system) hwservicemanage expire 1 line
04-21 15:38:23.189     0     0 E init    : Control message: Could not find 'com.qualcomm.qti.uceservice@2.0::IUceService/com.qualcomm.qti.uceservice' for ctl.interface_start from pid: 589 (/system/bin/hwservicemanager)
04-21 15:38:23.189   589  2953 I chatty  : uid=1000(system) hwservicemanage expire 1 line
04-21 15:38:23.192  2446  2940 I chatty  : uid=1001(radio) ServiceFetcher expire 3 lines
04-21 15:38:23.192  2473  2955 I chatty  : uid=1001(radio) HwBinder:2473_1 expire 12 lines
04-21 15:38:23.202  2446  2941 I chatty  : uid=1001(radio) NativeReceiver expire 13 lines
04-21 15:38:23.203  2739  2739 D CellBroadcastReceiver: onReceive Intent { act=android.intent.action.SERVICE_STATE flg=0x1000010 cmp=com.android.cellbroadcastreceiver.module/com.android.cellbroadcastreceiver.CellBroadcastReceiver (has extras) }
04-21 15:38:23.204  2446  2947 I chatty  : uid=1001(radio) FrameworkReceiv expire 37 lines
04-21 15:38:23.207   987  2595 I chatty  : uid=1041(audioserver) Binder:987_4 expire 8 lines
04-21 15:38:23.212  1431  1431 W NotificationHistory: Attempted to add notif for locked/gone/disabled user 0
04-21 15:38:23.213  2369  2938 I chatty  : uid=1001(radio) HwBinder:2369_1 expire 12 lines
04-21 15:38:23.214   871  2002 I chatty  : uid=1041(audioserver) HwBinder:871_4 expire 38 lines
04-21 15:38:23.219   871   920 I chatty  : uid=1041(audioserver) HwBinder:871_2 expire 13 lines
04-21 15:38:23.229     0     0 I android_work: sent uevent USB_STATE=CONNECTED
04-21 15:38:23.232  2446  2964 I chatty  : uid=1001(radio) .qtidataservices expire 3 lines
04-21 15:38:23.232     0     0 I android_work: sent uevent USB_STATE=DISCONNECTED
04-21 15:38:23.237  2486  2869 I chatty  : uid=1001(radio) Binder:2486_10 expire 16 lines
04-21 15:38:23.237  2446  2470 I chatty  : uid=1001(radio) Binder:2446_1 expire 9 lines
04-21 15:38:23.237  2446  2446 I chatty  : uid=1001(radio) .qtidataservices expire 10 lines
04-21 15:38:23.238  2486  2486 I chatty  : uid=1001(radio) com.android.phone expire 246 lines
04-21 15:38:23.246  2155  2155 I wpa_supplicant: wlan0: CTRL-EVENT-REGDOM-CHANGE init=USER type=COUNTRY alpha2=PT
04-21 15:38:23.247  1431  1982 I chatty  : uid=1000(system) NetworkPolicy expire 17 lines
04-21 15:38:23.248  1431  1551 I chatty  : uid=1000(system) android.bg expire 7 lines
04-21 15:38:23.254  2739  2739 D CellBroadcastReceiver: onReceive Intent { act=android.intent.action.SERVICE_STATE flg=0x1000010 cmp=com.android.cellbroadcastreceiver.module/com.android.cellbroadcastreceiver.CellBroadcastReceiver (has extras) }
04-21 15:38:23.259  1206  2619 D NuPlayerDriver: NuPlayerDriver(0xecac1af0) created, clientPid(2108)
04-21 15:38:23.268  2108  2108 I chatty  : uid=1000(system) com.android.systemui expire 21 lines
04-21 15:38:23.277  1147  1224 E SELinux : avc:  could not determine enforcing mode: Permission denied
04-21 15:38:23.281  1206  2968 D GenericSource: FileSource remote
04-21 15:38:23.286  1200  2074 E Utils   : did not find channel-count and/or sample-rate
04-21 15:38:23.287  1200  2074 E Utils   : did not find channel-count and/or sample-rate
04-21 15:38:23.297  2799  2799 I Dialer  : LegacyVoicemailNotificationReceiver.onReceive - received legacy voicemail notification
04-21 15:38:23.297  2799  2799 I Dialer  : LegacyVoicemailNotificationReceiver.onReceive - isRefresh: true
04-21 15:38:23.297  2799  2799 I Dialer  : LegacyVoicemailNotificationReceiver.onReceive - clearing notification
04-21 15:38:23.297  2799  2799 I Dialer  : LegacyVoicemailNotifier.cancelNotification - enter
04-21 15:38:23.304  2799  2799 I Dialer  : LegacyVoicemailNotificationReceiver.onReceive - received legacy voicemail notification
04-21 15:38:23.305  2799  2799 I Dialer  : LegacyVoicemailNotificationReceiver.onReceive - isRefresh: true
04-21 15:38:23.305  2799  2799 I Dialer  : LegacyVoicemailNotificationReceiver.onReceive - clearing notification
04-21 15:38:23.305  2799  2799 I Dialer  : LegacyVoicemailNotifier.cancelNotification - enter
04-21 15:38:23.326  2486  2520 I chatty  : uid=1001(radio) Binder:2486_2 expire 11 lines
04-21 15:38:23.331  1431  2590 I Telecom : PhoneAccountRegistrar: Modify account: [ComponentInfo{com.android.phone/com.android.services.telephony.TelephonyConnectionService}, ***, UserHandle{0}]: TSI.rPA@AKw
04-21 15:38:23.333  1431  2590 I Telecom : CallsManager: handlePhoneAccountChanged: phoneAccount=[[X] PhoneAccount: ComponentInfo{com.android.phone/com.android.services.telephony.TelephonyConnectionService}, ***, UserHandle{0} Capabilities: SuppVideo CallProvider MultiUser PlaceEmerg SimSub  Audio Routes: BESW Schemes: tel voicemail  Extras: Bundle[{android.telecom.extra.SUPPORTS_VIDEO_CALLING_FALLBACK=true, android.telecom.extra.SORT_ORDER=0}] GroupId: ***]: TSI.rPA@AKw
04-21 15:38:23.341     0     0 I android_work: sent uevent USB_STATE=CONNECTED
04-21 15:38:23.343     0     0 I configfs-gadget gadget: high-speed config #1: b
04-21 15:38:23.343     0     0 I msm-dwc3 a600000.ssusb: Avail curr from USB = 500
04-21 15:38:23.343  2924  2931 I adbd    : USB event: FUNCTIONFS_ENABLE
04-21 15:38:23.343     0     0 I android_work: sent uevent USB_STATE=CONFIGURED
04-21 15:38:23.344  2924  2971 I adbd    : UsbFfs-worker thread spawned
04-21 15:38:23.366  1431  2316 I Telecom : PhoneAccountRegistrar: Modify account: [ComponentInfo{com.android.phone/com.android.services.telephony.TelephonyConnectionService}, ***, UserHandle{0}]: TSI.rPA@AK0
04-21 15:38:23.369  1431  2316 I Telecom : CallsManager: handlePhoneAccountChanged: phoneAccount=[[X] PhoneAccount: ComponentInfo{com.android.phone/com.android.services.telephony.TelephonyConnectionService}, ***, UserHandle{0} Capabilities: SuppVideo CallProvider MultiUser PlaceEmerg SimSub  Audio Routes: BESW Schemes: tel voicemail  Extras: Bundle[{android.telecom.extra.SUPPORTS_VIDEO_CALLING_FALLBACK=true, android.telecom.extra.SORT_ORDER=1}] GroupId: ***]: TSI.rPA@AK0
04-21 15:38:23.395     0     0 I PMI     : smblib_pl_enable_work: timer expired, enabling parallel
04-21 15:38:23.403  1431  2003 I Telecom : PhoneAccountRegistrar: Modify account: [ComponentInfo{com.android.phone/com.android.services.telephony.TelephonyConnectionService}, ***, UserHandle{0}]: TSI.rPA@AK8
04-21 15:38:23.405  1431  2003 I Telecom : CallsManager: handlePhoneAccountChanged: phoneAccount=[[X] PhoneAccount: ComponentInfo{com.android.phone/com.android.services.telephony.TelephonyConnectionService}, ***, UserHandle{0} Capabilities: SuppVideo CallProvider MultiUser PlaceEmerg SimSub  Audio Routes: BESW Schemes: tel voicemail  Extras: Bundle[{android.telecom.extra.SUPPORTS_VIDEO_CALLING_FALLBACK=true, android.telecom.extra.SORT_ORDER=0}] GroupId: ***]: TSI.rPA@AK8
04-21 15:38:23.433  1431  2003 I Telecom : PhoneAccountRegistrar: Modify account: [ComponentInfo{com.android.phone/com.android.services.telephony.TelephonyConnectionService}, ***, UserHandle{0}]: TSI.rPA@ALA
04-21 15:38:23.438  1431  2003 I Telecom : CallsManager: handlePhoneAccountChanged: phoneAccount=[[X] PhoneAccount: ComponentInfo{com.android.phone/com.android.services.telephony.TelephonyConnectionService}, ***, UserHandle{0} Capabilities: SuppVideo CallProvider MultiUser PlaceEmerg SimSub  Audio Routes: BESW Schemes: tel voicemail  Extras: Bundle[{android.telecom.extra.SUPPORTS_VIDEO_CALLING_FALLBACK=true, android.telecom.extra.SORT_ORDER=1}] GroupId: ***]: TSI.rPA@ALA
04-21 15:38:23.485  1431  2003 I Telecom : PhoneAccountRegistrar: Modify account: [ComponentInfo{com.android.phone/com.android.services.telephony.TelephonyConnectionService}, ***, UserHandle{0}]: TSI.rPA@ALI
04-21 15:38:23.487  1431  2003 I Telecom : CallsManager: handlePhoneAccountChanged: phoneAccount=[[X] PhoneAccount: ComponentInfo{com.android.phone/com.android.services.telephony.TelephonyConnectionService}, ***, UserHandle{0} Capabilities: SuppVideo CallProvider MultiUser PlaceEmerg SimSub  Audio Routes: BESW Schemes: tel voicemail  Extras: Bundle[{android.telecom.extra.SUPPORTS_VIDEO_CALLING_FALLBACK=true, android.telecom.extra.SORT_ORDER=0}] GroupId: ***]: TSI.rPA@ALI
04-21 15:38:23.505  1431  2003 I Telecom : PhoneAccountRegistrar: Modify account: [ComponentInfo{com.android.phone/com.android.services.telephony.TelephonyConnectionService}, ***, UserHandle{0}]: TSI.rPA@ALM
04-21 15:38:23.508  1431  2003 I Telecom : CallsManager: handlePhoneAccountChanged: phoneAccount=[[X] PhoneAccount: ComponentInfo{com.android.phone/com.android.services.telephony.TelephonyConnectionService}, ***, UserHandle{0} Capabilities: SuppVideo CallProvider MultiUser PlaceEmerg SimSub  Audio Routes: BESW Schemes: tel voicemail  Extras: Bundle[{android.telecom.extra.SUPPORTS_VIDEO_CALLING_FALLBACK=true, android.telecom.extra.SORT_ORDER=1}] GroupId: ***]: TSI.rPA@ALM
04-21 15:38:23.721  2924  2924 I adbd    : UsbFfs: already offline
04-21 15:38:23.722  2924  2924 I adbd    : authentication not required
04-21 15:38:23.802  1206  2967 I GenericSource: start
04-21 15:38:23.803  1431  1431 I chatty  : uid=1000 system_server expire 11 lines
04-21 15:38:23.810  1206  2974 I OMXClient: IOmx service obtained
04-21 15:38:23.810  1217  2650 I OMXMaster: makeComponentInstance(OMX.google.vorbis.decoder) in android.hardwar process
04-21 15:38:23.813  1217  2650 E OMXNodeInstance: setConfig(0xee740780:google.vorbis.decoder, ConfigPriority(0x6f800002)) ERROR: Undefined(0x80001001)
04-21 15:38:23.813  1206  2974 I ACodec  : codec does not support config priority (err -2147483648)
04-21 15:38:23.814  1206  2974 I MediaCodec: MediaCodec will operate in async mode
04-21 15:38:23.827  2369  2369 I chatty  : uid=1001(radio) com.qualcomm.qcrilmsgtunnel expire 10 lines
04-21 15:38:23.829  2473  2473 I chatty  : uid=1001(radio) com.qualcomm.qti.telephonyservice expire 12 lines
04-21 15:38:23.848   987   987 I chatty  : uid=1041(audioserver) /system/bin/audioserver expire 2 lines
04-21 15:38:23.874   987  1374 I chatty  : uid=1041(audioserver) FastMixer expire 2 lines
04-21 15:38:23.875   871  2982 I chatty  : uid=1041(audioserver) writer expire 86 lines
04-21 15:38:23.891     0     0 I cs35l41 2-0040: cs35l41_codec_set_sysclk: clk_id=0, src=0, freq=1536000
04-21 15:38:23.892     0     0 I cs35l41 2-0040: cs35l41_codec_set_sysclk: 0x2c04 <== 0x370
04-21 15:38:23.894     0     0 I cs35l41 2-0040: cs35l41_codec_set_sysclk: clk_id=0, src=0, freq=3072000
04-21 15:38:23.895     0     0 I cs35l41 2-0040: cs35l41_codec_set_sysclk: 0x2c04 <== 0x430
04-21 15:38:23.898     0     0 I cs35l41 2-0040: DSP1: wm_adsp_cal_ctl_put: DSP1X Protection cd CAL_R:0x24a7
04-21 15:38:23.899     0     0 I cs35l41 2-0040: DSP1: Wrote 4 bytes to 280024c
04-21 15:38:23.899     0     0 I cs35l41 2-0040: DSP1: wm_adsp_cal_ctl_put: DSP1X Protection cd CAL_STATUS:0x1
04-21 15:38:23.899     0     0 I cs35l41 2-0040: DSP1: Wrote 4 bytes to 2800254
04-21 15:38:23.899     0     0 I cs35l41 2-0040: DSP1: wm_adsp_cal_ctl_put: DSP1X Protection cd CAL_CHECKSUM:0x24a8
04-21 15:38:23.900     0     0 I cs35l41 2-0040: DSP1: Wrote 4 bytes to 2800258
04-21 15:38:23.900     0     0 I cs35l41 2-0040: DSP1: Read 4 bytes from 280024c
04-21 15:38:23.900     0     0 I cs35l41 2-0040: DSP1: wm_adsp_cal_ctl_get: DSP1X Protection cd CAL_R:0x24a7
04-21 15:38:23.901     0     0 I cs35l41 2-0040: DSP1: Read 4 bytes from 2800254
04-21 15:38:23.901     0     0 I cs35l41 2-0040: DSP1: wm_adsp_cal_ctl_get: DSP1X Protection cd CAL_STATUS:0x1
04-21 15:38:23.901     0     0 I cs35l41 2-0040: DSP1: Read 4 bytes from 2800258
04-21 15:38:23.901     0     0 I cs35l41 2-0040: DSP1: wm_adsp_cal_ctl_get: DSP1X Protection cd CAL_CHECKSUM:0x24a8
04-21 15:38:23.901     0     0 I cs35l41 2-0040: DSP1: Wrote 4 bytes to 2800258
04-21 15:38:23.902     0     0 I cs35l41 2-0040: DSP1: Wrote 4 bytes to 2800254
04-21 15:38:23.902     0     0 I cs35l41 2-0040: DSP1: Wrote 4 bytes to 280024c
04-21 15:38:23.902     0     0 I cs35l41 2-0040: DSP1: Setting RX rates.
04-21 15:38:23.902     0     0 I cs35l41 2-0040: DSP1: Set rate 0 to 0x0
04-21 15:38:23.903     0     0 I cs35l41 2-0040: DSP1: Set rate 1 to 0x0
04-21 15:38:23.903     0     0 I cs35l41 2-0040: DSP1: Set rate 2 to 0x0
04-21 15:38:23.903     0     0 I cs35l41 2-0040: DSP1: Set rate 3 to 0x0
04-21 15:38:23.904     0     0 I cs35l41 2-0040: DSP1: Set rate 4 to 0x0
04-21 15:38:23.904     0     0 I cs35l41 2-0040: DSP1: Set rate 5 to 0x0
04-21 15:38:23.905     0     0 I cs35l41 2-0040: DSP1: Set rate 6 to 0x0
04-21 15:38:23.905     0     0 I cs35l41 2-0040: DSP1: Set rate 7 to 0x0
04-21 15:38:23.905     0     0 I cs35l41 2-0040: DSP1: Setting TX rates.
04-21 15:38:23.905     0     0 I cs35l41 2-0040: DSP1: Set rate 0 to 0x0
04-21 15:38:23.906     0     0 I cs35l41 2-0040: DSP1: Set rate 1 to 0x0
04-21 15:38:23.906     0     0 I cs35l41 2-0040: DSP1: Set rate 2 to 0x0
04-21 15:38:23.907     0     0 I cs35l41 2-0040: DSP1: Set rate 3 to 0x0
04-21 15:38:23.907     0     0 I cs35l41 2-0040: DSP1: Set rate 4 to 0x0
04-21 15:38:23.907     0     0 I cs35l41 2-0040: DSP1: Set rate 5 to 0x0
04-21 15:38:23.908     0     0 I cs35l41 2-0040: DSP1: Set rate 6 to 0x0
04-21 15:38:23.908     0     0 I cs35l41 2-0040: DSP1: Set rate 7 to 0x0
04-21 15:38:23.940     0     0 I cs35l41 2-0040: DSP1: XM size 0x1000 XM bank size 0x800 YM size 0x800 YM bank size 0x800
04-21 15:38:23.941     0     0 I cs35l41 2-0040: DSP1: Unlocking XM (cfg: 3) and YM (cfg: 1)
04-21 15:38:24.423  1206  2972 D AudioTrack: stop(27): called with 42745 frames delivered
04-21 15:38:24.792  2924  2928 I adbd    : adbd_auth: received a new framework connection
04-21 15:38:24.792  2924  2928 I adbd    : adbd_auth: received new framework fd 19 (current = -1)
04-21 15:38:24.946  2108  2961 I chatty  : uid=1000(system) com.android.systemui expire 2 lines
04-21 15:38:24.947  1206  1206 D NuPlayerDriver: reset(0xecac1af0) at state 6
04-21 15:38:24.960  1206  2967 D NuPlayerDriver: notifyResetComplete(0xecac1af0)
04-21 15:38:24.963   871  2962 I chatty  : uid=1041(audioserver) HwBinder:871_5 expire 15 lines
04-21 15:38:24.964  1206  1206 W AMessage: failed to post message as target looper for handler 0 is gone.
04-21 15:38:24.964   871   914 I chatty  : uid=1041(audioserver) HwBinder:871_1 expire 16 lines
04-21 15:38:24.966   987  1240 I chatty  : uid=1041(audioserver) ApmOutput expire 14 lines
04-21 15:38:24.992  1431  1518 D ColorDisplayService: NightDisplayTintController Animation cancelled: false to matrix: 
04-21 15:38:24.992  1431  1518 D ColorDisplayService:        1.000000 0.000000 0.000000 0.000000 0.000000 1.000000 0.000000 0.000000 0.000000 0.000000 1.000000 0.000000 0.000000 0.000000 0.000000 1.000000 min matrix coefficients: 
04-21 15:38:24.992  1431  1518 D ColorDisplayService:        1.000000 0.000000 0.000000 0.000000 0.000000 1.000000 0.000000 0.000000 0.000000 0.000000 1.000000 0.000000 0.000000 0.000000 0.000000 1.000000 max matrix coefficients: 
04-21 15:38:24.992  1431  1518 D ColorDisplayService:        1.000000 0.000000 0.000000 0.000000 0.000000 1.000000 0.000000 0.000000 0.000000 0.000000 1.000000 0.000000 0.000000 0.000000 0.000000 1.000000
04-21 15:38:26.043  1212  1212 W wificond: Scan is not started. Ignore abort request
04-21 15:38:26.069  2155  2155 I wpa_supplicant: wlan0: Trying to associate with SSID 'UnlocalhostNet5GHz'
04-21 15:38:26.159  1431  1515 I chatty  : uid=1000(system) android.fg expire 13 lines
04-21 15:38:26.162  2155  2155 I wpa_supplicant: wlan0: Associated with c8:b4:22:ac:aa:f4
04-21 15:38:26.162  2155  2155 I wpa_supplicant: wlan0: CTRL-EVENT-SUBNET-STATUS-UPDATE status=0
04-21 15:38:26.163  2155  2155 I wpa_supplicant: wlan0: WPA: RX message 1 of 4-Way Handshake from c8:b4:22:ac:aa:f4 (ver=2)
04-21 15:38:26.164  2155  2155 I wpa_supplicant: wlan0: WPA: Sending EAPOL-Key 2/4
04-21 15:38:26.168  2155  2155 I wpa_supplicant: wlan0: WPA: RX message 3 of 4-Way Handshake from c8:b4:22:ac:aa:f4 (ver=2)
04-21 15:38:26.168  2155  2155 I wpa_supplicant: wlan0: WPA: Sending EAPOL-Key 4/4
04-21 15:38:26.169   909  2044 I WifiHAL : event received NL80211_CMD_VENDOR, vendor_id = 0x1374, subcmd = 0xa5
04-21 15:38:26.172  1244  1244 I cnss-daemon: nl80211 response handler invoked
04-21 15:38:26.172  1244  1244 I cnss-daemon: nl80211_response_handler: cmd 103, vendorID 4980, subcmd 165  received
04-21 15:38:26.179  2155  2155 I wpa_supplicant: wlan0: WPA: Key negotiation completed with c8:b4:22:ac:aa:f4 [PTK=CCMP GTK=CCMP]
04-21 15:38:26.179  2155  2155 I wpa_supplicant: wlan0: CTRL-EVENT-CONNECTED - Connection to c8:b4:22:ac:aa:f4 completed [id=0 id_str=%7B%22configKey%22%3A%22%5C%22UnlocalhostNet5GHz%5C%22WPA_PSK%22%2C%22creatorUid%22%3A%221000%22%7D]
04-21 15:38:26.201  1431  1985 D ConnectivityService: registerNetworkAgent NetworkAgentInfo{ ni{[type: WIFI[], state: UNKNOWN/IDLE, reason: (unspecified), extra: , failover: false, available: true, roaming: false]}  network{100}  nethandle{432902426637}  lp{{LinkAddresses: [ ] DnsAddresses: [ ] Domains: null MTU: 0 Routes: [ ]}}  nc{[ Transports: WIFI Capabilities: NOT_METERED&INTERNET&NOT_RESTRICTED&TRUSTED&NOT_VPN&NOT_ROAMING&FOREGROUND&NOT_CONGESTED&NOT_SUSPENDED LinkUpBandwidth>=433000Kbps LinkDnBandwidth>=433000Kbps OwnerUid: 1000 SSID: "UnlocalhostNet5GHz" RequestorUid: -1 RequestorPackageName: null]}  Score{20}  everValidated{false}  lastValidated{false}  created{false} lingering{false} explicitlySelected{false} acceptUnvalidated{false} everCaptivePortalDetected{false} lastCaptivePortalDetected{false} partialConnectivity{false} acceptPartialConnectivity{false} clat{mBaseIface: null, mIface: null, mState: IDLE} }
04-21 15:38:26.219  1431  2003 I chatty  : uid=1000(system) Binder:1431_3 expire 8 lines
04-21 15:38:26.256  1431  1989 D ConnectivityService: [100 WIFI] EVENT_NETWORK_INFO_CHANGED, going from UNKNOWN to UNKNOWN
04-21 15:38:26.259  1431  1989 D ConnectivityService: NetReassign [no changes]
04-21 15:38:26.274  2213  2989 D ApfFilter: (wlan0): begin monitoring
04-21 15:38:26.313  1431  1989 D ConnectivityService: Adding iface wlan0 to network 100
04-21 15:38:26.314   815   857 E Netd    : no such netId 100
04-21 15:38:26.315  1431  1989 E ConnectivityService: Exception adding interface: java.lang.IllegalStateException: android.os.ServiceSpecificException: Machine is not on the network (code 64)
04-21 15:38:26.317  1320  1320 I MSM-irqbalance: Discovered a new IRQ: 117
04-21 15:38:26.317   815   857 E Netd    : no such netId 100
04-21 15:38:26.318   815   857 E Netd    : no such netId 100
04-21 15:38:26.323  1431  1989 I chatty  : uid=1000(system) ConnectivitySer expire 10 lines
04-21 15:38:26.371  2213  2593 D DhcpClient: l2key: Wef48184c20e8658d lease address: /192.168.1.12 lease expiry: 1619018534650 current time: 1619015906371
04-21 15:38:26.375  2213  2593 D DhcpClient: Broadcasting DHCPREQUEST ciaddr=0.0.0.0 request=192.168.1.12 serverid=null
04-21 15:38:26.395  2213  2593 D DhcpClient: Received packet: 60:ab:67:ea:e5:e6 ACK: your new IP /192.168.1.12, netmask /255.255.255.0, gateways [/192.168.1.1] DNS servers: /62.169.70.160 /212.113.177.241 /192.168.1.1 , lease time 3600
04-21 15:38:26.398  2213  2593 D DhcpClient: Confirmed lease: android.net.networkstack.DhcpResults@a1e97d5 DHCP server /192.168.1.1 Vendor info null lease 3600 seconds Servername 
04-21 15:38:26.408  2034  2034 E wlan    : [2034:D:WMI] 00000000: c0 a8 01 0c 00 00 00 00 00 00
04-21 15:38:26.409   815   857 E Netd    : no such netId 100
04-21 15:38:26.409  1431  1989 E ConnectivityService: Exception in networkAddRouteParcel for non-gateway: android.os.ServiceSpecificException: Machine is not on the network (code 64)
04-21 15:38:26.410   815   857 E Netd    : no such netId 100
04-21 15:38:26.410  1431  1989 E ConnectivityService: Exception in networkAddRouteParcel for gateway: android.os.ServiceSpecificException: Machine is not on the network (code 64)
04-21 15:38:26.410  1431  1989 D ConnectivityService: Setting DNS servers for network 100 to []
04-21 15:38:26.425  2213  2593 D DhcpClient: Scheduling renewal in 1799s
04-21 15:38:26.426  2213  2593 D DhcpClient: Scheduling rebind in 3149s
04-21 15:38:26.426  2213  2593 D DhcpClient: Scheduling expiry in 3599s
04-21 15:38:26.436  1431  1989 D ConnectivityService: Setting DNS servers for network 100 to [/62.169.70.160, /212.113.177.241, /192.168.1.1]
04-21 15:38:26.450  1431  2590 I chatty  : uid=1000(system) Binder:1431_A expire 5 lines
04-21 15:38:26.480  1431  1989 D ConnectivityService: [100 WIFI] EVENT_NETWORK_INFO_CHANGED, going from UNKNOWN to CONNECTED
04-21 15:38:26.484  1431  1989 D DnsManager: sendDnsConfigurationForNetwork(100, [62.169.70.160, 212.113.177.241, 192.168.1.1], [home], 1800, 25, 8, 64, 0, 0, , [])
04-21 15:38:26.489  1431  1989 W DnsManager: updatePrivateDns(100, PrivateDnsConfig{true:/[]})
04-21 15:38:26.489  1431  1989 D ConnectivityService: Setting DNS servers for network 100 to [/62.169.70.160, /212.113.177.241, /192.168.1.1]
04-21 15:38:26.490  1431  1989 D DnsManager: sendDnsConfigurationForNetwork(100, [62.169.70.160, 212.113.177.241, 192.168.1.1], [home], 1800, 25, 8, 64, 0, 0, , [62.169.70.160, 212.113.177.241, 192.168.1.1])
04-21 15:38:26.491   815  2990 W resolv  : Validating DnsTlsServer on netId 100
04-21 15:38:26.492   815  2991 W resolv  : Validating DnsTlsServer on netId 100
04-21 15:38:26.492   815  2992 W resolv  : Validating DnsTlsServer on netId 100
04-21 15:38:26.493  1431  1989 D ConnectivityService: Adding iface wlan0 to network 100
04-21 15:38:26.495   815  2991 W resolv  : Validation failed
04-21 15:38:26.497   815  2990 W resolv  : Validation failed
04-21 15:38:26.498   815  2992 W resolv  : Validation failed
04-21 15:38:26.524  1431  1989 D ConnectivityService: Setting DNS servers for network 100 to [/62.169.70.160, /212.113.177.241, /192.168.1.1]
04-21 15:38:26.525  1431  1989 D DnsManager: sendDnsConfigurationForNetwork(100, [62.169.70.160, 212.113.177.241, 192.168.1.1], [home], 1800, 25, 8, 64, 0, 0, , [62.169.70.160, 212.113.177.241, 192.168.1.1])
04-21 15:38:26.526   815  2993 W resolv  : Validating DnsTlsServer on netId 100
04-21 15:38:26.526   815  2994 W resolv  : Validating DnsTlsServer on netId 100
04-21 15:38:26.527   815  2995 W resolv  : Validating DnsTlsServer on netId 100
04-21 15:38:26.536  1244  1244 E cnss-daemon: neighbor: c8:b4:22:ac:aa:ed
04-21 15:38:26.536  1244  1244 I cnss-daemon: Ready to update GW parameters
04-21 15:38:26.536  1244  1244 E cnss-daemon: gateway mac address: c8:b4:22:ac:aa:ed
04-21 15:38:26.555  1431  1989 D ConnectivityService: NetReassign [1 : null ŌåÆ 100, 16 : null ŌåÆ 100, 15 : null ŌåÆ 100, 10 : null ŌåÆ 100, 13 : null ŌåÆ 100, 11 : null ŌåÆ 100, 22 : null ŌåÆ 100]
04-21 15:38:26.558   815   849 E NetlinkEvent: NetlinkEvent::FindParam(): Parameter 'INTERFACE' not found
04-21 15:38:26.558   815   849 E NetlinkEvent: NetlinkEvent::FindParam(): Parameter 'STATE' not found
04-21 15:38:26.558   815   849 E NetlinkEvent: NetlinkEvent::FindParam(): Parameter 'TIME_NS' not found
04-21 15:38:26.558   815   849 E NetlinkEvent: NetlinkEvent::FindParam(): Parameter 'UID' not found
04-21 15:38:26.565  1431  1989 D ConnectivityService: Switching to new default network: NetworkAgentInfo{ ni{[type: WIFI[], state: CONNECTED/CONNECTED, reason: (unspecified), extra: , failover: false, available: true, roaming: false]}  network{100}  nethandle{432902426637}  lp{{InterfaceName: wlan0 LinkAddresses: [ fe80::6f12:9900:e9c3:2493/64,192.168.1.12/24 ] DnsAddresses: [ /62.169.70.160,/212.113.177.241,/192.168.1.1 ] Domains: home MTU: 0 ServerAddress: /192.168.1.1 TcpBufferSizes: 524288,1048576,2097152,262144,524288,1048576 Routes: [ ff00::/8 -> :: wlan0 mtu 0,fe80::/64 -> :: wlan0 mtu 0,192.168.1.0/24 -> 0.0.0.0 wlan0 mtu 0,0.0.0.0/0 -> 192.168.1.1 wlan0 mtu 0 ]}}  nc{[ Transports: WIFI Capabilities: NOT_METERED&INTERNET&NOT_RESTRICTED&TRUSTED&NOT_VPN&NOT_ROAMING&FOREGROUND&NOT_CONGESTED&NOT_SUSPENDED LinkUpBandwidth>=336000Kbps LinkDnBandwidth>=336000Kbps SignalStrength: -49 OwnerUid: 1000 SSID: "UnlocalhostNet5GHz" RequestorUid: -1 RequestorPackageName: null]}  Score{20}  everValidated{false}  lastValidated{false}  created{true} lingering{false} explicitlySelected{false} acceptUnvalidated{false} everCaptivePortalDetected{false} lastCaptivePortalDetected{false} partialConnectivity{false} acceptPartialConnectivity{false} clat{mBaseIface: null, mIface: null, mState: IDLE} }
04-21 15:38:26.569     0     0 I init    : processing action (sys.sysctl.tcp_def_init_rwnd=*) from (/system/etc/init/hw/init.rc:994)
04-21 15:38:26.574   815  2993 W resolv  : SSL_connect ssl error =5, mark 0xf0064: Connection refused
04-21 15:38:26.575   815  2993 W resolv  : Validation failed
04-21 15:38:26.579  2155  2155 I wpa_supplicant: p2p0: CTRL-EVENT-AVOID-FREQ ranges=
04-21 15:38:26.580   909  2044 I WifiHAL : event received NL80211_CMD_VENDOR, vendor_id = 0x1374, subcmd = 0xa
04-21 15:38:26.580  2155  2155 I wpa_supplicant: p2p0: CTRL-EVENT-REGDOM-CHANGE init=DRIVER type=COUNTRY alpha2=PT
04-21 15:38:26.580  1244  1244 I cnss-daemon: nl80211 response handler invoked
04-21 15:38:26.580  1244  1244 I cnss-daemon: nl80211_response_handler: cmd 103, vendorID 4980, subcmd 10  received
04-21 15:38:26.593  1431  2205 I chatty  : uid=1000(system) NetworkTimeUpda expire 2 lines
04-21 15:38:26.599  1431  1989 D ConnectivityService: Sending CONNECTED broadcast for type 1 [100 WIFI] isDefaultNetwork=true
04-21 15:38:26.602  2213  2997 D NetworkMonitor/100: PROBE_DNS www.google.com 36ms OK 142.250.200.100
04-21 15:38:26.611  2213  2998 D NetworkMonitor/100: PROBE_DNS connectivitycheck.gstatic.com 44ms OK 216.58.212.99
04-21 15:38:26.611  2213  2997 W UnsafeUtil: platform method missing - proto runtime falling back to safer methods: java.lang.NoSuchMethodException: sun.misc.Unsafe.copyMemory [class java.lang.Object, long, class java.lang.Object, long, long]
04-21 15:38:26.620  1431  1431 I SyncManager: Loaded persisted syncs: 0 periodic syncs, 0 oneshot syncs, 15 total system server jobs, JobStats: FirstLoad: 6/4/0 LastSave: -1/-1/-1
04-21 15:38:26.749  2213  2998 D NetworkMonitor/100: PROBE_HTTP http://connectivitycheck.gstatic.com/generate_204 time=131ms ret=204 request={Connection=[close], User-Agent=[Mozilla/5.0 (X11; Linux x86_64) AppleWebKit/537.36 (KHTML, like Gecko) Chrome/60.0.3112.32 Safari/537.36]} headers={null=[HTTP/1.1 204 No Content], Connection=[close], Content-Length=[0], Date=[Wed, 21 Apr 2021 14:38:27 GMT], X-Android-Received-Millis=[1619015906747], X-Android-Response-Source=[NETWORK 204], X-Android-Selected-Protocol=[http/1.1], X-Android-Sent-Millis=[1619015906695]}
04-21 15:38:26.851  2213  2997 D NetworkMonitor/100: PROBE_HTTPS https://www.google.com/generate_204 time=230ms ret=204 request={Connection=[close], User-Agent=[Mozilla/5.0 (X11; Linux x86_64) AppleWebKit/537.36 (KHTML, like Gecko) Chrome/60.0.3112.32 Safari/537.36]} headers={null=[HTTP/1.1 204 No Content], Alt-Svc=[h3-29=":443"; ma=2592000,h3-T051=":443"; ma=2592000,h3-Q050=":443"; ma=2592000,h3-Q046=":443"; ma=2592000,h3-Q043=":443"; ma=2592000,quic=":443"; ma=2592000; v="46,43"], Connection=[close], Content-Length=[0], Date=[Wed, 21 Apr 2021 14:38:27 GMT], X-Android-Received-Millis=[1619015906849], X-Android-Response-Source=[NETWORK 204], X-Android-Selected-Protocol=[http/1.1], X-Android-Sent-Millis=[1619015906781]}
04-21 15:38:26.856  2213  2996 D NetworkMonitor/100: isCaptivePortal: isSuccessful()=true isPortal()=false RedirectUrl=null isPartialConnectivity()=false Time=296ms
04-21 15:38:26.872  1431  1989 D ConnectivityService: [100 WIFI] validation passed
04-21 15:38:26.873  1431  1989 D ConnectivityService: NetReassign [no changes]
04-21 15:38:26.884  1431  1989 D ConnectivityService: Setting DNS servers for network 100 to [/62.169.70.160, /212.113.177.241, /192.168.1.1]
04-21 15:38:26.885  1431  1989 D DnsManager: sendDnsConfigurationForNetwork(100, [62.169.70.160, 212.113.177.241, 192.168.1.1], [home], 1800, 25, 8, 64, 0, 0, , [62.169.70.160, 212.113.177.241, 192.168.1.1])
04-21 15:38:26.886   815  3007 W resolv  : Validating DnsTlsServer on netId 100
04-21 15:38:26.897   815  3007 W resolv  : SSL_connect ssl error =5, mark 0xf0064: Connection refused
04-21 15:38:26.897   815  3007 W resolv  : Validation failed
04-21 15:38:26.922  1431  2316 I chatty  : uid=1000(system) Binder:1431_6 expire 6 lines
04-21 15:38:26.925  2108  2264 I chatty  : uid=1000(system) SysUiBg expire 11 lines
04-21 15:38:27.866     0     0 I QCOM-BATT: handle_main_charge_type: taper entry scheduling work
04-21 15:38:27.866     0     0 I PL_AWAKE: current vote is now 1 voted by TAPER_END_VOTER,1,previous voted 0
04-21 15:38:27.866     0     0 I QCOM-BATT: get_settled_split: Split total_current_ua=500000 total_settled_ua=0 main_settled_ua=0 slave_ua=0
04-21 15:38:27.876     0     0 W healthd : battery l=100 v=4390 t=28.0 h=2 st=2 c=-300292 fc=3007000 cc=0 chg=u
04-21 15:38:27.880     0     0 I smblib_set_icl_current: set icl 500000
04-21 15:38:27.882     0     0 I QCOM-BATT: pl_disable_vote_callback: parallel charging disabled
04-21 15:38:27.882     0     0 I QCOM-BATT: handle_settled_icl_change: total_settled_ua=0 settled_ua=0 new_total_settled_ua=500000
04-21 15:38:27.882     0     0 I FG      : fg_cycle_counter_update: batt_soc: 245 bucket: 7 chg_status: 1
04-21 15:38:27.882     0     0 I FG      : status_change_work: charge_status:1 charge_type:4 charge_done:0
04-21 15:38:27.882     0     0 I QCOM-BATT: pl_taper_work: terminating: parallel disabled
04-21 15:38:27.882     0     0 I PL_AWAKE: current vote is now 0 voted by TAPER_END_VOTER,1,previous voted 1
04-21 15:38:27.884     0     0 I QCOM-BATT: handle_main_charge_type: chg_state enabling parallel
04-21 15:38:27.884     0     0 I QCOM-BATT: get_settled_split: Split total_current_ua=500000 total_settled_ua=0 main_settled_ua=0 slave_ua=0
04-21 15:38:27.885     0     0 I smblib_set_icl_current: set icl 500000
04-21 15:38:27.886     0     0 I QCOM-BATT: pl_disable_vote_callback: parallel charging disabled
04-21 15:38:27.886     0     0 I QCOM-BATT: handle_settled_icl_change: total_settled_ua=0 settled_ua=1 new_total_settled_ua=500000
04-21 15:38:27.887     0     0 W healthd : battery l=100 v=4390 t=28.0 h=2 st=2 c=-300292 fc=3007000 cc=0 chg=u
04-21 15:38:28.114     0     0 I AidlLazyServiceRegistrar: Trying to shut down the service. No clients in use for any service in process.
04-21 15:38:28.116   588   588 I BpBinder: onLastStrongRef automatically unlinking death recipients: <uncached descriptor>
04-21 15:38:28.116     0     0 I AidlLazyServiceRegistrar: Unregistered all clients and exiting
04-21 15:38:28.123     0     0 I init    : Service 'apexd' (pid 686) exited with status 0 oneshot service took 30.240999 seconds in background
04-21 15:38:28.123     0     0 I init    : Sending signal 9 to service 'apexd' (pid 686) process group...
04-21 15:38:28.123     0     0 I libprocessgroup: Successfully killed process cgroup uid 0 pid 686 in 0ms
04-21 15:38:30.714  1431  1586 V DisplayPowerController: Brightness [0.04] reason changing to: 'automatic [ dim ]', previous reason: 'automatic'.
04-21 15:38:30.979  2486  2638 I chatty  : uid=1001(radio) HwBinder:2486_1 expire 34 lines
04-21 15:38:31.259     0     0 I QCOM-BATT: handle_main_charge_type: chg_state enabling parallel
04-21 15:38:31.259     0     0 I QCOM-BATT: get_settled_split: Split total_current_ua=500000 total_settled_ua=0 main_settled_ua=0 slave_ua=0
04-21 15:38:31.263     0     0 W healthd : battery l=100 v=4394 t=28.0 h=2 st=2 c=-301269 fc=3007000 cc=0 chg=u
04-21 15:38:31.265     0     0 I smblib_set_icl_current: set icl 500000
04-21 15:38:31.265     0     0 I FG      : fg_cycle_counter_update: batt_soc: 245 bucket: 7 chg_status: 1
04-21 15:38:31.265     0     0 I FG      : status_change_work: charge_status:1 charge_type:3 charge_done:0
04-21 15:38:31.266     0     0 I QCOM-BATT: pl_disable_vote_callback: parallel charging disabled
04-21 15:38:31.266     0     0 I QCOM-BATT: handle_settled_icl_change: total_settled_ua=0 settled_ua=1 new_total_settled_ua=500000
04-21 15:38:31.276  2108  2149 I chatty  : uid=1000(system) Binder:2108_2 expire 8 lines
04-21 15:38:31.276  2108  2144 I chatty  : uid=1000(system) Binder:2108_1 expire 10 lines
04-21 15:38:31.276  2486  2767 I chatty  : uid=1001(radio) Binder:2486_A expire 10 lines
04-21 15:38:31.277  2486  2766 I chatty  : uid=1001(radio) Binder:2486_9 expire 16 lines
04-21 15:38:31.277  2486  2772 I chatty  : uid=1001(radio) Binder:2486_B expire 9 lines
04-21 15:38:31.277  2486  2721 I chatty  : uid=1001(radio) Binder:2486_6 expire 11 lines
04-21 15:38:31.277  2486  2727 I chatty  : uid=1001(radio) Binder:2486_8 expire 11 lines
04-21 15:38:31.277  2486  2726 I chatty  : uid=1001(radio) Binder:2486_7 expire 10 lines
04-21 15:38:31.277  2486  2516 I chatty  : uid=1001(radio) Binder:2486_1 expire 7 lines
04-21 15:38:31.278  2486  2788 I chatty  : uid=1001(radio) Binder:2486_E expire 8 lines
04-21 15:38:31.292  2739  2739 D CellBroadcastReceiver: onReceive Intent { act=android.intent.action.SERVICE_STATE flg=0x1000010 cmp=com.android.cellbroadcastreceiver.module/com.android.cellbroadcastreceiver.CellBroadcastReceiver (has extras) }
04-21 15:38:31.322  2799  2799 I Dialer  : LegacyVoicemailNotificationReceiver.onReceive - received legacy voicemail notification
04-21 15:38:31.322  2799  2799 I Dialer  : LegacyVoicemailNotificationReceiver.onReceive - isRefresh: true
04-21 15:38:31.322  2799  2799 I Dialer  : LegacyVoicemailNotificationReceiver.onReceive - clearing notification
04-21 15:38:31.322  2799  2799 I Dialer  : LegacyVoicemailNotifier.cancelNotification - enter
04-21 15:38:31.326  2799  2799 I Dialer  : LegacyVoicemailNotificationReceiver.onReceive - received legacy voicemail notification
04-21 15:38:31.326  2799  2799 I Dialer  : LegacyVoicemailNotificationReceiver.onReceive - isRefresh: true
04-21 15:38:31.326  2799  2799 I Dialer  : LegacyVoicemailNotificationReceiver.onReceive - clearing notification
04-21 15:38:31.326  2799  2799 I Dialer  : LegacyVoicemailNotifier.cancelNotification - enter
04-21 15:38:31.356  1431  2069 I Telecom : PhoneAccountRegistrar: Modify account: [ComponentInfo{com.android.phone/com.android.services.telephony.TelephonyConnectionService}, ***, UserHandle{0}]: TSI.rPA@ALg
04-21 15:38:31.361  1431  2069 I Telecom : CallsManager: handlePhoneAccountChanged: phoneAccount=[[X] PhoneAccount: ComponentInfo{com.android.phone/com.android.services.telephony.TelephonyConnectionService}, ***, UserHandle{0} Capabilities: SuppVideo CallProvider MultiUser PlaceEmerg SimSub  Audio Routes: BESW Schemes: tel voicemail  Extras: Bundle[{android.telecom.extra.SUPPORTS_VIDEO_CALLING_FALLBACK=true, android.telecom.extra.SORT_ORDER=0}] GroupId: ***]: TSI.rPA@ALg
